===== LOAD V1303 PHYSICS RUNTIME =====
OK  app-01.js
OK  app-02.js
OK  app-03.js
OK  app-04.js
OK  app-05.js
OK  app-06.js
OK  app-07.js
OK  app-pile-arc.js
OK  app-clear-gap-collapse.js
OK  app-floor-gap-invariant.js
OK  app-clear-vacancy-priority.js
OK  app-release-parity-settle.js
OK  app-08.js
OK  app-09.js
OK  app-10.js
OK  app-14.js
OK  app-17.js
OK  app-garbage-normal-physics.js
OK  app-garbage-presentation.js
OK  app-garbage-zero-rigidity.js
OK  app-garbage-deep-settle.js
OK  app-garbage-simultaneous-motion.js
OK  app-garbage-render-overlap-guard.js
OK  app-runtime-performance.js
OK  app-physics-safety-invariants.js
OK  app-mass-motion-safety.js
OK  app-gravity-priority-v1.js
OK  app-garbage-performance-v1.js
OK  app-post-clear-two-stage-v1.js
OK  app-garbage-continuous-v1.js
OK  app-contact-separation-v1.js
OK  app-floor-bridge-collapse-v1.js
OK  app-lattice-finalize-v2.js
OK  app-coherent-collapse-v1.js
OK  app-wall-boundary-authoritative-v1.js
OK  app-slope-upconvex-authoritative-v3.js
OK  app-intentional-hexagon-stability-v1.js
OK  app-rigidity-resolver-authoritative-v3.js
OK  app-collapse-vertical-merge-v1.js
OK  app-pile-motion-authority-v2.js
OK  app-runtime-performance-v3.js
OK  app-runtime-performance-v4.js
OK  app-rigidity-final-authority-v1.js
OK  app-reference-upconvex-authority-v1.js
OK  app-reference-first-contact-sweep-v3.js
OK  app-reference-inverted-flat-split-v1.js
OK  app-rigidity-nintendo-authority-v1.js
OK  app-rigidity-release-bounce-authority-v1.js
OK  app-motion-smoothness-authority-v1.js
OK  app-no-upward-bounce-split-authority-v1.js
OK  app-even-row-split-continuity-v1.js
OK  app-split-visual-smoothness-v1.js

===== FINAL FUNCTION CHECK =====
hexPhysPlanGroup function
hexPhysNaturalMotion function
hexPhysResolveEvent function
hexPhysApplyEvent function
settlePass function

===== VERSION MARKERS =====
rigidityResolver: true
gravityPriority: gravity-priority-v6-ai-fastpath

===== CANONICAL SMOKE CASES =====
{
  "freeFall": [
    {
      "id": 100,
      "dx": 0,
      "dy": 2,
      "kind": "GROUP_TRANSLATE",
      "bundleId": 500,
      "groupSize": 3
    },
    {
      "id": 101,
      "dx": 0,
      "dy": 2,
      "kind": "GROUP_TRANSLATE",
      "bundleId": 500,
      "groupSize": 3
    },
    {
      "id": 102,
      "dx": 0,
      "dy": 2,
      "kind": "GROUP_TRANSLATE",
      "bundleId": 500,
      "groupSize": 3
    }
  ],
  "slope": [
    {
      "id": 110,
      "dx": -1,
      "dy": 1,
      "kind": "GROUP_SLOPE_TRANSLATE",
      "bundleId": 501,
      "groupSize": 3
    },
    {
      "id": 111,
      "dx": -1,
      "dy": 1,
      "kind": "GROUP_SLOPE_TRANSLATE",
      "bundleId": 501,
      "groupSize": 3
    },
    {
      "id": 112,
      "dx": -1,
      "dy": 1,
      "kind": "GROUP_SLOPE_TRANSLATE",
      "bundleId": 501,
      "groupSize": 3
    }
  ],
  "upConvex": []
}

=======================================
 SUCCESS: V1303 FINAL PLANNER LOADED 
=======================================
NO_UPWARD_BOUNCE_SPLIT_CONTINUITY {"flags":{"loaded":true,"upward":true,"integrator":true,"horizontalOnly":true,"evenUpLanding":true,"split":true,"noPause":true,"horizontal":true,"legacy":true},"completion":{"upward":0,"y":9.42,"core":true},"contact":{"before":[7,8.22],"after":[6.526636161703429,8.22],"support":[8,9],"distance":0.9995,"diag":{"upwardPrevented":1,"splitRestored":0,"horizontalRepairs":1,"at":1790871003972}},"split":{"choice":{"reason":"reference-first-contact","contactSoloId":6,"pairIds":[5,7],"source":"nintendo-final-rigidity"},"soloId":6,"pairIds":[5,7],"releaseSpeeds":[{"vy":3.788971974109861,"speed":3.788971974109861,"neutral":true},{"vy":3.788971974109861,"speed":3.788971974109861,"neutral":true},{"vy":3.788971974109861,"speed":3.788971974109861,"neutral":true}],"normalPostContactVelocity":3.788971974109861,"impactVelocityAdded":false,"initial":{"5":[6.6,7.898484680087773],"6":[7.6,8.898484680087773],"7":[5.6,8.898484680087773]},"upward":0,"maxPairError":0,"firstTickSolo":0.2527126359188374,"firstTickPair":0.5484405225410907,"soloIdleTicks":0,"maxSoloIdleRun":0,"soloReachedFinal":true,"finalPair":[[6,9],[5,10]],"finalSolo":[10,11],"activeSegs":[{"id":5,"kind":null},{"id":7,"kind":null},{"id":6,"kind":null}],"samples":[{"t":0.26666666666666666,"solo":[10,11],"pair":[[6,9],[5,10]]}]}}
no upward bounce + zero-gap split continuity PASS
