===== LOAD V1303 PHYSICS RUNTIME =====
OK  app-01.js
OK  app-02.js
OK  app-03.js
OK  app-04.js
OK  app-05.js
OK  app-06.js
OK  app-07.js
OK  app-pile-arc.js
OK  app-clear-gap-collapse.js
OK  app-floor-gap-invariant.js
OK  app-clear-vacancy-priority.js
OK  app-release-parity-settle.js
OK  app-08.js
OK  app-09.js
OK  app-10.js
OK  app-14.js
OK  app-17.js
OK  app-garbage-normal-physics.js
OK  app-garbage-presentation.js
OK  app-garbage-zero-rigidity.js
OK  app-garbage-deep-settle.js
OK  app-garbage-simultaneous-motion.js
OK  app-garbage-render-overlap-guard.js
OK  app-runtime-performance.js
OK  app-physics-safety-invariants.js
OK  app-mass-motion-safety.js
OK  app-gravity-priority-v1.js
OK  app-garbage-performance-v1.js
OK  app-post-clear-two-stage-v1.js
OK  app-garbage-continuous-v1.js
OK  app-contact-separation-v1.js
OK  app-floor-bridge-collapse-v1.js
OK  app-lattice-finalize-v2.js
OK  app-coherent-collapse-v1.js
OK  app-wall-boundary-authoritative-v1.js
OK  app-slope-upconvex-authoritative-v3.js
OK  app-intentional-hexagon-stability-v1.js
OK  app-rigidity-resolver-authoritative-v3.js
OK  app-collapse-vertical-merge-v1.js
OK  app-pile-motion-authority-v2.js
OK  app-runtime-performance-v3.js
OK  app-runtime-performance-v4.js
OK  app-rigidity-final-authority-v1.js
OK  app-reference-upconvex-authority-v1.js
OK  app-reference-first-contact-sweep-v3.js
OK  app-reference-inverted-flat-split-v1.js
OK  app-rigidity-nintendo-authority-v1.js
OK  app-rigidity-release-bounce-authority-v1.js
OK  app-motion-smoothness-authority-v1.js
OK  app-no-upward-bounce-split-authority-v1.js
OK  app-even-row-split-continuity-v1.js
OK  app-split-visual-smoothness-v1.js

===== FINAL FUNCTION CHECK =====
hexPhysPlanGroup function
hexPhysNaturalMotion function
hexPhysResolveEvent function
hexPhysApplyEvent function
settlePass function

===== VERSION MARKERS =====
rigidityResolver: true
gravityPriority: gravity-priority-v6-ai-fastpath

===== CANONICAL SMOKE CASES =====
{
  "freeFall": [
    {
      "id": 100,
      "dx": 0,
      "dy": 2,
      "kind": "GROUP_TRANSLATE",
      "bundleId": 500,
      "groupSize": 3
    },
    {
      "id": 101,
      "dx": 0,
      "dy": 2,
      "kind": "GROUP_TRANSLATE",
      "bundleId": 500,
      "groupSize": 3
    },
    {
      "id": 102,
      "dx": 0,
      "dy": 2,
      "kind": "GROUP_TRANSLATE",
      "bundleId": 500,
      "groupSize": 3
    }
  ],
  "slope": [
    {
      "id": 110,
      "dx": -1,
      "dy": 1,
      "kind": "GROUP_SLOPE_TRANSLATE",
      "bundleId": 501,
      "groupSize": 3
    },
    {
      "id": 111,
      "dx": -1,
      "dy": 1,
      "kind": "GROUP_SLOPE_TRANSLATE",
      "bundleId": 501,
      "groupSize": 3
    },
    {
      "id": 112,
      "dx": -1,
      "dy": 1,
      "kind": "GROUP_SLOPE_TRANSLATE",
      "bundleId": 501,
      "groupSize": 3
    }
  ],
  "upConvex": []
}

=======================================
 SUCCESS: V1303 FINAL PLANNER LOADED 
=======================================
RENDERED_PAIR_DIAGNOSTIC {"pairIds":[4,6],"soloId":5,"pairDuration":0.13324444444444444,"soloDuration":0.16655555555555557,"batchDuration":0.16655555555555557,"maxPairDistanceError":9.992007221626409e-16,"minPairDistance":0.999999999999999,"maxPairDistance":1.0000000000000009,"maxCommonBowMismatch":8.881784197001252e-16,"startErr":0,"endErr":0,"samples":[{"t":0,"p0":[4.6,7.898484680087773],"p1":[3.6,8.898484680087773],"d":0.9999999999999999},{"t":0.25,"p0":[4.2749999999999995,8.242708217560343],"p1":[3.2750000000000004,9.242708217560343],"d":0.9999999999999997},{"t":0.5,"p0":[4.074999999999999,8.586931755032914],"p1":[3.075,9.586931755032914],"d":0.9999999999999997},{"t":0.75,"p0":[4,8.931155292505487],"p1":[3.0000000000000004,9.931155292505487],"d":0.9999999999999999},{"t":1,"p0":[4,9],"p1":[3,10],"d":1}],"snapshot":[{"id":4,"x":4,"y":9,"rigid":true,"size":2,"role":0,"path":[{"kind":"REFERENCE_FIRST_CONTACT_PAIR","from":[4.6,7.898484680087773],"to":[4,9],"seq":1,"size":2,"bundle":1}]},{"id":6,"x":3,"y":10,"rigid":true,"size":2,"role":2,"path":[{"kind":"REFERENCE_FIRST_CONTACT_PAIR","from":[3.6,8.898484680087773],"to":[3,10],"seq":1,"size":2,"bundle":1}]},{"id":1,"x":5,"y":10,"rigid":false,"size":0,"role":-1,"path":[]},{"id":5,"x":7,"y":10,"rigid":false,"size":0,"role":-1,"path":[{"kind":"REFERENCE_FIRST_CONTACT_SOLO","from":[5.6,8.898484680087773],"to":[7,10],"seq":1,"size":0,"bundle":0}]},{"id":2,"x":4,"y":11,"rigid":false,"size":0,"role":-1,"path":[]},{"id":3,"x":6,"y":11,"rigid":false,"size":0,"role":-1,"path":[]}],"choice":{"reason":"reference-first-contact","pairIds":[4,6],"soloId":5,"contactCount":1,"at":1790871000050},"signed":{"releaseFrac":-0.10151531991222736,"splitOffset":-0.3999999999999999,"immediateMoved":true,"at":1790871000051},"sweep":{"ballId":6,"from":[3.6,8.898484680087773],"to":[3,10],"minDistance":1,"minT":1,"closestId":1,"closestCell":[5,10],"threshold":0.9995,"tangentBulge":0.16,"samples":96,"hit":false,"at":1790871000051}}
2026-08-26 rendered Nintendo pair rigidity PASS {"pairIds":[4,6],"soloId":5,"pairDuration":0.13324444444444444,"soloDuration":0.16655555555555557,"batchDuration":0.16655555555555557,"maxPairDistanceError":9.992007221626409e-16,"minPairDistance":0.999999999999999,"maxPairDistance":1.0000000000000009,"maxCommonBowMismatch":8.881784197001252e-16,"startErr":0,"endErr":0,"samples":[{"t":0,"p0":[4.6,7.898484680087773],"p1":[3.6,8.898484680087773],"d":0.9999999999999999},{"t":0.25,"p0":[4.2749999999999995,8.242708217560343],"p1":[3.2750000000000004,9.242708217560343],"d":0.9999999999999997},{"t":0.5,"p0":[4.074999999999999,8.586931755032914],"p1":[3.075,9.586931755032914],"d":0.9999999999999997},{"t":0.75,"p0":[4,8.931155292505487],"p1":[3.0000000000000004,9.931155292505487],"d":0.9999999999999999},{"t":1,"p0":[4,9],"p1":[3,10],"d":1}],"snapshot":[{"id":4,"x":4,"y":9,"rigid":true,"size":2,"role":0,"path":[{"kind":"REFERENCE_FIRST_CONTACT_PAIR","from":[4.6,7.898484680087773],"to":[4,9],"seq":1,"size":2,"bundle":1}]},{"id":6,"x":3,"y":10,"rigid":true,"size":2,"role":2,"path":[{"kind":"REFERENCE_FIRST_CONTACT_PAIR","from":[3.6,8.898484680087773],"to":[3,10],"seq":1,"size":2,"bundle":1}]},{"id":1,"x":5,"y":10,"rigid":false,"size":0,"role":-1,"path":[]},{"id":5,"x":7,"y":10,"rigid":false,"size":0,"role":-1,"path":[{"kind":"REFERENCE_FIRST_CONTACT_SOLO","from":[5.6,8.898484680087773],"to":[7,10],"seq":1,"size":0,"bundle":0}]},{"id":2,"x":4,"y":11,"rigid":false,"size":0,"role":-1,"path":[]},{"id":3,"x":6,"y":11,"rigid":false,"size":0,"role":-1,"path":[]}],"choice":{"reason":"reference-first-contact","pairIds":[4,6],"soloId":5,"contactCount":1,"at":1790871000050},"signed":{"releaseFrac":-0.10151531991222736,"splitOffset":-0.3999999999999999,"immediateMoved":true,"at":1790871000051},"sweep":{"ballId":6,"from":[3.6,8.898484680087773],"to":[3,10],"minDistance":1,"minT":1,"closestId":1,"closestCell":[5,10],"threshold":0.9995,"tangentBulge":0.16,"samples":96,"hit":false,"at":1790871000051}}
