===== LOAD V1303 PHYSICS RUNTIME =====
OK  app-01.js
OK  app-02.js
OK  app-03.js
OK  app-04.js
OK  app-05.js
OK  app-06.js
OK  app-07.js
OK  app-pile-arc.js
OK  app-clear-gap-collapse.js
OK  app-floor-gap-invariant.js
OK  app-clear-vacancy-priority.js
OK  app-release-parity-settle.js
OK  app-08.js
OK  app-09.js
OK  app-10.js
OK  app-14.js
OK  app-17.js
OK  app-garbage-normal-physics.js
OK  app-garbage-presentation.js
OK  app-garbage-zero-rigidity.js
OK  app-garbage-deep-settle.js
OK  app-garbage-simultaneous-motion.js
OK  app-garbage-render-overlap-guard.js
OK  app-runtime-performance.js
OK  app-physics-safety-invariants.js
OK  app-mass-motion-safety.js
OK  app-gravity-priority-v1.js
OK  app-garbage-performance-v1.js
OK  app-post-clear-two-stage-v1.js
OK  app-garbage-continuous-v1.js
OK  app-contact-separation-v1.js
OK  app-floor-bridge-collapse-v1.js
OK  app-lattice-finalize-v2.js
OK  app-coherent-collapse-v1.js
OK  app-wall-boundary-authoritative-v1.js
OK  app-slope-upconvex-authoritative-v3.js
OK  app-intentional-hexagon-stability-v1.js
OK  app-rigidity-resolver-authoritative-v3.js
OK  app-collapse-vertical-merge-v1.js
OK  app-pile-motion-authority-v2.js
OK  app-runtime-performance-v3.js
OK  app-runtime-performance-v4.js
OK  app-rigidity-final-authority-v1.js
OK  app-reference-upconvex-authority-v1.js
OK  app-reference-first-contact-sweep-v3.js
OK  app-reference-inverted-flat-split-v1.js
OK  app-rigidity-nintendo-authority-v1.js
OK  app-rigidity-release-bounce-authority-v1.js
OK  app-motion-smoothness-authority-v1.js
OK  app-no-upward-bounce-split-authority-v1.js
OK  app-even-row-split-continuity-v1.js
OK  app-split-visual-smoothness-v1.js

===== FINAL FUNCTION CHECK =====
hexPhysPlanGroup function
hexPhysNaturalMotion function
hexPhysResolveEvent function
hexPhysApplyEvent function
settlePass function

===== VERSION MARKERS =====
rigidityResolver: true
gravityPriority: gravity-priority-v6-ai-fastpath

===== CANONICAL SMOKE CASES =====
{
  "freeFall": [
    {
      "id": 100,
      "dx": 0,
      "dy": 2,
      "kind": "GROUP_TRANSLATE",
      "bundleId": 500,
      "groupSize": 3
    },
    {
      "id": 101,
      "dx": 0,
      "dy": 2,
      "kind": "GROUP_TRANSLATE",
      "bundleId": 500,
      "groupSize": 3
    },
    {
      "id": 102,
      "dx": 0,
      "dy": 2,
      "kind": "GROUP_TRANSLATE",
      "bundleId": 500,
      "groupSize": 3
    }
  ],
  "slope": [
    {
      "id": 110,
      "dx": -1,
      "dy": 1,
      "kind": "GROUP_SLOPE_TRANSLATE",
      "bundleId": 501,
      "groupSize": 3
    },
    {
      "id": 111,
      "dx": -1,
      "dy": 1,
      "kind": "GROUP_SLOPE_TRANSLATE",
      "bundleId": 501,
      "groupSize": 3
    },
    {
      "id": 112,
      "dx": -1,
      "dy": 1,
      "kind": "GROUP_SLOPE_TRANSLATE",
      "bundleId": 501,
      "groupSize": 3
    }
  ],
  "upConvex": []
}

=======================================
 SUCCESS: V1303 FINAL PLANNER LOADED
=======================================
NINTENDO_F126_F134_EXACT_BOARD {"soloId":6,"pairIds":[5,7],"choice":{"reason":"reference-first-contact","pairIds":[5,7],"soloId":6,"contactCount":1,"at":1790871000111},"dt":0.004166666666666667,"firstMoveT":0.004166666666666667,"lastMoveT":0.26666666666666666,"totalDistance":2.313166861088194,"pairArrivalT":0.13333333333333333,"soloFirstArrivalT":0.16666666666666666,"soloFinalArrivalT":0.26666666666666666,"maxPairDriftAfterArrival":0,"pairTarget":[[6,9],[5,10]],"soloFirstTarget":[9,10],"soloFinalTarget":[10,11],"finalPair":[[6,9],[5,10]],"finalPairLogical":[[6,9],[5,10]],"finalPos":[10,11],"logicalFinal":[10,11],"frames":[{"t":0,"p":[7.6,8.898484680087773],"pair":[[6.6,7.898484680087773],[5.6,8.898484680087773]],"state":"RESOLVING","phase":"SETTLE","path":{"kind":"REFERENCE_FIRST_CONTACT_SOLO","seq":1,"from":[7.6,8.898484680087773],"to":[9,10],"referenceContinuation":false}},{"t":0.016666666666666666,"p":[7.836263475415477,8.951084464841578],"pair":[[6.45490994441035,8.036265949256247],[5.45490994441035,9.036265949256247]],"state":"RESOLVING","phase":"SETTLE","path":{"kind":"REFERENCE_FIRST_CONTACT_SOLO","seq":1,"from":[7.6,8.898484680087773],"to":[9,10],"referenceContinuation":false}},{"t":0.03333333333333333,"p":[8.059121539934878,9.020498500315938],"pair":[[6.329846582177756,8.17404721842472],[5.329846582177756,9.17404721842472]],"state":"RESOLVING","phase":"SETTLE","path":{"kind":"REFERENCE_FIRST_CONTACT_SOLO","seq":1,"from":[7.6,8.898484680087773],"to":[9,10],"referenceContinuation":false}},{"t":0.05,"p":[8.265001750166597,9.105614070608693],"pair":[[6.224809913302218,8.311828487593194],[5.224809913302218,9.311828487593194]],"state":"RESOLVING","phase":"SETTLE","path":{"kind":"REFERENCE_FIRST_CONTACT_SOLO","seq":1,"from":[7.6,8.898484680087773],"to":[9,10],"referenceContinuation":false}},{"t":0.06666666666666667,"p":[8.450603819903403,9.205066762198303],"pair":[[6.139799937783739,8.449609756761669],[5.139799937783739,9.449609756761669]],"state":"RESOLVING","phase":"SETTLE","path":{"kind":"REFERENCE_FIRST_CONTACT_SOLO","seq":1,"from":[7.6,8.898484680087773],"to":[9,10],"referenceContinuation":false}},{"t":0.08333333333333333,"p":[8.612952524134123,9.317262335667799],"pair":[[6.074816655622317,8.587391025930144],[5.074816655622317,9.587391025930144]],"state":"RESOLVING","phase":"SETTLE","path":{"kind":"REFERENCE_FIRST_CONTACT_SOLO","seq":1,"from":[7.6,8.898484680087773],"to":[9,10],"referenceContinuation":false}},{"t":0.1,"p":[8.749445392282631,9.44040228156735],"pair":[[6.02986006681795,8.725172295098616],[5.02986006681795,9.725172295098616]],"state":"RESOLVING","phase":"SETTLE","path":{"kind":"REFERENCE_FIRST_CONTACT_SOLO","seq":1,"from":[7.6,8.898484680087773],"to":[9,10],"referenceContinuation":false}},{"t":0.11666666666666667,"p":[8.857894426145362,9.572512650751705],"pair":[[6.00493017137064,8.862953564267091],[5.00493017137064,9.862953564267091]],"state":"RESOLVING","phase":"SETTLE","path":{"kind":"REFERENCE_FIRST_CONTACT_SOLO","seq":1,"from":[7.6,8.898484680087773],"to":[9,10],"referenceContinuation":false}},{"t":0.13333333333333333,"p":[8.936561173783485,9.711475697038454],"pair":[[6,9],[5,10]],"state":"RESOLVING","phase":"SETTLE","path":{"kind":"REFERENCE_FIRST_CONTACT_SOLO","seq":1,"from":[7.6,8.898484680087773],"to":[9,10],"referenceContinuation":false}},{"t":0.15,"p":[8.984184597130708,9.85506382495128],"pair":[[6,9],[5,10]],"state":"RESOLVING","phase":"SETTLE","path":{"kind":"REFERENCE_FIRST_CONTACT_SOLO","seq":1,"from":[7.6,8.898484680087773],"to":[9,10],"referenceContinuation":false}},{"t":0.16666666666666666,"p":[9,10],"pair":[[6,9],[5,10]],"state":"RESOLVING","phase":"SETTLE","path":{"kind":"ROLL_RIGHT","seq":2,"from":[9,10],"to":[10,11],"referenceContinuation":true}},{"t":0.18333333333333332,"p":[9.285753596219008,10.1155344947729],"pair":[[6,9],[5,10]],"state":"RESOLVING","phase":"SETTLE","path":{"kind":"ROLL_RIGHT","seq":2,"from":[9,10],"to":[10,11],"referenceContinuation":true}},{"t":0.2,"p":[9.532388211211165,10.257978803056353],"pair":[[6,9],[5,10]],"state":"RESOLVING","phase":"SETTLE","path":{"kind":"ROLL_RIGHT","seq":2,"from":[9,10],"to":[10,11],"referenceContinuation":true}},{"t":0.21666666666666667,"p":[9.732400000614579,10.422999064740617],"pair":[[6,9],[5,10]],"state":"RESOLVING","phase":"SETTLE","path":{"kind":"ROLL_RIGHT","seq":2,"from":[9,10],"to":[10,11],"referenceContinuation":true}},{"t":0.23333333333333334,"p":[9.87970361692734,10.605574547596856],"pair":[[6,9],[5,10]],"state":"RESOLVING","phase":"SETTLE","path":{"kind":"ROLL_RIGHT","seq":2,"from":[9,10],"to":[10,11],"referenceContinuation":true}},{"t":0.25,"p":[9.969817355864794,10.800150402774294],"pair":[[6,9],[5,10]],"state":"RESOLVING","phase":"SETTLE","path":{"kind":"ROLL_RIGHT","seq":2,"from":[9,10],"to":[10,11],"referenceContinuation":true}},{"t":0.26666666666666666,"p":[10,11],"pair":[[6,9],[5,10]],"state":"RESOLVING","phase":"CHECK","path":null},{"t":0.2833333333333333,"p":[10,11],"pair":[[6,9],[5,10]],"state":"PLAYING","phase":null,"path":null},{"t":0.3,"p":[10,11],"pair":[[6,9],[5,10]],"state":"PLAYING","phase":null,"path":null},{"t":0.31666666666666665,"p":[10,11],"pair":[[6,9],[5,10]],"state":"PLAYING","phase":null,"path":null},{"t":0.3333333333333333,"p":[10,11],"pair":[[6,9],[5,10]],"state":"PLAYING","phase":null,"path":null},{"t":0.35,"p":[10,11],"pair":[[6,9],[5,10]],"state":"PLAYING","phase":null,"path":null},{"t":0.36666666666666664,"p":[10,11],"pair":[[6,9],[5,10]],"state":"PLAYING","phase":null,"path":null},{"t":0.3833333333333333,"p":[10,11],"pair":[[6,9],[5,10]],"state":"PLAYING","phase":null,"path":null},{"t":0.4,"p":[10,11],"pair":[[6,9],[5,10]],"state":"PLAYING","phase":null,"path":null},{"t":0.4166666666666667,"p":[10,11],"pair":[[6,9],[5,10]],"state":"PLAYING","phase":null,"path":null},{"t":0.43333333333333335,"p":[10,11],"pair":[[6,9],[5,10]],"state":"PLAYING","phase":null,"path":null},{"t":0.45,"p":[10,11],"pair":[[6,9],[5,10]],"state":"PLAYING","phase":null,"path":null},{"t":0.4666666666666667,"p":[10,11],"pair":[[6,9],[5,10]],"state":"PLAYING","phase":null,"path":null},{"t":0.48333333333333334,"p":[10,11],"pair":[[6,9],[5,10]],"state":"PLAYING","phase":null,"path":null},{"t":0.5,"p":[10,11],"pair":[[6,9],[5,10]],"state":"PLAYING","phase":null,"path":null}],"events":[{"t":0.16666666666666666,"path":{"kind":"ROLL_RIGHT","seq":2,"from":[9,10],"to":[10,11],"referenceContinuation":true},"state":"RESOLVING","phase":"SETTLE","p":[9,10],"pair":[[6,9],[5,10]]},{"t":0.26666666666666666,"path":null,"state":"RESOLVING","phase":"CHECK","p":[10,11],"pair":[[6,9],[5,10]]}],"continuation":{"t":0.16666666666666666,"path":{"kind":"ROLL_RIGHT","seq":2,"from":[9,10],"to":[10,11],"referenceContinuation":true},"state":"RESOLVING","phase":"SETTLE","p":[9,10],"pair":[[6,9],[5,10]]},"supportGeometry":{"support":[7,10],"floor":[[4,11],[6,11],[8,11]]},"timing":{"fps":30.02001334222815,"pairFrames":4,"soloFrames":5,"continuationFrames":3,"pairDuration":0.13324444444444444,"soloDuration":0.16655555555555557,"continuationDuration":0.09993333333333333,"captured":true},"splitVersion":"reference-upconvex-authority-v2","sweepVersion":"reference-first-contact-sweep-v3"}
2026-08-26 Nintendo exact-board F126-F134 PASS {"pairArrivalT":0.13333333333333333,"soloFirstArrivalT":0.16666666666666666,"soloFinalArrivalT":0.26666666666666666,"maxPairDriftAfterArrival":0,"timing":{"fps":30.02001334222815,"pairFrames":4,"soloFrames":5,"continuationFrames":3,"pairDuration":0.13324444444444444,"soloDuration":0.16655555555555557,"continuationDuration":0.09993333333333333,"captured":true},"supportGeometry":{"support":[7,10],"floor":[[4,11],[6,11],[8,11]]}}
