===== LOAD V1303 PHYSICS RUNTIME =====
OK  app-01.js
OK  app-02.js
OK  app-03.js
OK  app-04.js
OK  app-05.js
OK  app-06.js
OK  app-07.js
OK  app-pile-arc.js
OK  app-clear-gap-collapse.js
OK  app-floor-gap-invariant.js
OK  app-clear-vacancy-priority.js
OK  app-release-parity-settle.js
OK  app-08.js
OK  app-09.js
OK  app-10.js
OK  app-14.js
OK  app-17.js
OK  app-garbage-normal-physics.js
OK  app-garbage-presentation.js
OK  app-garbage-zero-rigidity.js
OK  app-garbage-deep-settle.js
OK  app-garbage-simultaneous-motion.js
OK  app-garbage-render-overlap-guard.js
OK  app-runtime-performance.js
OK  app-physics-safety-invariants.js
OK  app-mass-motion-safety.js
OK  app-gravity-priority-v1.js
OK  app-garbage-performance-v1.js
OK  app-post-clear-two-stage-v1.js
OK  app-garbage-continuous-v1.js
OK  app-contact-separation-v1.js
OK  app-floor-bridge-collapse-v1.js
OK  app-lattice-finalize-v2.js
OK  app-coherent-collapse-v1.js
OK  app-wall-boundary-authoritative-v1.js
OK  app-slope-upconvex-authoritative-v3.js
OK  app-intentional-hexagon-stability-v1.js
OK  app-rigidity-resolver-authoritative-v3.js
OK  app-collapse-vertical-merge-v1.js
OK  app-pile-motion-authority-v2.js
OK  app-runtime-performance-v3.js
OK  app-runtime-performance-v4.js
OK  app-rigidity-final-authority-v1.js
OK  app-reference-upconvex-authority-v1.js
OK  app-reference-first-contact-sweep-v3.js
OK  app-reference-inverted-flat-split-v1.js
OK  app-rigidity-nintendo-authority-v1.js
OK  app-rigidity-release-bounce-authority-v1.js
OK  app-motion-smoothness-authority-v1.js
OK  app-no-upward-bounce-split-authority-v1.js
OK  app-even-row-split-continuity-v1.js
OK  app-split-visual-smoothness-v1.js

===== FINAL FUNCTION CHECK =====
hexPhysPlanGroup function
hexPhysNaturalMotion function
hexPhysResolveEvent function
hexPhysApplyEvent function
settlePass function

===== VERSION MARKERS =====
rigidityResolver: true
gravityPriority: gravity-priority-v6-ai-fastpath

===== CANONICAL SMOKE CASES =====
{
  "freeFall": [
    {
      "id": 100,
      "dx": 0,
      "dy": 2,
      "kind": "GROUP_TRANSLATE",
      "bundleId": 500,
      "groupSize": 3
    },
    {
      "id": 101,
      "dx": 0,
      "dy": 2,
      "kind": "GROUP_TRANSLATE",
      "bundleId": 500,
      "groupSize": 3
    },
    {
      "id": 102,
      "dx": 0,
      "dy": 2,
      "kind": "GROUP_TRANSLATE",
      "bundleId": 500,
      "groupSize": 3
    }
  ],
  "slope": [
    {
      "id": 110,
      "dx": -1,
      "dy": 1,
      "kind": "GROUP_SLOPE_TRANSLATE",
      "bundleId": 501,
      "groupSize": 3
    },
    {
      "id": 111,
      "dx": -1,
      "dy": 1,
      "kind": "GROUP_SLOPE_TRANSLATE",
      "bundleId": 501,
      "groupSize": 3
    },
    {
      "id": 112,
      "dx": -1,
      "dy": 1,
      "kind": "GROUP_SLOPE_TRANSLATE",
      "bundleId": 501,
      "groupSize": 3
    }
  ],
  "upConvex": []
}

=======================================
 SUCCESS: V1303 FINAL PLANNER LOADED
=======================================
NINTENDO_F126_F131_SOLO_PIVOT_ARC {"choice":{"reason":"reference-first-contact","pairIds":[5,7],"soloId":6,"contactCount":1,"at":1790871000204},"soloId":6,"seg":{"kind":"REFERENCE_FIRST_CONTACT_SOLO","from":[7.6,8.898484680087773],"to":[9,10],"pivot":[7,10],"groupSize":0},"startRadius":1.000001000000001,"maxRadiusError":8.881784197001252e-16,"minDx":0.00011131986380874537,"minDy":0.003716169784548029,"samples":[{"u":0,"p":[7.6,8.898484680087773],"radius":1.000001000000001},{"u":0.2,"p":[8.058834933214811,9.020395218432794],"radius":1.0000010000000015},{"u":0.4,"p":[8.450138559282209,9.204783853515929],"radius":1.000001000000001},{"u":0.6,"p":[8.748953970821345,9.439890484532338],"radius":1.000001000000001},{"u":0.8,"p":[8.936223055274708,9.710720273652711],"radius":1.0000010000000013},{"u":1,"p":[9.000002000000002,10],"radius":1.000001000000001}],"timing":{"fps":30.02001334222815,"frames":5,"duration":0.16655555555555557}}
2026-08-26 Nintendo F126-F131 solo pivot arc PASS {"startRadius":1.000001000000001,"maxRadiusError":8.881784197001252e-16,"minDx":0.00011131986380874537,"minDy":0.003716169784548029,"timing":{"fps":30.02001334222815,"frames":5,"duration":0.16655555555555557}}
