===== LOAD V1303 PHYSICS RUNTIME =====
OK  app-01.js
OK  app-02.js
OK  app-03.js
OK  app-04.js
OK  app-05.js
OK  app-06.js
OK  app-07.js
OK  app-pile-arc.js
OK  app-clear-gap-collapse.js
OK  app-floor-gap-invariant.js
OK  app-clear-vacancy-priority.js
OK  app-release-parity-settle.js
OK  app-08.js
OK  app-09.js
OK  app-10.js
OK  app-14.js
OK  app-17.js
OK  app-garbage-normal-physics.js
OK  app-garbage-presentation.js
OK  app-garbage-zero-rigidity.js
OK  app-garbage-deep-settle.js
OK  app-garbage-simultaneous-motion.js
OK  app-garbage-render-overlap-guard.js
OK  app-runtime-performance.js
OK  app-physics-safety-invariants.js
OK  app-mass-motion-safety.js
OK  app-gravity-priority-v1.js
OK  app-garbage-performance-v1.js
OK  app-post-clear-two-stage-v1.js
OK  app-garbage-continuous-v1.js
OK  app-contact-separation-v1.js
OK  app-floor-bridge-collapse-v1.js
OK  app-lattice-finalize-v2.js
OK  app-coherent-collapse-v1.js
OK  app-wall-boundary-authoritative-v1.js
OK  app-slope-upconvex-authoritative-v3.js
OK  app-intentional-hexagon-stability-v1.js
OK  app-rigidity-resolver-authoritative-v3.js
OK  app-collapse-vertical-merge-v1.js
OK  app-pile-motion-authority-v2.js
OK  app-runtime-performance-v3.js
OK  app-runtime-performance-v4.js
OK  app-rigidity-final-authority-v1.js
OK  app-reference-upconvex-authority-v1.js
OK  app-reference-first-contact-sweep-v3.js
OK  app-reference-inverted-flat-split-v1.js
OK  app-rigidity-nintendo-authority-v1.js
OK  app-rigidity-release-bounce-authority-v1.js
OK  app-motion-smoothness-authority-v1.js
OK  app-no-upward-bounce-split-authority-v1.js
OK  app-even-row-split-continuity-v1.js
OK  app-split-visual-smoothness-v1.js

===== FINAL FUNCTION CHECK =====
hexPhysPlanGroup function
hexPhysNaturalMotion function
hexPhysResolveEvent function
hexPhysApplyEvent function
settlePass function

===== VERSION MARKERS =====
rigidityResolver: true
gravityPriority: gravity-priority-v6-ai-fastpath

===== CANONICAL SMOKE CASES =====
{
  "freeFall": [
    {
      "id": 100,
      "dx": 0,
      "dy": 2,
      "kind": "GROUP_TRANSLATE",
      "bundleId": 500,
      "groupSize": 3
    },
    {
      "id": 101,
      "dx": 0,
      "dy": 2,
      "kind": "GROUP_TRANSLATE",
      "bundleId": 500,
      "groupSize": 3
    },
    {
      "id": 102,
      "dx": 0,
      "dy": 2,
      "kind": "GROUP_TRANSLATE",
      "bundleId": 500,
      "groupSize": 3
    }
  ],
  "slope": [
    {
      "id": 110,
      "dx": -1,
      "dy": 1,
      "kind": "GROUP_SLOPE_TRANSLATE",
      "bundleId": 501,
      "groupSize": 3
    },
    {
      "id": 111,
      "dx": -1,
      "dy": 1,
      "kind": "GROUP_SLOPE_TRANSLATE",
      "bundleId": 501,
      "groupSize": 3
    },
    {
      "id": 112,
      "dx": -1,
      "dy": 1,
      "kind": "GROUP_SLOPE_TRANSLATE",
      "bundleId": 501,
      "groupSize": 3
    }
  ],
  "upConvex": []
}

=======================================
 SUCCESS: V1303 FINAL PLANNER LOADED
=======================================
recording 23:57:46 live/grid/opposite-pair regression PASS {"result":{"airborneCount":0,"rigidInAir":true,"pair":[1,3],"expectedPair":[1,3],"soloId":2,"expectedSoloId":2,"version":"final-rigidity-authority-v21","soleAuthority":true,"reason":"split-direction-confirmed-before-pair-rigidity"},"gridResult":{"oneRowAhead":{"count":0,"rigid":true,"pair":[],"soloId":null,"topId":1,"leftId":2,"rightId":3,"state":[{"id":1,"rigid":true,"groupId":235747,"groupSize":3},{"id":2,"rigid":true,"groupId":235747,"groupSize":3},{"id":3,"rigid":true,"groupId":235747,"groupSize":3}],"correction":{"reason":"split-direction-confirmed-before-pair-rigidity","splitDirection":1,"splitSide":"left","pairSide":"right","pairIds":[1,3],"pairLowerId":3,"soloId":2,"hitFraction":0.3250000000000002,"logicalHitFraction":0.3250000000000002,"contactSideSource":"live-visual-left-hit-fraction","liveContactSource":"live-current-grid-contact-v21","liveContactDistances":[0.9250000000000002,1.0980095627998874],"liveContactHitFraction":0.3250000000000002,"liveContactRowErrors":{"left":0,"right":0,"support":0},"liveContactSupportBelowRows":1,"replacedPair":{"splitSide":"left","pairSide":"right","pairIds":[1,3],"soloId":2},"at":1790870998255}},"reversedLogicalSide":{"count":3,"rigid":false,"pair":[1,2],"soloId":3,"topId":1,"leftId":2,"rightId":3,"state":[{"id":1,"rigid":true,"groupId":235748,"groupSize":2},{"id":2,"rigid":true,"groupId":235748,"groupSize":2},{"id":3,"rigid":false,"groupId":0,"groupSize":0}],"correction":{"reason":"split-direction-confirmed-before-pair-rigidity","splitDirection":-1,"splitSide":"right","pairSide":"left","pairIds":[1,2],"pairLowerId":2,"soloId":3,"hitFraction":0.6749999999999998,"logicalHitFraction":0.3250000000000002,"contactSideSource":"live-visual-right-hit-fraction","liveContactSource":"live-current-grid-contact-v21","liveContactDistances":[1.0980095627998874,0.9250000000000002],"liveContactHitFraction":0.6749999999999998,"liveContactRowErrors":{"left":0,"right":0,"support":0},"liveContactSupportBelowRows":1,"replacedPair":{"splitSide":"left","pairSide":"right","pairIds":[1,3],"soloId":2},"at":1790870998260}}}}
up-convex production contact sweep PASS 29160/29160 active=14256 outerRigid=14832 outerMoving=0 outerWaiting=14832 exactBoundaries=144 pairOnly=0 leftSolo=7128 rightSolo=7128 dense=1080 resolverNoHorizontal=2 settleNoHorizontal=2 outerReasons={"none":14832}
