BALL_CONSERVATION_FAST {
  "failures": [
    {
      "type": "ball-count",
      "seed": 0,
      "start": 32,
      "end": 13
    },
    {
      "type": "ball-count",
      "seed": 1,
      "start": 19,
      "end": 5
    },
    {
      "type": "ball-count",
      "seed": 2,
      "start": 33,
      "end": 14
    },
    {
      "type": "ball-count",
      "seed": 3,
      "start": 30,
      "end": 13
    },
    {
      "type": "ball-count",
      "seed": 4,
      "start": 32,
      "end": 11
    },
    {
      "type": "ball-count",
      "seed": 5,
      "start": 4,
      "end": 2
    },
    {
      "type": "ball-count",
      "seed": 6,
      "start": 33,
      "end": 13
    },
    {
      "type": "ball-count",
      "seed": 7,
      "start": 17,
      "end": 8
    },
    {
      "type": "ball-count",
      "seed": 8,
      "start": 30,
      "end": 12
    },
    {
      "type": "ball-count",
      "seed": 9,
      "start": 13,
      "end": 5
    },
    {
      "type": "ball-count",
      "seed": 10,
      "start": 34,
      "end": 15
    },
    {
      "type": "ball-count",
      "seed": 11,
      "start": 5,
      "end": 2
    },
    {
      "type": "ball-count",
      "seed": 12,
      "start": 36,
      "end": 14
    },
    {
      "type": "ball-count",
      "seed": 13,
      "start": 17,
      "end": 5
    },
    {
      "type": "ball-count",
      "seed": 14,
      "start": 23,
      "end": 9
    },
    {
      "type": "ball-count",
      "seed": 15,
      "start": 16,
      "end": 2
    },
    {
      "type": "ball-count",
      "seed": 16,
      "start": 28,
      "end": 13
    },
    {
      "type": "ball-count",
      "seed": 17,
      "start": 37,
      "end": 18
    },
    {
      "type": "ball-count",
      "seed": 18,
      "start": 18,
      "end": 8
    },
    {
      "type": "ball-count",
      "seed": 19,
      "start": 23,
      "end": 11
    },
    {
      "type": "ball-count",
      "seed": 20,
      "start": 8,
      "end": 1
    },
    {
      "type": "ball-count",
      "seed": 21,
      "start": 4,
      "end": 3
    },
    {
      "type": "ball-count",
      "seed": 22,
      "start": 10,
      "end": 5
    },
    {
      "type": "ball-count",
      "seed": 23,
      "start": 35,
      "end": 16
    },
    {
      "type": "ball-count",
      "seed": 24,
      "start": 15,
      "end": 7
    },
    {
      "type": "ball-count",
      "seed": 25,
      "start": 8,
      "end": 4
    },
    {
      "type": "ball-count",
      "seed": 26,
      "start": 13,
      "end": 6
    },
    {
      "type": "ball-count",
      "seed": 27,
      "start": 22,
      "end": 10
    },
    {
      "type": "ball-count",
      "seed": 28,
      "start": 22,
      "end": 14
    },
    {
      "type": "ball-count",
      "seed": 29,
      "start": 11,
      "end": 4
    },
    {
      "type": "ball-count",
      "seed": 30,
      "start": 18,
      "end": 6
    },
    {
      "type": "ball-count",
      "seed": 31,
      "start": 36,
      "end": 17
    },
    {
      "type": "ball-count",
      "seed": 32,
      "start": 12,
      "end": 6
    },
    {
      "type": "ball-count",
      "seed": 33,
      "start": 10,
      "end": 8
    },
    {
      "type": "ball-count",
      "seed": 34,
      "start": 35,
      "end": 13
    },
    {
      "type": "ball-count",
      "seed": 35,
      "start": 4,
      "end": 2
    },
    {
      "type": "ball-count",
      "seed": 36,
      "start": 15,
      "end": 4
    },
    {
      "type": "ball-count",
      "seed": 37,
      "start": 16,
      "end": 7
    },
    {
      "type": "ball-count",
      "seed": 38,
      "start": 6,
      "end": 2
    },
    {
      "type": "ball-count",
      "seed": 39,
      "start": 20,
      "end": 4
    },
    {
      "type": "ball-count",
      "seed": 40,
      "start": 6,
      "end": 3
    },
    {
      "type": "ball-count",
      "seed": 41,
      "start": 17,
      "end": 9
    },
    {
      "type": "ball-count",
      "seed": 42,
      "start": 32,
      "end": 13
    },
    {
      "type": "ball-count",
      "seed": 43,
      "start": 5,
      "end": 0
    },
    {
      "type": "ball-count",
      "seed": 44,
      "start": 36,
      "end": 13
    },
    {
      "type": "ball-count",
      "seed": 45,
      "start": 9,
      "end": 3
    },
    {
      "type": "ball-count",
      "seed": 46,
      "start": 7,
      "end": 2
    },
    {
      "type": "ball-count",
      "seed": 47,
      "start": 16,
      "end": 6
    },
    {
      "type": "ball-count",
      "seed": 48,
      "start": 25,
      "end": 12
    },
    {
      "type": "ball-count",
      "seed": 49,
      "start": 10,
      "end": 5
    }
  ]
}
