AI_STATE_CASE {"seed":1,"level":1,"alive":true,"state":"RESOLVING","phase":"GARBAGE","spawnCount":1,"maxPieceAge":1.725,"bugs":0}
AI_STATE_CASE {"seed":1,"level":2,"alive":true,"state":"RESOLVING","phase":"GARBAGE","spawnCount":1,"maxPieceAge":1.317,"bugs":0}
AI_STATE_CASE {"seed":1,"level":3,"alive":true,"state":"RESOLVING","phase":"GARBAGE","spawnCount":1,"maxPieceAge":1.242,"bugs":0}
AI_STATE_CASE {"seed":1,"level":4,"alive":true,"state":"RESOLVING","phase":"GARBAGE","spawnCount":1,"maxPieceAge":1.242,"bugs":0}
AI_STATE_CASE {"seed":1,"level":5,"alive":true,"state":"RESOLVING","phase":"GARBAGE","spawnCount":3,"maxPieceAge":1.108,"bugs":0}
AI_STATE_CASE {"seed":2,"level":1,"alive":true,"state":"RESOLVING","phase":"GARBAGE","spawnCount":1,"maxPieceAge":1.225,"bugs":0}
AI_STATE_CASE {"seed":2,"level":2,"alive":true,"state":"RESOLVING","phase":"GARBAGE","spawnCount":1,"maxPieceAge":1.85,"bugs":0}
AI_STATE_CASE {"seed":2,"level":3,"alive":true,"state":"RESOLVING","phase":"GARBAGE","spawnCount":1,"maxPieceAge":1.3,"bugs":0}
AI_STATE_CASE {"seed":2,"level":4,"alive":true,"state":"RESOLVING","phase":"GARBAGE","spawnCount":1,"maxPieceAge":1.292,"bugs":0}
AI_STATE_CASE {"seed":2,"level":5,"alive":true,"state":"RESOLVING","phase":"GARBAGE","spawnCount":1,"maxPieceAge":0.95,"bugs":0}
AI_STATE_AUDIT {
  "start": 1,
  "count": 2,
  "seconds": 12,
  "stats": {},
  "bugs": []
}
PERFORMANCE_AUDIT {
  "seconds": 16,
  "stats": {
    "final-contact-reentry": 3815
  },
  "bugs": [
    {
      "type": "final-contact-reentry",
      "seed": 1,
      "step": 1037,
      "resolve": 2,
      "relax": 1,
      "final": 6,
      "rests": 6,
      "rawRelax": 1,
      "rawFinal": 13,
      "state": "RESOLVING",
      "phase": "GARBAGE"
    },
    {
      "type": "final-contact-reentry",
      "seed": 1,
      "step": 1038,
      "resolve": 2,
      "relax": 1,
      "final": 6,
      "rests": 6,
      "rawRelax": 1,
      "rawFinal": 13,
      "state": "RESOLVING",
      "phase": "GARBAGE"
    },
    {
      "type": "final-contact-reentry",
      "seed": 1,
      "step": 1039,
      "resolve": 2,
      "relax": 1,
      "final": 6,
      "rests": 6,
      "rawRelax": 1,
      "rawFinal": 13,
      "state": "RESOLVING",
      "phase": "GARBAGE"
    },
    {
      "type": "final-contact-reentry",
      "seed": 1,
      "step": 1040,
      "resolve": 2,
      "relax": 1,
      "final": 6,
      "rests": 6,
      "rawRelax": 1,
      "rawFinal": 13,
      "state": "RESOLVING",
      "phase": "GARBAGE"
    },
    {
      "type": "final-contact-reentry",
      "seed": 1,
      "step": 1041,
      "resolve": 2,
      "relax": 1,
      "final": 6,
      "rests": 6,
      "rawRelax": 1,
      "rawFinal": 13,
      "state": "RESOLVING",
      "phase": "GARBAGE"
    },
    {
      "type": "final-contact-reentry",
      "seed": 1,
      "step": 1042,
      "resolve": 2,
      "relax": 1,
      "final": 6,
      "rests": 6,
      "rawRelax": 1,
      "rawFinal": 13,
      "state": "RESOLVING",
      "phase": "GARBAGE"
    },
    {
      "type": "final-contact-reentry",
      "seed": 1,
      "step": 1043,
      "resolve": 2,
      "relax": 1,
      "final": 6,
      "rests": 6,
      "rawRelax": 1,
      "rawFinal": 13,
      "state": "RESOLVING",
      "phase": "GARBAGE"
    },
    {
      "type": "final-contact-reentry",
      "seed": 1,
      "step": 1044,
      "resolve": 2,
      "relax": 1,
      "final": 6,
      "rests": 6,
      "rawRelax": 1,
      "rawFinal": 13,
      "state": "RESOLVING",
      "phase": "GARBAGE"
    },
    {
      "type": "final-contact-reentry",
      "seed": 1,
      "step": 1045,
      "resolve": 2,
      "relax": 1,
      "final": 6,
      "rests": 6,
      "rawRelax": 1,
      "rawFinal": 13,
      "state": "RESOLVING",
      "phase": "GARBAGE"
    },
    {
      "type": "final-contact-reentry",
      "seed": 1,
      "step": 1046,
      "resolve": 2,
      "relax": 1,
      "final": 6,
      "rests": 6,
      "rawRelax": 1,
      "rawFinal": 13,
      "state": "RESOLVING",
      "phase": "GARBAGE"
    },
    {
      "type": "final-contact-reentry",
      "seed": 1,
      "step": 1047,
      "resolve": 2,
      "relax": 1,
      "final": 6,
      "rests": 6,
      "rawRelax": 1,
      "rawFinal": 13,
      "state": "RESOLVING",
      "phase": "GARBAGE"
    },
    {
      "type": "final-contact-reentry",
      "seed": 1,
      "step": 1048,
      "resolve": 2,
      "relax": 1,
      "final": 6,
      "rests": 6,
      "rawRelax": 1,
      "rawFinal": 13,
      "state": "RESOLVING",
      "phase": "GARBAGE"
    },
    {
      "type": "final-contact-reentry",
      "seed": 1,
      "step": 1049,
      "resolve": 2,
      "relax": 1,
      "final": 6,
      "rests": 6,
      "rawRelax": 1,
      "rawFinal": 13,
      "state": "RESOLVING",
      "phase": "GARBAGE"
    },
    {
      "type": "final-contact-reentry",
      "seed": 1,
      "step": 1050,
      "resolve": 2,
      "relax": 1,
      "final": 6,
      "rests": 6,
      "rawRelax": 1,
      "rawFinal": 13,
      "state": "RESOLVING",
      "phase": "GARBAGE"
    },
    {
      "type": "final-contact-reentry",
      "seed": 1,
      "step": 1051,
      "resolve": 2,
      "relax": 1,
      "final": 6,
      "rests": 6,
      "rawRelax": 1,
      "rawFinal": 13,
      "state": "RESOLVING",
      "phase": "GARBAGE"
    },
    {
      "type": "final-contact-reentry",
      "seed": 1,
      "step": 1052,
      "resolve": 2,
      "relax": 1,
      "final": 6,
      "rests": 6,
      "rawRelax": 1,
      "rawFinal": 13,
      "state": "RESOLVING",
      "phase": "GARBAGE"
    },
    {
      "type": "final-contact-reentry",
      "seed": 1,
      "step": 1053,
      "resolve": 2,
      "relax": 1,
      "final": 6,
      "rests": 6,
      "rawRelax": 1,
      "rawFinal": 13,
      "state": "RESOLVING",
      "phase": "GARBAGE"
    },
    {
      "type": "final-contact-reentry",
      "seed": 1,
      "step": 1054,
      "resolve": 2,
      "relax": 1,
      "final": 6,
      "rests": 6,
      "rawRelax": 1,
      "rawFinal": 13,
      "state": "RESOLVING",
      "phase": "GARBAGE"
    },
    {
      "type": "final-contact-reentry",
      "seed": 1,
      "step": 1055,
      "resolve": 2,
      "relax": 1,
      "final": 6,
      "rests": 6,
      "rawRelax": 1,
      "rawFinal": 13,
      "state": "RESOLVING",
      "phase": "GARBAGE"
    },
    {
      "type": "final-contact-reentry",
      "seed": 1,
      "step": 1056,
      "resolve": 2,
      "relax": 1,
      "final": 6,
      "rests": 6,
      "rawRelax": 1,
      "rawFinal": 13,
      "state": "RESOLVING",
      "phase": "GARBAGE"
    },
    {
      "type": "final-contact-reentry",
      "seed": 1,
      "step": 1057,
      "resolve": 2,
      "relax": 1,
      "final": 6,
      "rests": 6,
      "rawRelax": 1,
      "rawFinal": 13,
      "state": "RESOLVING",
      "phase": "GARBAGE"
    },
    {
      "type": "final-contact-reentry",
      "seed": 1,
      "step": 1058,
      "resolve": 2,
      "relax": 1,
      "final": 6,
      "rests": 6,
      "rawRelax": 1,
      "rawFinal": 13,
      "state": "RESOLVING",
      "phase": "GARBAGE"
    },
    {
      "type": "final-contact-reentry",
      "seed": 1,
      "step": 1059,
      "resolve": 2,
      "relax": 1,
      "final": 6,
      "rests": 6,
      "rawRelax": 1,
      "rawFinal": 13,
      "state": "RESOLVING",
      "phase": "GARBAGE"
    },
    {
      "type": "final-contact-reentry",
      "seed": 1,
      "step": 1060,
      "resolve": 2,
      "relax": 1,
      "final": 6,
      "rests": 6,
      "rawRelax": 1,
      "rawFinal": 13,
      "state": "RESOLVING",
      "phase": "GARBAGE"
    },
    {
      "type": "final-contact-reentry",
      "seed": 1,
      "step": 1061,
      "resolve": 2,
      "relax": 1,
      "final": 6,
      "rests": 6,
      "rawRelax": 1,
      "rawFinal": 13,
      "state": "RESOLVING",
      "phase": "GARBAGE"
    },
    {
      "type": "final-contact-reentry",
      "seed": 1,
      "step": 1062,
      "resolve": 2,
      "relax": 1,
      "final": 6,
      "rests": 6,
      "rawRelax": 1,
      "rawFinal": 13,
      "state": "RESOLVING",
      "phase": "GARBAGE"
    },
    {
      "type": "final-contact-reentry",
      "seed": 1,
      "step": 1063,
      "resolve": 2,
      "relax": 1,
      "final": 6,
      "rests": 6,
      "rawRelax": 1,
      "rawFinal": 13,
      "state": "RESOLVING",
      "phase": "GARBAGE"
    },
    {
      "type": "final-contact-reentry",
      "seed": 1,
      "step": 1064,
      "resolve": 2,
      "relax": 1,
      "final": 6,
      "rests": 6,
      "rawRelax": 1,
      "rawFinal": 13,
      "state": "RESOLVING",
      "phase": "GARBAGE"
    },
    {
      "type": "final-contact-reentry",
      "seed": 1,
      "step": 1065,
      "resolve": 2,
      "relax": 1,
      "final": 6,
      "rests": 6,
      "rawRelax": 1,
      "rawFinal": 13,
      "state": "RESOLVING",
      "phase": "GARBAGE"
    },
    {
      "type": "final-contact-reentry",
      "seed": 1,
      "step": 1066,
      "resolve": 2,
      "relax": 1,
      "final": 6,
      "rests": 6,
      "rawRelax": 1,
      "rawFinal": 13,
      "state": "RESOLVING",
      "phase": "GARBAGE"
    },
    {
      "type": "final-contact-reentry",
      "seed": 1,
      "step": 1067,
      "resolve": 2,
      "relax": 1,
      "final": 6,
      "rests": 6,
      "rawRelax": 1,
      "rawFinal": 13,
      "state": "RESOLVING",
      "phase": "GARBAGE"
    },
    {
      "type": "final-contact-reentry",
      "seed": 1,
      "step": 1068,
      "resolve": 2,
      "relax": 1,
      "final": 6,
      "rests": 6,
      "rawRelax": 1,
      "rawFinal": 13,
      "state": "RESOLVING",
      "phase": "GARBAGE"
    },
    {
      "type": "final-contact-reentry",
      "seed": 1,
      "step": 1069,
      "resolve": 2,
      "relax": 1,
      "final": 6,
      "rests": 6,
      "rawRelax": 1,
      "rawFinal": 13,
      "state": "RESOLVING",
      "phase": "GARBAGE"
    },
    {
      "type": "final-contact-reentry",
      "seed": 1,
      "step": 1070,
      "resolve": 2,
      "relax": 1,
      "final": 6,
      "rests": 6,
      "rawRelax": 1,
      "rawFinal": 13,
      "state": "RESOLVING",
      "phase": "GARBAGE"
    },
    {
      "type": "final-contact-reentry",
      "seed": 1,
      "step": 1071,
      "resolve": 2,
      "relax": 1,
      "final": 6,
      "rests": 6,
      "rawRelax": 1,
      "rawFinal": 13,
      "state": "RESOLVING",
      "phase": "GARBAGE"
    },
    {
      "type": "final-contact-reentry",
      "seed": 1,
      "step": 1072,
      "resolve": 2,
      "relax": 1,
      "final": 6,
      "rests": 6,
      "rawRelax": 1,
      "rawFinal": 13,
      "state": "RESOLVING",
      "phase": "GARBAGE"
    },
    {
      "type": "final-contact-reentry",
      "seed": 1,
      "step": 1073,
      "resolve": 2,
      "relax": 1,
      "final": 6,
      "rests": 6,
      "rawRelax": 1,
      "rawFinal": 13,
      "state": "RESOLVING",
      "phase": "GARBAGE"
    },
    {
      "type": "final-contact-reentry",
      "seed": 1,
      "step": 1074,
      "resolve": 2,
      "relax": 1,
      "final": 6,
      "rests": 6,
      "rawRelax": 1,
      "rawFinal": 13,
      "state": "RESOLVING",
      "phase": "GARBAGE"
    },
    {
      "type": "final-contact-reentry",
      "seed": 1,
      "step": 1075,
      "resolve": 2,
      "relax": 1,
      "final": 6,
      "rests": 6,
      "rawRelax": 1,
      "rawFinal": 13,
      "state": "RESOLVING",
      "phase": "GARBAGE"
    },
    {
      "type": "final-contact-reentry",
      "seed": 1,
      "step": 1076,
      "resolve": 2,
      "relax": 1,
      "final": 6,
      "rests": 6,
      "rawRelax": 1,
      "rawFinal": 13,
      "state": "RESOLVING",
      "phase": "GARBAGE"
    },
    {
      "type": "final-contact-reentry",
      "seed": 1,
      "step": 1077,
      "resolve": 2,
      "relax": 1,
      "final": 6,
      "rests": 6,
      "rawRelax": 1,
      "rawFinal": 13,
      "state": "RESOLVING",
      "phase": "GARBAGE"
    },
    {
      "type": "final-contact-reentry",
      "seed": 1,
      "step": 1078,
      "resolve": 2,
      "relax": 1,
      "final": 6,
      "rests": 6,
      "rawRelax": 1,
      "rawFinal": 13,
      "state": "RESOLVING",
      "phase": "GARBAGE"
    },
    {
      "type": "final-contact-reentry",
      "seed": 1,
      "step": 1079,
      "resolve": 2,
      "relax": 1,
      "final": 6,
      "rests": 6,
      "rawRelax": 1,
      "rawFinal": 13,
      "state": "RESOLVING",
      "phase": "GARBAGE"
    },
    {
      "type": "final-contact-reentry",
      "seed": 1,
      "step": 1080,
      "resolve": 2,
      "relax": 1,
      "final": 6,
      "rests": 6,
      "rawRelax": 1,
      "rawFinal": 13,
      "state": "RESOLVING",
      "phase": "GARBAGE"
    },
    {
      "type": "final-contact-reentry",
      "seed": 1,
      "step": 1081,
      "resolve": 3,
      "relax": 1,
      "final": 6,
      "rests": 8,
      "rawRelax": 3,
      "rawFinal": 15,
      "state": "RESOLVING",
      "phase": "GARBAGE"
    },
    {
      "type": "final-contact-reentry",
      "seed": 1,
      "step": 1082,
      "resolve": 2,
      "relax": 1,
      "final": 6,
      "rests": 6,
      "rawRelax": 7,
      "rawFinal": 13,
      "state": "RESOLVING",
      "phase": "GARBAGE"
    },
    {
      "type": "final-contact-reentry",
      "seed": 1,
      "step": 1083,
      "resolve": 2,
      "relax": 1,
      "final": 6,
      "rests": 6,
      "rawRelax": 7,
      "rawFinal": 13,
      "state": "RESOLVING",
      "phase": "GARBAGE"
    },
    {
      "type": "final-contact-reentry",
      "seed": 1,
      "step": 1084,
      "resolve": 2,
      "relax": 1,
      "final": 6,
      "rests": 6,
      "rawRelax": 7,
      "rawFinal": 13,
      "state": "RESOLVING",
      "phase": "GARBAGE"
    },
    {
      "type": "final-contact-reentry",
      "seed": 1,
      "step": 1085,
      "resolve": 2,
      "relax": 1,
      "final": 6,
      "rests": 6,
      "rawRelax": 7,
      "rawFinal": 13,
      "state": "RESOLVING",
      "phase": "GARBAGE"
    },
    {
      "type": "final-contact-reentry",
      "seed": 1,
      "step": 1086,
      "resolve": 2,
      "relax": 1,
      "final": 6,
      "rests": 6,
      "rawRelax": 7,
      "rawFinal": 13,
      "state": "RESOLVING",
      "phase": "GARBAGE"
    },
    {
      "type": "final-contact-reentry",
      "seed": 1,
      "step": 1087,
      "resolve": 2,
      "relax": 1,
      "final": 6,
      "rests": 6,
      "rawRelax": 7,
      "rawFinal": 13,
      "state": "RESOLVING",
      "phase": "GARBAGE"
    },
    {
      "type": "final-contact-reentry",
      "seed": 1,
      "step": 1088,
      "resolve": 2,
      "relax": 1,
      "final": 6,
      "rests": 6,
      "rawRelax": 7,
      "rawFinal": 13,
      "state": "RESOLVING",
      "phase": "GARBAGE"
    },
    {
      "type": "final-contact-reentry",
      "seed": 1,
      "step": 1089,
      "resolve": 2,
      "relax": 1,
      "final": 6,
      "rests": 6,
      "rawRelax": 7,
      "rawFinal": 13,
      "state": "RESOLVING",
      "phase": "GARBAGE"
    },
    {
      "type": "final-contact-reentry",
      "seed": 1,
      "step": 1090,
      "resolve": 2,
      "relax": 1,
      "final": 6,
      "rests": 6,
      "rawRelax": 7,
      "rawFinal": 13,
      "state": "RESOLVING",
      "phase": "GARBAGE"
    },
    {
      "type": "final-contact-reentry",
      "seed": 1,
      "step": 1091,
      "resolve": 2,
      "relax": 1,
      "final": 6,
      "rests": 6,
      "rawRelax": 7,
      "rawFinal": 13,
      "state": "RESOLVING",
      "phase": "GARBAGE"
    },
    {
      "type": "final-contact-reentry",
      "seed": 1,
      "step": 1092,
      "resolve": 2,
      "relax": 1,
      "final": 6,
      "rests": 6,
      "rawRelax": 7,
      "rawFinal": 13,
      "state": "RESOLVING",
      "phase": "GARBAGE"
    },
    {
      "type": "final-contact-reentry",
      "seed": 1,
      "step": 1093,
      "resolve": 2,
      "relax": 1,
      "final": 6,
      "rests": 6,
      "rawRelax": 7,
      "rawFinal": 13,
      "state": "RESOLVING",
      "phase": "GARBAGE"
    },
    {
      "type": "final-contact-reentry",
      "seed": 1,
      "step": 1094,
      "resolve": 2,
      "relax": 1,
      "final": 6,
      "rests": 6,
      "rawRelax": 7,
      "rawFinal": 13,
      "state": "RESOLVING",
      "phase": "GARBAGE"
    },
    {
      "type": "final-contact-reentry",
      "seed": 1,
      "step": 1095,
      "resolve": 2,
      "relax": 1,
      "final": 6,
      "rests": 6,
      "rawRelax": 7,
      "rawFinal": 13,
      "state": "RESOLVING",
      "phase": "GARBAGE"
    },
    {
      "type": "final-contact-reentry",
      "seed": 1,
      "step": 1096,
      "resolve": 2,
      "relax": 1,
      "final": 6,
      "rests": 6,
      "rawRelax": 1,
      "rawFinal": 13,
      "state": "RESOLVING",
      "phase": "GARBAGE"
    },
    {
      "type": "final-contact-reentry",
      "seed": 1,
      "step": 1097,
      "resolve": 2,
      "relax": 1,
      "final": 6,
      "rests": 6,
      "rawRelax": 1,
      "rawFinal": 13,
      "state": "RESOLVING",
      "phase": "GARBAGE"
    },
    {
      "type": "final-contact-reentry",
      "seed": 1,
      "step": 1098,
      "resolve": 2,
      "relax": 1,
      "final": 6,
      "rests": 6,
      "rawRelax": 1,
      "rawFinal": 13,
      "state": "RESOLVING",
      "phase": "GARBAGE"
    },
    {
      "type": "final-contact-reentry",
      "seed": 1,
      "step": 1099,
      "resolve": 2,
      "relax": 1,
      "final": 6,
      "rests": 6,
      "rawRelax": 1,
      "rawFinal": 13,
      "state": "RESOLVING",
      "phase": "GARBAGE"
    },
    {
      "type": "final-contact-reentry",
      "seed": 1,
      "step": 1100,
      "resolve": 2,
      "relax": 1,
      "final": 6,
      "rests": 6,
      "rawRelax": 1,
      "rawFinal": 13,
      "state": "RESOLVING",
      "phase": "GARBAGE"
    },
    {
      "type": "final-contact-reentry",
      "seed": 1,
      "step": 1101,
      "resolve": 2,
      "relax": 1,
      "final": 6,
      "rests": 6,
      "rawRelax": 1,
      "rawFinal": 13,
      "state": "RESOLVING",
      "phase": "GARBAGE"
    },
    {
      "type": "final-contact-reentry",
      "seed": 1,
      "step": 1102,
      "resolve": 2,
      "relax": 1,
      "final": 6,
      "rests": 6,
      "rawRelax": 1,
      "rawFinal": 13,
      "state": "RESOLVING",
      "phase": "GARBAGE"
    },
    {
      "type": "final-contact-reentry",
      "seed": 1,
      "step": 1103,
      "resolve": 2,
      "relax": 1,
      "final": 6,
      "rests": 6,
      "rawRelax": 1,
      "rawFinal": 13,
      "state": "RESOLVING",
      "phase": "GARBAGE"
    },
    {
      "type": "final-contact-reentry",
      "seed": 1,
      "step": 1104,
      "resolve": 2,
      "relax": 1,
      "final": 6,
      "rests": 6,
      "rawRelax": 1,
      "rawFinal": 13,
      "state": "RESOLVING",
      "phase": "GARBAGE"
    },
    {
      "type": "final-contact-reentry",
      "seed": 1,
      "step": 1105,
      "resolve": 2,
      "relax": 1,
      "final": 6,
      "rests": 6,
      "rawRelax": 1,
      "rawFinal": 13,
      "state": "RESOLVING",
      "phase": "GARBAGE"
    },
    {
      "type": "final-contact-reentry",
      "seed": 1,
      "step": 1106,
      "resolve": 2,
      "relax": 1,
      "final": 6,
      "rests": 6,
      "rawRelax": 1,
      "rawFinal": 13,
      "state": "RESOLVING",
      "phase": "GARBAGE"
    },
    {
      "type": "final-contact-reentry",
      "seed": 1,
      "step": 1107,
      "resolve": 2,
      "relax": 1,
      "final": 6,
      "rests": 6,
      "rawRelax": 1,
      "rawFinal": 13,
      "state": "RESOLVING",
      "phase": "GARBAGE"
    },
    {
      "type": "final-contact-reentry",
      "seed": 1,
      "step": 1108,
      "resolve": 2,
      "relax": 1,
      "final": 6,
      "rests": 6,
      "rawRelax": 1,
      "rawFinal": 13,
      "state": "RESOLVING",
      "phase": "GARBAGE"
    },
    {
      "type": "final-contact-reentry",
      "seed": 1,
      "step": 1109,
      "resolve": 2,
      "relax": 1,
      "final": 6,
      "rests": 6,
      "rawRelax": 1,
      "rawFinal": 13,
      "state": "RESOLVING",
      "phase": "GARBAGE"
    },
    {
      "type": "final-contact-reentry",
      "seed": 1,
      "step": 1110,
      "resolve": 2,
      "relax": 1,
      "final": 6,
      "rests": 6,
      "rawRelax": 1,
      "rawFinal": 13,
      "state": "RESOLVING",
      "phase": "GARBAGE"
    },
    {
      "type": "final-contact-reentry",
      "seed": 1,
      "step": 1111,
      "resolve": 2,
      "relax": 1,
      "final": 6,
      "rests": 6,
      "rawRelax": 1,
      "rawFinal": 13,
      "state": "RESOLVING",
      "phase": "GARBAGE"
    },
    {
      "type": "final-contact-reentry",
      "seed": 1,
      "step": 1112,
      "resolve": 2,
      "relax": 1,
      "final": 6,
      "rests": 6,
      "rawRelax": 1,
      "rawFinal": 13,
      "state": "RESOLVING",
      "phase": "GARBAGE"
    },
    {
      "type": "final-contact-reentry",
      "seed": 1,
      "step": 1113,
      "resolve": 2,
      "relax": 1,
      "final": 6,
      "rests": 6,
      "rawRelax": 1,
      "rawFinal": 13,
      "state": "RESOLVING",
      "phase": "GARBAGE"
    },
    {
      "type": "final-contact-reentry",
      "seed": 1,
      "step": 1114,
      "resolve": 2,
      "relax": 1,
      "final": 6,
      "rests": 6,
      "rawRelax": 1,
      "rawFinal": 13,
      "state": "RESOLVING",
      "phase": "GARBAGE"
    },
    {
      "type": "final-contact-reentry",
      "seed": 1,
      "step": 1115,
      "resolve": 2,
      "relax": 1,
      "final": 6,
      "rests": 6,
      "rawRelax": 1,
      "rawFinal": 13,
      "state": "RESOLVING",
      "phase": "GARBAGE"
    },
    {
      "type": "final-contact-reentry",
      "seed": 1,
      "step": 1116,
      "resolve": 2,
      "relax": 1,
      "final": 6,
      "rests": 6,
      "rawRelax": 1,
      "rawFinal": 13,
      "state": "RESOLVING",
      "phase": "GARBAGE"
    }
  ],
  "profiles": [
    {
      "seed": 1,
      "frames": 1920,
      "maxMs": 33,
      "avgMs": 3.193,
      "maxCounts": {
        "step": 1081,
        "ms": 6,
        "resolve": 3,
        "relax": 1,
        "final": 6,
        "rests": 8,
        "rawRelax": 3,
        "rawFinal": 15,
        "state": "RESOLVING",
        "phase": "GARBAGE"
      },
      "slow": []
    },
    {
      "seed": 7,
      "frames": 1920,
      "maxMs": 34,
      "avgMs": 3.291,
      "maxCounts": {
        "step": 995,
        "ms": 5,
        "resolve": 3,
        "relax": 1,
        "final": 6,
        "rests": 8,
        "rawRelax": 3,
        "rawFinal": 15,
        "state": "RESOLVING",
        "phase": "GARBAGE"
      },
      "slow": []
    },
    {
      "seed": 19,
      "frames": 1920,
      "maxMs": 11,
      "avgMs": 3.309,
      "maxCounts": {
        "step": 980,
        "ms": 4,
        "resolve": 3,
        "relax": 1,
        "final": 6,
        "rests": 8,
        "rawRelax": 3,
        "rawFinal": 15,
        "state": "RESOLVING",
        "phase": "GARBAGE"
      },
      "slow": []
    },
    {
      "seed": 37,
      "frames": 1920,
      "maxMs": 12,
      "avgMs": 3.221,
      "maxCounts": {
        "step": 985,
        "ms": 4,
        "resolve": 3,
        "relax": 1,
        "final": 6,
        "rests": 8,
        "rawRelax": 3,
        "rawFinal": 15,
        "state": "RESOLVING",
        "phase": "GARBAGE"
      },
      "slow": []
    }
  ]
}
SETTLE_AUDIT {
  "cases": 500,
  "bugs": [],
  "stats": {}
}
LANDING_AUDIT {
  "cases": 120,
  "bugs": [
    {
      "type": "post-harddrop-overlap",
      "seed": 9,
      "d": 0.9837016606044584,
      "a": 1,
      "b": 2
    },
    {
      "type": "post-harddrop-overlap",
      "seed": 9,
      "d": 0.9087532337953215,
      "a": 3,
      "b": 3000542
    },
    {
      "type": "post-harddrop-overlap",
      "seed": 12,
      "d": 0.9995724622384929,
      "a": 1,
      "b": 3
    },
    {
      "type": "post-harddrop-overlap",
      "seed": 12,
      "d": 0.9851792854625828,
      "a": 3000728,
      "b": 3
    },
    {
      "type": "post-harddrop-overlap",
      "seed": 13,
      "d": 0.9997031569682916,
      "a": 1,
      "b": 2
    },
    {
      "type": "post-harddrop-overlap",
      "seed": 13,
      "d": 0.9982755615310286,
      "a": 3000782,
      "b": 3
    },
    {
      "type": "post-harddrop-overlap",
      "seed": 17,
      "d": 0.9982360538438231,
      "a": 1,
      "b": 3
    },
    {
      "type": "post-harddrop-overlap",
      "seed": 17,
      "d": 0.9850988408901028,
      "a": 2,
      "b": 3001024
    },
    {
      "type": "post-harddrop-overlap",
      "seed": 21,
      "d": 0.9987873244422628,
      "a": 1,
      "b": 3
    },
    {
      "type": "post-harddrop-overlap",
      "seed": 21,
      "d": 0.992102313387597,
      "a": 2,
      "b": 3001268
    },
    {
      "type": "post-harddrop-overlap",
      "seed": 25,
      "d": 0.9982028471140523,
      "a": 1,
      "b": 2
    },
    {
      "type": "post-harddrop-overlap",
      "seed": 25,
      "d": 0.9852680960027418,
      "a": 3001501,
      "b": 3
    },
    {
      "type": "post-harddrop-overlap",
      "seed": 29,
      "d": 0.9990075514860705,
      "a": 3001747,
      "b": 3
    },
    {
      "type": "post-harddrop-overlap",
      "seed": 29,
      "d": 0.9827542059266008,
      "a": 3001747,
      "b": 2
    },
    {
      "type": "post-harddrop-overlap",
      "seed": 33,
      "d": 0.9985771984906441,
      "a": 1,
      "b": 2
    },
    {
      "type": "post-harddrop-overlap",
      "seed": 33,
      "d": 0.99039049194662,
      "a": 3001983,
      "b": 3
    },
    {
      "type": "post-harddrop-overlap",
      "seed": 35,
      "d": 0.993107993548998,
      "a": 3,
      "b": 3002107
    },
    {
      "type": "post-harddrop-overlap",
      "seed": 35,
      "d": 0.9933009671022864,
      "a": 2,
      "b": 3002104
    },
    {
      "type": "post-harddrop-overlap",
      "seed": 39,
      "d": 0.9964491569107862,
      "a": 1,
      "b": 3
    },
    {
      "type": "post-harddrop-overlap",
      "seed": 39,
      "d": 0.9785393741159103,
      "a": 2,
      "b": 3002351
    },
    {
      "type": "post-harddrop-overlap",
      "seed": 42,
      "d": 0.932215540183407,
      "a": 3,
      "b": 3002522
    },
    {
      "type": "post-harddrop-overlap",
      "seed": 44,
      "d": 0.9874174193164724,
      "a": 3,
      "b": 3002656
    },
    {
      "type": "post-harddrop-overlap",
      "seed": 54,
      "d": 0.9938234960296325,
      "a": 3,
      "b": 3003246
    },
    {
      "type": "post-harddrop-overlap",
      "seed": 55,
      "d": 0.9998947861310964,
      "a": 1,
      "b": 3
    },
    {
      "type": "post-harddrop-overlap",
      "seed": 55,
      "d": 0.9994008630671148,
      "a": 2,
      "b": 3003304
    },
    {
      "type": "post-harddrop-overlap",
      "seed": 56,
      "d": 0.998881307540301,
      "a": 1,
      "b": 3
    },
    {
      "type": "post-harddrop-overlap",
      "seed": 56,
      "d": 0.9848097335087648,
      "a": 3003362,
      "b": 3
    },
    {
      "type": "post-harddrop-overlap",
      "seed": 57,
      "d": 0.8791228889614312,
      "a": 3,
      "b": 3003429
    },
    {
      "type": "post-harddrop-overlap",
      "seed": 57,
      "d": 0.8833867042571671,
      "a": 2,
      "b": 3003430
    },
    {
      "type": "post-harddrop-overlap",
      "seed": 59,
      "d": 0.9990428679382813,
      "a": 1,
      "b": 2
    },
    {
      "type": "post-harddrop-overlap",
      "seed": 59,
      "d": 0.9942771458960532,
      "a": 3,
      "b": 3003545
    },
    {
      "type": "post-harddrop-overlap",
      "seed": 63,
      "d": 0.9984782446671467,
      "a": 1,
      "b": 2
    },
    {
      "type": "post-harddrop-overlap",
      "seed": 63,
      "d": 0.9895081952518836,
      "a": 3003783,
      "b": 3
    },
    {
      "type": "post-harddrop-overlap",
      "seed": 65,
      "d": 0.9991508806384883,
      "a": 1,
      "b": 2
    },
    {
      "type": "post-harddrop-overlap",
      "seed": 65,
      "d": 0.9947438190318668,
      "a": 3003901,
      "b": 3
    },
    {
      "type": "post-harddrop-overlap",
      "seed": 66,
      "d": 0.9947417016920579,
      "a": 3,
      "b": 3003962
    },
    {
      "type": "post-harddrop-overlap",
      "seed": 69,
      "d": 0.9670656080027321,
      "a": 3,
      "b": 3004148
    },
    {
      "type": "post-harddrop-overlap",
      "seed": 69,
      "d": 0.9660801819078405,
      "a": 2,
      "b": 3004150
    },
    {
      "type": "post-harddrop-overlap",
      "seed": 72,
      "d": 0.9868145700798208,
      "a": 3004328,
      "b": 3
    },
    {
      "type": "post-harddrop-overlap",
      "seed": 79,
      "d": 0.9982251183748627,
      "a": 1,
      "b": 2
    },
    {
      "type": "post-harddrop-overlap",
      "seed": 79,
      "d": 0.9866661495059958,
      "a": 3004742,
      "b": 3
    },
    {
      "type": "post-harddrop-overlap",
      "seed": 85,
      "d": 0.9985936549627898,
      "a": 1,
      "b": 2
    },
    {
      "type": "post-harddrop-overlap",
      "seed": 85,
      "d": 0.9916089079569232,
      "a": 3,
      "b": 3005105
    },
    {
      "type": "post-harddrop-overlap",
      "seed": 87,
      "d": 0.9991069112022398,
      "a": 1,
      "b": 3
    },
    {
      "type": "post-harddrop-overlap",
      "seed": 87,
      "d": 0.9944404813670091,
      "a": 2,
      "b": 3005228
    },
    {
      "type": "post-harddrop-overlap",
      "seed": 101,
      "d": 0.9478986888191051,
      "a": 3006072,
      "b": 1
    },
    {
      "type": "post-harddrop-overlap",
      "seed": 109,
      "d": 0.9994048165849896,
      "a": 1,
      "b": 2
    },
    {
      "type": "post-harddrop-overlap",
      "seed": 109,
      "d": 0.9964266859445384,
      "a": 3006541,
      "b": 3
    },
    {
      "type": "post-harddrop-overlap",
      "seed": 111,
      "d": 0.9678313157627152,
      "a": 3,
      "b": 3006663
    },
    {
      "type": "post-harddrop-overlap",
      "seed": 111,
      "d": 0.9668711677221756,
      "a": 2,
      "b": 3006666
    },
    {
      "type": "post-harddrop-overlap",
      "seed": 117,
      "d": 0.9582836509978027,
      "a": 3,
      "b": 3007032
    },
    {
      "type": "post-harddrop-overlap",
      "seed": 117,
      "d": 0.959534666656944,
      "a": 2,
      "b": 3007023
    }
  ],
  "stats": {
    "post-harddrop-overlap": 52
  }
}
RENDERED_GUIDE_AUDIT {
  "cases": 120,
  "stats": {},
  "bugs": []
}
ONLINE_ROUNDTRIP_AUDIT {
  "stats": {},
  "bugs": []
}
ONLINE_RATING_AUDIT {
  "definitions": 2,
  "calls": 1,
  "zeroDeltaFinish": false,
  "issues": []
}
FRIEND_ROOM_AUDIT {
  "createCalls": 1,
  "joinCalls": 1,
  "mockLabel": false,
  "fakeStart": false,
  "issues": []
}
ATTACK_CONSERVATION_AUDIT {
  "stats": {},
  "bugs": []
}
