===== LOAD V1303 PHYSICS RUNTIME =====
OK  app-01.js
OK  app-02.js
OK  app-03.js
OK  app-04.js
OK  app-05.js
OK  app-06.js
OK  app-07.js
OK  app-pile-arc.js
OK  app-clear-gap-collapse.js
OK  app-floor-gap-invariant.js
OK  app-clear-vacancy-priority.js
OK  app-release-parity-settle.js
OK  app-08.js
OK  app-09.js
OK  app-10.js
OK  app-14.js
OK  app-17.js
OK  app-garbage-normal-physics.js
OK  app-garbage-presentation.js
OK  app-garbage-zero-rigidity.js
OK  app-garbage-deep-settle.js
OK  app-garbage-simultaneous-motion.js
OK  app-garbage-render-overlap-guard.js
OK  app-runtime-performance.js
OK  app-physics-safety-invariants.js
OK  app-mass-motion-safety.js
OK  app-gravity-priority-v1.js
OK  app-garbage-performance-v1.js
OK  app-post-clear-two-stage-v1.js
OK  app-simultaneous-collapse-v1.js
OK  app-garbage-continuous-v1.js
OK  app-contact-separation-v1.js
OK  app-floor-bridge-collapse-v1.js
OK  app-lattice-finalize-v2.js
OK  app-coherent-collapse-v1.js
OK  app-wall-boundary-authoritative-v1.js
OK  app-slope-upconvex-authoritative-v3.js
OK  app-intentional-hexagon-stability-v1.js
OK  app-rigidity-resolver-authoritative-v3.js

===== FINAL FUNCTION CHECK =====
hexPhysPlanGroup function
hexPhysNaturalMotion function
hexPhysResolveEvent function
hexPhysApplyEvent function
settlePass function

===== VERSION MARKERS =====
rigidityResolver: true
gravityPriority: gravity-priority-v6-ai-fastpath

===== CANONICAL SMOKE CASES =====
{
  "freeFall": [
    {
      "id": 100,
      "dx": 0,
      "dy": 2,
      "kind": "GROUP_TRANSLATE",
      "bundleId": 500,
      "groupSize": 3
    },
    {
      "id": 101,
      "dx": 0,
      "dy": 2,
      "kind": "GROUP_TRANSLATE",
      "bundleId": 500,
      "groupSize": 3
    },
    {
      "id": 102,
      "dx": 0,
      "dy": 2,
      "kind": "GROUP_TRANSLATE",
      "bundleId": 500,
      "groupSize": 3
    }
  ],
  "slope": [
    {
      "id": 110,
      "dx": -1,
      "dy": 1,
      "kind": "GROUP_SLOPE_TRANSLATE",
      "bundleId": 501,
      "groupSize": 3
    },
    {
      "id": 111,
      "dx": -1,
      "dy": 1,
      "kind": "GROUP_SLOPE_TRANSLATE",
      "bundleId": 501,
      "groupSize": 3
    },
    {
      "id": 112,
      "dx": -1,
      "dy": 1,
      "kind": "GROUP_SLOPE_TRANSLATE",
      "bundleId": 501,
      "groupSize": 3
    }
  ],
  "upConvex": [
    {
      "id": 120,
      "dx": 1,
      "dy": 1,
      "kind": "GROUP_SLOPE_TRANSLATE",
      "bundleId": 502,
      "groupSize": 2
    },
    {
      "id": 121,
      "dx": 1,
      "dy": 1,
      "kind": "GROUP_SLOPE_TRANSLATE",
      "bundleId": 502,
      "groupSize": 2
    },
    {
      "id": 122,
      "dx": -1,
      "dy": 1,
      "kind": "ROLL_LEFT",
      "bundleId": 0,
      "groupSize": 0
    }
  ]
}

=======================================
 SUCCESS: V1303 FINAL PLANNER LOADED 
=======================================
===== LOAD V1303 PHYSICS RUNTIME =====
OK  app-01.js
OK  app-02.js
OK  app-03.js
OK  app-04.js
OK  app-05.js
OK  app-06.js
OK  app-07.js
OK  app-pile-arc.js
OK  app-clear-gap-collapse.js
OK  app-floor-gap-invariant.js
OK  app-clear-vacancy-priority.js
OK  app-release-parity-settle.js
OK  app-08.js
OK  app-09.js
OK  app-10.js
OK  app-14.js
OK  app-17.js
OK  app-garbage-normal-physics.js
OK  app-garbage-presentation.js
OK  app-garbage-zero-rigidity.js
OK  app-garbage-deep-settle.js
OK  app-garbage-simultaneous-motion.js
OK  app-garbage-render-overlap-guard.js
OK  app-runtime-performance.js
OK  app-physics-safety-invariants.js
OK  app-mass-motion-safety.js
OK  app-gravity-priority-v1.js
OK  app-garbage-performance-v1.js
OK  app-post-clear-two-stage-v1.js
OK  app-simultaneous-collapse-v1.js
OK  app-garbage-continuous-v1.js
OK  app-contact-separation-v1.js
OK  app-floor-bridge-collapse-v1.js
OK  app-lattice-finalize-v2.js
OK  app-coherent-collapse-v1.js
OK  app-wall-boundary-authoritative-v1.js
OK  app-slope-upconvex-authoritative-v3.js
OK  app-intentional-hexagon-stability-v1.js
OK  app-rigidity-resolver-authoritative-v3.js

===== FINAL FUNCTION CHECK =====
hexPhysPlanGroup function
hexPhysNaturalMotion function
hexPhysResolveEvent function
hexPhysApplyEvent function
settlePass function

===== VERSION MARKERS =====
rigidityResolver: true
gravityPriority: gravity-priority-v6-ai-fastpath

===== CANONICAL SMOKE CASES =====
{
  "freeFall": [
    {
      "id": 100,
      "dx": 0,
      "dy": 2,
      "kind": "GROUP_TRANSLATE",
      "bundleId": 500,
      "groupSize": 3
    },
    {
      "id": 101,
      "dx": 0,
      "dy": 2,
      "kind": "GROUP_TRANSLATE",
      "bundleId": 500,
      "groupSize": 3
    },
    {
      "id": 102,
      "dx": 0,
      "dy": 2,
      "kind": "GROUP_TRANSLATE",
      "bundleId": 500,
      "groupSize": 3
    }
  ],
  "slope": [
    {
      "id": 110,
      "dx": -1,
      "dy": 1,
      "kind": "GROUP_SLOPE_TRANSLATE",
      "bundleId": 501,
      "groupSize": 3
    },
    {
      "id": 111,
      "dx": -1,
      "dy": 1,
      "kind": "GROUP_SLOPE_TRANSLATE",
      "bundleId": 501,
      "groupSize": 3
    },
    {
      "id": 112,
      "dx": -1,
      "dy": 1,
      "kind": "GROUP_SLOPE_TRANSLATE",
      "bundleId": 501,
      "groupSize": 3
    }
  ],
  "upConvex": [
    {
      "id": 120,
      "dx": 1,
      "dy": 1,
      "kind": "GROUP_SLOPE_TRANSLATE",
      "bundleId": 502,
      "groupSize": 2
    },
    {
      "id": 121,
      "dx": 1,
      "dy": 1,
      "kind": "GROUP_SLOPE_TRANSLATE",
      "bundleId": 502,
      "groupSize": 2
    },
    {
      "id": 122,
      "dx": -1,
      "dy": 1,
      "kind": "ROLL_LEFT",
      "bundleId": 0,
      "groupSize": 0
    }
  ]
}

=======================================
 SUCCESS: V1303 FINAL PLANNER LOADED 
=======================================
resolver planner definitions: 4
captured planners: 5

===== REPLAY 10000 RANDOM CASES =====
replayed 1000 / 10000
replayed 2000 / 10000
replayed 3000 / 10000
replayed 4000 / 10000
replayed 5000 / 10000
replayed 6000 / 10000
replayed 7000 / 10000
replayed 8000 / 10000
replayed 9000 / 10000
replayed 10000 / 10000

===== LAYER ACTIVATION =====
Layer 1 changed: 3007
Layer 2 changed: 509
Layer 3 changed: 2966
Layer 4 changed: 3096
Layer 5 changed: 0

===== FINAL GOLDEN CHECK =====
FINAL MATCH: 10000 / 10000
FINAL MISMATCH: 0

===== FIRST ACTIVATION PER LAYER =====

--- Layer 1 ---
{
  "index": 3,
  "before": [],
  "after": [
    {
      "id": 1000032,
      "x": 1,
      "y": 4,
      "tx": 2,
      "ty": 5,
      "dx": 1,
      "dy": 1,
      "kind": "ROLL_RIGHT",
      "bundleId": 0,
      "groupSize": 0
    }
  ]
}

--- Layer 2 ---
{
  "index": 60,
  "before": [
    {
      "id": 1000600,
      "x": 10,
      "y": 9,
      "tx": 9,
      "ty": 10,
      "dx": -1,
      "dy": 1,
      "kind": "RIGID_SMOOTH_SLOPE",
      "bundleId": 500060,
      "groupSize": 2
    },
    {
      "id": 1000601,
      "x": 11,
      "y": 10,
      "tx": 10,
      "ty": 11,
      "dx": -1,
      "dy": 1,
      "kind": "FLOOR_GRAVITY_DROP",
      "bundleId": 0,
      "groupSize": 0
    },
    {
      "id": 1000602,
      "x": 9,
      "y": 10,
      "tx": 8,
      "ty": 11,
      "dx": -1,
      "dy": 1,
      "kind": "RIGID_SMOOTH_SLOPE",
      "bundleId": 500060,
      "groupSize": 2
    }
  ],
  "after": [
    {
      "id": 1000600,
      "x": 10,
      "y": 9,
      "tx": 9,
      "ty": 10,
      "dx": -1,
      "dy": 1,
      "kind": "UP_FLOOR_RIGID_LAND",
      "bundleId": 500060,
      "groupSize": 3
    },
    {
      "id": 1000601,
      "x": 11,
      "y": 10,
      "tx": 10,
      "ty": 11,
      "dx": -1,
      "dy": 1,
      "kind": "UP_FLOOR_RIGID_LAND",
      "bundleId": 500060,
      "groupSize": 3
    },
    {
      "id": 1000602,
      "x": 9,
      "y": 10,
      "tx": 8,
      "ty": 11,
      "dx": -1,
      "dy": 1,
      "kind": "UP_FLOOR_RIGID_LAND",
      "bundleId": 500060,
      "groupSize": 3
    }
  ]
}

--- Layer 3 ---
{
  "index": 2,
  "before": [
    {
      "id": 1000020,
      "x": 11,
      "y": 8,
      "tx": 12,
      "ty": 9,
      "dx": 1,
      "dy": 1,
      "kind": "RIGID_SMOOTH_SLOPE",
      "bundleId": 500002,
      "groupSize": 3
    },
    {
      "id": 1000021,
      "x": 13,
      "y": 8,
      "tx": 14,
      "ty": 9,
      "dx": 1,
      "dy": 1,
      "kind": "RIGID_SMOOTH_SLOPE",
      "bundleId": 500002,
      "groupSize": 3
    },
    {
      "id": 1000022,
      "x": 12,
      "y": 9,
      "tx": 13,
      "ty": 10,
      "dx": 1,
      "dy": 1,
      "kind": "RIGID_SMOOTH_SLOPE",
      "bundleId": 500002,
      "groupSize": 3
    }
  ],
  "after": [
    {
      "id": 1000020,
      "x": 11,
      "y": 8,
      "tx": 12,
      "ty": 9,
      "dx": 1,
      "dy": 1,
      "kind": "GROUP_SLOPE_TRANSLATE",
      "bundleId": 500002,
      "groupSize": 3
    },
    {
      "id": 1000021,
      "x": 13,
      "y": 8,
      "tx": 14,
      "ty": 9,
      "dx": 1,
      "dy": 1,
      "kind": "GROUP_SLOPE_TRANSLATE",
      "bundleId": 500002,
      "groupSize": 3
    },
    {
      "id": 1000022,
      "x": 12,
      "y": 9,
      "tx": 13,
      "ty": 10,
      "dx": 1,
      "dy": 1,
      "kind": "GROUP_SLOPE_TRANSLATE",
      "bundleId": 500002,
      "groupSize": 3
    }
  ]
}

--- Layer 4 ---
{
  "index": 0,
  "before": [
    {
      "id": 1000000,
      "x": 5,
      "y": 4,
      "tx": 5,
      "ty": 6,
      "dx": 0,
      "dy": 2,
      "kind": "RIGID_COMMON_FREE_FALL",
      "bundleId": 500000,
      "groupSize": 3
    },
    {
      "id": 1000001,
      "x": 7,
      "y": 4,
      "tx": 7,
      "ty": 6,
      "dx": 0,
      "dy": 2,
      "kind": "RIGID_COMMON_FREE_FALL",
      "bundleId": 500000,
      "groupSize": 3
    },
    {
      "id": 1000002,
      "x": 6,
      "y": 5,
      "tx": 6,
      "ty": 7,
      "dx": 0,
      "dy": 2,
      "kind": "RIGID_COMMON_FREE_FALL",
      "bundleId": 500000,
      "groupSize": 3
    }
  ],
  "after": [
    {
      "id": 1000000,
      "x": 5,
      "y": 4,
      "tx": 5,
      "ty": 6,
      "dx": 0,
      "dy": 2,
      "kind": "GROUP_TRANSLATE",
      "bundleId": 500000,
      "groupSize": 3
    },
    {
      "id": 1000001,
      "x": 7,
      "y": 4,
      "tx": 7,
      "ty": 6,
      "dx": 0,
      "dy": 2,
      "kind": "GROUP_TRANSLATE",
      "bundleId": 500000,
      "groupSize": 3
    },
    {
      "id": 1000002,
      "x": 6,
      "y": 5,
      "tx": 6,
      "ty": 7,
      "dx": 0,
      "dy": 2,
      "kind": "GROUP_TRANSLATE",
      "bundleId": 500000,
      "groupSize": 3
    }
  ]
}

--- Layer 5 ---
NO OUTPUT CHANGE IN RANDOM ORACLE

============================================
 SHADOW AUDIT PASS: FINAL = GOLDEN 10000/10000 
============================================

===== DIRECTED SHADOW RESULT =====
Layer 1 changed: 751
Layer 2 changed: 250
Layer 3 changed: 500
Layer 4 changed: 375
Layer 5 changed: 0

DIRECTED FINAL MATCH: 2000 / 2000
DIRECTED FINAL MISMATCH: 0

===== DIRECTED BY TYPE =====
blocked { total: 250, finalMismatch: 0 }
floor { total: 250, finalMismatch: 0 }
leftWall { total: 250, finalMismatch: 0 }
rightWall { total: 250, finalMismatch: 0 }
valley { total: 250, finalMismatch: 0 }
leftSupport { total: 250, finalMismatch: 0 }
rightSupport { total: 250, finalMismatch: 0 }
separator { total: 250, finalMismatch: 0 }

==============================================
 DIRECTED SHADOW PASS: FINAL = GOLDEN 2000/2000 
==============================================

===== COMMIT AUDIT RANDOM 10000 =====
random 1000 / 10000
random 2000 / 10000
random 3000 / 10000
random 4000 / 10000
random 5000 / 10000
random 6000 / 10000
random 7000 / 10000
random 8000 / 10000
random 9000 / 10000
random 10000 / 10000

===== COMMIT AUDIT DIRECTED 2000 =====
directed 250 / 2000
directed 500 / 2000
directed 750 / 2000
directed 1000 / 2000
directed 1250 / 2000
directed 1500 / 2000
directed 1750 / 2000
directed 2000 / 2000

===== COMMIT LAYER DELTAS =====
Layer 1: output changed=3758, state changed=3585
Layer 2: output changed=759, state changed=759
Layer 3: output changed=3466, state changed=3466
Layer 4: output changed=3471, state changed=3466
Layer 5: output changed=0, state changed=0

===== COMMIT GOLDEN RESULT =====
RANDOM COMMIT MATCH: 10000 / 10000
RANDOM COMMIT MISMATCH: 0
DIRECTED COMMIT MATCH: 2000 / 2000
DIRECTED COMMIT MISMATCH: 0

===== FIRST STATE CHANGE PER LAYER =====

--- Layer 1 ---
{
  "dataset": "random",
  "id": 3,
  "beforeStateSha256": "4e3b71ad894020b1e5fa18900f950edba34c41ff949ed3e1d4dc4df7a8e2abbf",
  "afterStateSha256": "ea529c55e781bc14e629e07ec8343872d0331c91885902750a31f70e190ede54",
  "beforePlan": [],
  "afterPlan": [
    {
      "id": 1000032,
      "x": 1,
      "y": 4,
      "tx": 2,
      "ty": 5,
      "dx": 1,
      "dy": 1,
      "kind": "ROLL_RIGHT",
      "bundleId": 0,
      "groupSize": 0
    }
  ]
}

--- Layer 2 ---
{
  "dataset": "random",
  "id": 60,
  "beforeStateSha256": "9562eb70334498854dc2923d7a1faf0959ac571e9a3acd4e44474c7ee0b17580",
  "afterStateSha256": "aa77cfd75edb26736209c9d336d954397ef425a3c84a3e20a457608ecf3d2dae",
  "beforePlan": [
    {
      "id": 1000600,
      "x": 10,
      "y": 9,
      "tx": 9,
      "ty": 10,
      "dx": -1,
      "dy": 1,
      "kind": "RIGID_SMOOTH_SLOPE",
      "bundleId": 500060,
      "groupSize": 2
    },
    {
      "id": 1000601,
      "x": 11,
      "y": 10,
      "tx": 10,
      "ty": 11,
      "dx": -1,
      "dy": 1,
      "kind": "FLOOR_GRAVITY_DROP",
      "bundleId": 0,
      "groupSize": 0
    },
    {
      "id": 1000602,
      "x": 9,
      "y": 10,
      "tx": 8,
      "ty": 11,
      "dx": -1,
      "dy": 1,
      "kind": "RIGID_SMOOTH_SLOPE",
      "bundleId": 500060,
      "groupSize": 2
    }
  ],
  "afterPlan": [
    {
      "id": 1000600,
      "x": 10,
      "y": 9,
      "tx": 9,
      "ty": 10,
      "dx": -1,
      "dy": 1,
      "kind": "UP_FLOOR_RIGID_LAND",
      "bundleId": 500060,
      "groupSize": 3
    },
    {
      "id": 1000601,
      "x": 11,
      "y": 10,
      "tx": 10,
      "ty": 11,
      "dx": -1,
      "dy": 1,
      "kind": "UP_FLOOR_RIGID_LAND",
      "bundleId": 500060,
      "groupSize": 3
    },
    {
      "id": 1000602,
      "x": 9,
      "y": 10,
      "tx": 8,
      "ty": 11,
      "dx": -1,
      "dy": 1,
      "kind": "UP_FLOOR_RIGID_LAND",
      "bundleId": 500060,
      "groupSize": 3
    }
  ]
}

--- Layer 3 ---
{
  "dataset": "random",
  "id": 2,
  "beforeStateSha256": "a63688b7f68c9eb06f2f40e9234047f7cee85d55fa8c9505800cf07115b3c7af",
  "afterStateSha256": "c0a6ff32db1b02842eda0aa4e101973dc4b29cae47b8edeeb11704442a2f5493",
  "beforePlan": [
    {
      "id": 1000020,
      "x": 11,
      "y": 8,
      "tx": 12,
      "ty": 9,
      "dx": 1,
      "dy": 1,
      "kind": "RIGID_SMOOTH_SLOPE",
      "bundleId": 500002,
      "groupSize": 3
    },
    {
      "id": 1000021,
      "x": 13,
      "y": 8,
      "tx": 14,
      "ty": 9,
      "dx": 1,
      "dy": 1,
      "kind": "RIGID_SMOOTH_SLOPE",
      "bundleId": 500002,
      "groupSize": 3
    },
    {
      "id": 1000022,
      "x": 12,
      "y": 9,
      "tx": 13,
      "ty": 10,
      "dx": 1,
      "dy": 1,
      "kind": "RIGID_SMOOTH_SLOPE",
      "bundleId": 500002,
      "groupSize": 3
    }
  ],
  "afterPlan": [
    {
      "id": 1000020,
      "x": 11,
      "y": 8,
      "tx": 12,
      "ty": 9,
      "dx": 1,
      "dy": 1,
      "kind": "GROUP_SLOPE_TRANSLATE",
      "bundleId": 500002,
      "groupSize": 3
    },
    {
      "id": 1000021,
      "x": 13,
      "y": 8,
      "tx": 14,
      "ty": 9,
      "dx": 1,
      "dy": 1,
      "kind": "GROUP_SLOPE_TRANSLATE",
      "bundleId": 500002,
      "groupSize": 3
    },
    {
      "id": 1000022,
      "x": 12,
      "y": 9,
      "tx": 13,
      "ty": 10,
      "dx": 1,
      "dy": 1,
      "kind": "GROUP_SLOPE_TRANSLATE",
      "bundleId": 500002,
      "groupSize": 3
    }
  ]
}

--- Layer 4 ---
{
  "dataset": "random",
  "id": 2,
  "beforeStateSha256": "c0a6ff32db1b02842eda0aa4e101973dc4b29cae47b8edeeb11704442a2f5493",
  "afterStateSha256": "a63688b7f68c9eb06f2f40e9234047f7cee85d55fa8c9505800cf07115b3c7af",
  "beforePlan": [
    {
      "id": 1000020,
      "x": 11,
      "y": 8,
      "tx": 12,
      "ty": 9,
      "dx": 1,
      "dy": 1,
      "kind": "GROUP_SLOPE_TRANSLATE",
      "bundleId": 500002,
      "groupSize": 3
    },
    {
      "id": 1000021,
      "x": 13,
      "y": 8,
      "tx": 14,
      "ty": 9,
      "dx": 1,
      "dy": 1,
      "kind": "GROUP_SLOPE_TRANSLATE",
      "bundleId": 500002,
      "groupSize": 3
    },
    {
      "id": 1000022,
      "x": 12,
      "y": 9,
      "tx": 13,
      "ty": 10,
      "dx": 1,
      "dy": 1,
      "kind": "GROUP_SLOPE_TRANSLATE",
      "bundleId": 500002,
      "groupSize": 3
    }
  ],
  "afterPlan": [
    {
      "id": 1000020,
      "x": 11,
      "y": 8,
      "tx": 12,
      "ty": 9,
      "dx": 1,
      "dy": 1,
      "kind": "GROUP_SLOPE_TRANSLATE",
      "bundleId": 500002,
      "groupSize": 3
    },
    {
      "id": 1000021,
      "x": 13,
      "y": 8,
      "tx": 14,
      "ty": 9,
      "dx": 1,
      "dy": 1,
      "kind": "GROUP_SLOPE_TRANSLATE",
      "bundleId": 500002,
      "groupSize": 3
    },
    {
      "id": 1000022,
      "x": 12,
      "y": 9,
      "tx": 13,
      "ty": 10,
      "dx": 1,
      "dy": 1,
      "kind": "GROUP_SLOPE_TRANSLATE",
      "bundleId": 500002,
      "groupSize": 3
    }
  ]
}

--- Layer 5 ---
NO STATE CHANGE IN 12000 CASES

==============================================
 COMMIT AUDIT PASS: GOLDEN 12000 / 12000 
==============================================
v1303 CURRENT 4-LAYER ORACLE SUITE PASS: 12000 PREVIEW + COMMIT CASES
final rigidity authority v21 PASS
===== LOAD V1303 PHYSICS RUNTIME =====
OK  app-01.js
OK  app-02.js
OK  app-03.js
OK  app-04.js
OK  app-05.js
OK  app-06.js
OK  app-07.js
OK  app-pile-arc.js
OK  app-clear-gap-collapse.js
OK  app-floor-gap-invariant.js
OK  app-clear-vacancy-priority.js
OK  app-release-parity-settle.js
OK  app-08.js
OK  app-09.js
OK  app-10.js
OK  app-14.js
OK  app-17.js
OK  app-garbage-normal-physics.js
OK  app-garbage-presentation.js
OK  app-garbage-zero-rigidity.js
OK  app-garbage-deep-settle.js
OK  app-garbage-simultaneous-motion.js
OK  app-garbage-render-overlap-guard.js
OK  app-runtime-performance.js
OK  app-physics-safety-invariants.js
OK  app-mass-motion-safety.js
OK  app-gravity-priority-v1.js
OK  app-garbage-performance-v1.js
OK  app-post-clear-two-stage-v1.js
OK  app-simultaneous-collapse-v1.js
OK  app-garbage-continuous-v1.js
OK  app-contact-separation-v1.js
OK  app-floor-bridge-collapse-v1.js
OK  app-lattice-finalize-v2.js
OK  app-coherent-collapse-v1.js
OK  app-wall-boundary-authoritative-v1.js
OK  app-slope-upconvex-authoritative-v3.js
OK  app-intentional-hexagon-stability-v1.js
OK  app-rigidity-resolver-authoritative-v3.js

===== FINAL FUNCTION CHECK =====
hexPhysPlanGroup function
hexPhysNaturalMotion function
hexPhysResolveEvent function
hexPhysApplyEvent function
settlePass function

===== VERSION MARKERS =====
rigidityResolver: true
gravityPriority: gravity-priority-v6-ai-fastpath

===== CANONICAL SMOKE CASES =====
{
  "freeFall": [
    {
      "id": 100,
      "dx": 0,
      "dy": 2,
      "kind": "GROUP_TRANSLATE",
      "bundleId": 500,
      "groupSize": 3
    },
    {
      "id": 101,
      "dx": 0,
      "dy": 2,
      "kind": "GROUP_TRANSLATE",
      "bundleId": 500,
      "groupSize": 3
    },
    {
      "id": 102,
      "dx": 0,
      "dy": 2,
      "kind": "GROUP_TRANSLATE",
      "bundleId": 500,
      "groupSize": 3
    }
  ],
  "slope": [
    {
      "id": 110,
      "dx": -1,
      "dy": 1,
      "kind": "GROUP_SLOPE_TRANSLATE",
      "bundleId": 501,
      "groupSize": 3
    },
    {
      "id": 111,
      "dx": -1,
      "dy": 1,
      "kind": "GROUP_SLOPE_TRANSLATE",
      "bundleId": 501,
      "groupSize": 3
    },
    {
      "id": 112,
      "dx": -1,
      "dy": 1,
      "kind": "GROUP_SLOPE_TRANSLATE",
      "bundleId": 501,
      "groupSize": 3
    }
  ],
  "upConvex": [
    {
      "id": 120,
      "dx": 1,
      "dy": 1,
      "kind": "GROUP_SLOPE_TRANSLATE",
      "bundleId": 502,
      "groupSize": 2
    },
    {
      "id": 121,
      "dx": 1,
      "dy": 1,
      "kind": "GROUP_SLOPE_TRANSLATE",
      "bundleId": 502,
      "groupSize": 2
    },
    {
      "id": 122,
      "dx": -1,
      "dy": 1,
      "kind": "ROLL_LEFT",
      "bundleId": 0,
      "groupSize": 0
    }
  ]
}

=======================================
 SUCCESS: V1303 FINAL PLANNER LOADED 
=======================================
final rigidity production audit PASS 10000/10000 sameDirection=3096 oppositeSplits=708 activeCentralSplits=260 positionFinalSplits=448 inverseLegacy=5088 rejectedOutsideBand=1105 releasedFixed=3106
===== LOAD V1303 PHYSICS RUNTIME =====
OK  app-01.js
OK  app-02.js
OK  app-03.js
OK  app-04.js
OK  app-05.js
OK  app-06.js
OK  app-07.js
OK  app-pile-arc.js
OK  app-clear-gap-collapse.js
OK  app-floor-gap-invariant.js
OK  app-clear-vacancy-priority.js
OK  app-release-parity-settle.js
OK  app-08.js
OK  app-09.js
OK  app-10.js
OK  app-14.js
OK  app-17.js
OK  app-garbage-normal-physics.js
OK  app-garbage-presentation.js
OK  app-garbage-zero-rigidity.js
OK  app-garbage-deep-settle.js
OK  app-garbage-simultaneous-motion.js
OK  app-garbage-render-overlap-guard.js
OK  app-runtime-performance.js
OK  app-physics-safety-invariants.js
OK  app-mass-motion-safety.js
OK  app-gravity-priority-v1.js
OK  app-garbage-performance-v1.js
OK  app-post-clear-two-stage-v1.js
OK  app-simultaneous-collapse-v1.js
OK  app-garbage-continuous-v1.js
OK  app-contact-separation-v1.js
OK  app-floor-bridge-collapse-v1.js
OK  app-lattice-finalize-v2.js
OK  app-coherent-collapse-v1.js
OK  app-wall-boundary-authoritative-v1.js
OK  app-slope-upconvex-authoritative-v3.js
OK  app-intentional-hexagon-stability-v1.js
OK  app-rigidity-resolver-authoritative-v3.js

===== FINAL FUNCTION CHECK =====
hexPhysPlanGroup function
hexPhysNaturalMotion function
hexPhysResolveEvent function
hexPhysApplyEvent function
settlePass function

===== VERSION MARKERS =====
rigidityResolver: true
gravityPriority: gravity-priority-v6-ai-fastpath

===== CANONICAL SMOKE CASES =====
{
  "freeFall": [
    {
      "id": 100,
      "dx": 0,
      "dy": 2,
      "kind": "GROUP_TRANSLATE",
      "bundleId": 500,
      "groupSize": 3
    },
    {
      "id": 101,
      "dx": 0,
      "dy": 2,
      "kind": "GROUP_TRANSLATE",
      "bundleId": 500,
      "groupSize": 3
    },
    {
      "id": 102,
      "dx": 0,
      "dy": 2,
      "kind": "GROUP_TRANSLATE",
      "bundleId": 500,
      "groupSize": 3
    }
  ],
  "slope": [
    {
      "id": 110,
      "dx": -1,
      "dy": 1,
      "kind": "GROUP_SLOPE_TRANSLATE",
      "bundleId": 501,
      "groupSize": 3
    },
    {
      "id": 111,
      "dx": -1,
      "dy": 1,
      "kind": "GROUP_SLOPE_TRANSLATE",
      "bundleId": 501,
      "groupSize": 3
    },
    {
      "id": 112,
      "dx": -1,
      "dy": 1,
      "kind": "GROUP_SLOPE_TRANSLATE",
      "bundleId": 501,
      "groupSize": 3
    }
  ],
  "upConvex": [
    {
      "id": 120,
      "dx": 1,
      "dy": 1,
      "kind": "GROUP_SLOPE_TRANSLATE",
      "bundleId": 502,
      "groupSize": 2
    },
    {
      "id": 121,
      "dx": 1,
      "dy": 1,
      "kind": "GROUP_SLOPE_TRANSLATE",
      "bundleId": 502,
      "groupSize": 2
    },
    {
      "id": 122,
      "dx": -1,
      "dy": 1,
      "kind": "ROLL_LEFT",
      "bundleId": 0,
      "groupSize": 0
    }
  ]
}

=======================================
 SUCCESS: V1303 FINAL PLANNER LOADED 
=======================================
recording 23:57:46 live/grid/opposite-pair regression PASS {"result":{"airborneCount":0,"rigidInAir":true,"pair":[1,3],"expectedPair":[1,3],"soloId":2,"expectedSoloId":2,"version":"final-rigidity-authority-v21","soleAuthority":true,"reason":"split-direction-confirmed-before-pair-rigidity"},"gridResult":{"oneRowAhead":{"count":0,"rigid":true,"pair":[],"soloId":null,"topId":1,"leftId":2,"rightId":3,"state":[{"id":1,"rigid":true,"groupId":235747,"groupSize":3},{"id":2,"rigid":true,"groupId":235747,"groupSize":3},{"id":3,"rigid":true,"groupId":235747,"groupSize":3}],"correction":{"reason":"reject-airborne-upward-two-plus-one","rejected":{"splitSide":"left","pairSide":"right","pairIds":[1,3],"soloId":2},"airborneCandidate":true,"airborneReason":"displayed-contact-grid-not-current","liveDistances":null,"at":1787704503749}},"reversedLogicalSide":{"count":3,"rigid":false,"pair":[1,2],"soloId":3,"topId":1,"leftId":2,"rightId":3,"state":[{"id":1,"rigid":true,"groupId":235748,"groupSize":2},{"id":2,"rigid":true,"groupId":235748,"groupSize":2},{"id":3,"rigid":false,"groupId":0,"groupSize":0}],"correction":{"reason":"split-direction-confirmed-before-pair-rigidity","splitDirection":-1,"splitSide":"right","pairSide":"left","pairIds":[1,2],"pairLowerId":2,"soloId":3,"hitFraction":0.6749999999999998,"logicalHitFraction":0.3250000000000002,"contactSideSource":"live-visual-right-hit-fraction","liveContactSource":"live-current-grid-contact-v21","liveContactDistances":[1.0980095627998874,0.9250000000000002],"liveContactHitFraction":0.6749999999999998,"liveContactRowErrors":{"left":0,"right":0,"support":0},"liveContactSupportBelowRows":1,"replacedPair":{"splitSide":"left","pairSide":"right","pairIds":[1,3],"soloId":2},"at":1787704503751}}}}
up-convex production contact sweep PASS 29160/29160 active=14328 outerRigid=14832 outerMoving=0 outerWaiting=14832 exactBoundaries=144 pairOnly=0 leftSolo=7128 rightSolo=7128 dense=1080 resolverNoHorizontal=2 settleNoHorizontal=2 outerReasons={"reject-upward-split-outside-middle-fifty-percent":14832}
every cleared ball disappearance FX PASS {"cells":7,"arcs":14,"strokes":7,"fills":7}
