garbage ordinary-physics + frozen existing pile PASS {"doneFrame":406,"spawned":12,"minDistance":0.9999999990070921}
garbage spawn effect + 0.600 s PYRAMID cadence PASS {"starts":[{"seq":0,"t":0.008333333333333333,"ids":[1,2,3,4,5,6]},{"seq":1,"t":0.6083333333333336,"ids":[7,8,9,10,11,12]}],"delta":0.6000000000000003}
accumulated pile gravity/no-horizontal motion PASS
garbage zero-rigidity current-authority PASS {"released":[1,2,3],"ordinaryGroup":1}
garbage lower-diagonal before final settle PASS {"from":[2,1],"to":[1,2],"frozen":[8,1],"kind":"ROLL_LEFT","pivot":[3,2],"topPivot":null}
garbage chain-free dense settle PASS [{"type":1,"done":411,"spawned":18,"maxGlobalStall":2,"minDistance":0.999996095262861},{"type":2,"done":298,"spawned":18,"maxGlobalStall":0,"minDistance":0.999999998784755},{"type":3,"done":326,"spawned":18,"maxGlobalStall":0,"minDistance":0.9999999986719219},{"type":4,"done":314,"spawned":18,"maxGlobalStall":1,"minDistance":0.9998569508717506}]
post-garbage internal + secondary-clear collapse PASS
game-over former-garbage fade PASS
garbage render overlap guard PASS
===== LOAD V1303 PHYSICS RUNTIME =====
OK  app-01.js
OK  app-02.js
OK  app-03.js
OK  app-04.js
OK  app-05.js
OK  app-06.js
OK  app-07.js
OK  app-pile-arc.js
OK  app-clear-gap-collapse.js
OK  app-floor-gap-invariant.js
OK  app-clear-vacancy-priority.js
OK  app-release-parity-settle.js
OK  app-08.js
OK  app-09.js
OK  app-10.js
OK  app-14.js
OK  app-17.js
OK  app-garbage-normal-physics.js
OK  app-garbage-presentation.js
OK  app-garbage-zero-rigidity.js
OK  app-garbage-deep-settle.js
OK  app-garbage-simultaneous-motion.js
OK  app-garbage-render-overlap-guard.js
OK  app-runtime-performance.js
OK  app-physics-safety-invariants.js
OK  app-mass-motion-safety.js
OK  app-gravity-priority-v1.js
OK  app-garbage-performance-v1.js
OK  app-post-clear-two-stage-v1.js
/home/runner/work/6ballpuzzle/6ballpuzzle/tests/v1303-plan-group-smoke.js:152
    throw new Error("MISSING FILE: " + file);
    ^

Error: MISSING FILE: app-simultaneous-collapse-v1.js
    at Object.<anonymous> (/home/runner/work/6ballpuzzle/6ballpuzzle/tests/v1303-plan-group-smoke.js:152:11)
    at Module._compile (node:internal/modules/cjs/loader:1781:14)
    at Object..js (node:internal/modules/cjs/loader:1913:10)
    at Module.load (node:internal/modules/cjs/loader:1505:32)
    at Function._load (node:internal/modules/cjs/loader:1309:12)
    at wrapModuleLoad (node:internal/modules/cjs/loader:254:19)
    at Module.require (node:internal/modules/cjs/loader:1527:12)
    at require (node:internal/modules/helpers:147:16)
    at Object.<anonymous> (/home/runner/work/6ballpuzzle/6ballpuzzle/tests/.v1303-rigidity-shadow-current.js:7:5)
    at Module._compile (node:internal/modules/cjs/loader:1781:14)

Node.js v22.23.2
node:child_process:955
    throw err;
    ^

Error: Command failed: /opt/hostedtoolcache/node/22.23.2/x64/bin/node /home/runner/work/6ballpuzzle/6ballpuzzle/tests/.v1303-rigidity-commit-state-current.js
    at genericNodeError (node:internal/errors:983:15)
    at wrappedFn (node:internal/errors:537:14)
    at checkExecSyncError (node:child_process:916:11)
    at Object.execFileSync (node:child_process:952:15)
    at Object.<anonymous> (/home/runner/work/6ballpuzzle/6ballpuzzle/tests/v1303-current-oracle-suite.js:82:6)
    at Module._compile (node:internal/modules/cjs/loader:1781:14)
    at Object..js (node:internal/modules/cjs/loader:1913:10)
    at Module.load (node:internal/modules/cjs/loader:1505:32)
    at Function._load (node:internal/modules/cjs/loader:1309:12)
    at wrapModuleLoad (node:internal/modules/cjs/loader:254:19) {
  status: 1,
  signal: null,
  output: [ null, null, null ],
  pid: 2415,
  stdout: null,
  stderr: null
}

Node.js v22.23.2
