HARD_DROP_CONVERGENCE {
  "failures": [
    {
      "type": "visual-overlap",
      "seed": 9,
      "step": 1,
      "d": 0.8792022554837787,
      "a": 1,
      "b": 3,
      "state": "RESOLVING",
      "phase": "SETTLE"
    },
    {
      "type": "visual-overlap",
      "seed": 9,
      "step": 1,
      "d": 0.6515606228360185,
      "a": 3,
      "b": 2,
      "state": "RESOLVING",
      "phase": "SETTLE"
    },
    {
      "type": "visual-overlap",
      "seed": 9,
      "step": 2,
      "d": 0.8900304332651435,
      "a": 1,
      "b": 3,
      "state": "RESOLVING",
      "phase": "SETTLE"
    },
    {
      "type": "visual-overlap",
      "seed": 9,
      "step": 2,
      "d": 0.7047739480922504,
      "a": 3,
      "b": 2,
      "state": "RESOLVING",
      "phase": "SETTLE"
    },
    {
      "type": "visual-overlap",
      "seed": 9,
      "step": 3,
      "d": 0.9036047134314433,
      "a": 1,
      "b": 3,
      "state": "RESOLVING",
      "phase": "SETTLE"
    },
    {
      "type": "visual-overlap",
      "seed": 9,
      "step": 3,
      "d": 0.7566429783091546,
      "a": 3,
      "b": 2,
      "state": "RESOLVING",
      "phase": "SETTLE"
    },
    {
      "type": "visual-overlap",
      "seed": 9,
      "step": 4,
      "d": 0.919469364711047,
      "a": 1,
      "b": 3,
      "state": "RESOLVING",
      "phase": "SETTLE"
    },
    {
      "type": "visual-overlap",
      "seed": 9,
      "step": 4,
      "d": 0.8069091349069692,
      "a": 3,
      "b": 2,
      "state": "RESOLVING",
      "phase": "SETTLE"
    },
    {
      "type": "visual-overlap",
      "seed": 9,
      "step": 5,
      "d": 0.9371147868921222,
      "a": 1,
      "b": 3,
      "state": "RESOLVING",
      "phase": "SETTLE"
    },
    {
      "type": "visual-overlap",
      "seed": 9,
      "step": 5,
      "d": 0.8553717502893543,
      "a": 3,
      "b": 2,
      "state": "RESOLVING",
      "phase": "SETTLE"
    },
    {
      "type": "visual-overlap",
      "seed": 9,
      "step": 6,
      "d": 0.9560338239810185,
      "a": 1,
      "b": 3,
      "state": "RESOLVING",
      "phase": "SETTLE"
    },
    {
      "type": "visual-overlap",
      "seed": 9,
      "step": 6,
      "d": 0.9018836815943917,
      "a": 3,
      "b": 2,
      "state": "RESOLVING",
      "phase": "SETTLE"
    },
    {
      "type": "visual-overlap",
      "seed": 9,
      "step": 7,
      "d": 0.975775278664504,
      "a": 1,
      "b": 3,
      "state": "RESOLVING",
      "phase": "SETTLE"
    },
    {
      "type": "visual-overlap",
      "seed": 9,
      "step": 7,
      "d": 0.9463377966448694,
      "a": 3,
      "b": 2,
      "state": "RESOLVING",
      "phase": "SETTLE"
    },
    {
      "type": "visual-overlap",
      "seed": 9,
      "step": 8,
      "d": 0.9954991578200167,
      "a": 1,
      "b": 3,
      "state": "RESOLVING",
      "phase": "SETTLE"
    },
    {
      "type": "visual-overlap",
      "seed": 9,
      "step": 8,
      "d": 0.9896209917522756,
      "a": 3,
      "b": 2,
      "state": "RESOLVING",
      "phase": "SETTLE"
    },
    {
      "type": "visual-overlap",
      "seed": 3,
      "step": 1,
      "d": 0.96395700570207,
      "a": 1,
      "b": 2,
      "state": "RESOLVING",
      "phase": "SETTLE"
    },
    {
      "type": "visual-overlap",
      "seed": 3,
      "step": 1,
      "d": 0.9233376928485486,
      "a": 3,
      "b": 2,
      "state": "RESOLVING",
      "phase": "SETTLE"
    },
    {
      "type": "visual-overlap",
      "seed": 3,
      "step": 2,
      "d": 0.9876411037632852,
      "a": 1,
      "b": 2,
      "state": "RESOLVING",
      "phase": "SETTLE"
    },
    {
      "type": "visual-overlap",
      "seed": 3,
      "step": 2,
      "d": 0.9748019050546574,
      "a": 3,
      "b": 2,
      "state": "RESOLVING",
      "phase": "SETTLE"
    },
    {
      "type": "visual-overlap",
      "seed": 5,
      "step": 1,
      "d": 0.8829428303093729,
      "a": 1,
      "b": 3,
      "state": "RESOLVING",
      "phase": "SETTLE"
    },
    {
      "type": "visual-overlap",
      "seed": 5,
      "step": 2,
      "d": 0.8956974395966228,
      "a": 1,
      "b": 3,
      "state": "RESOLVING",
      "phase": "SETTLE"
    },
    {
      "type": "visual-overlap",
      "seed": 5,
      "step": 3,
      "d": 0.9112495735649259,
      "a": 1,
      "b": 3,
      "state": "RESOLVING",
      "phase": "SETTLE"
    },
    {
      "type": "visual-overlap",
      "seed": 5,
      "step": 4,
      "d": 0.9288659697355494,
      "a": 1,
      "b": 3,
      "state": "RESOLVING",
      "phase": "SETTLE"
    },
    {
      "type": "visual-overlap",
      "seed": 5,
      "step": 5,
      "d": 0.9480339272708272,
      "a": 1,
      "b": 3,
      "state": "RESOLVING",
      "phase": "SETTLE"
    },
    {
      "type": "visual-overlap",
      "seed": 5,
      "step": 6,
      "d": 0.9679739019266904,
      "a": 1,
      "b": 3,
      "state": "RESOLVING",
      "phase": "SETTLE"
    },
    {
      "type": "visual-overlap",
      "seed": 5,
      "step": 7,
      "d": 0.9883977114254678,
      "a": 1,
      "b": 3,
      "state": "RESOLVING",
      "phase": "SETTLE"
    },
    {
      "type": "visual-overlap",
      "seed": 11,
      "step": 9,
      "d": 0.9245358633965942,
      "a": 1,
      "b": 3,
      "state": "RESOLVING",
      "phase": "SETTLE"
    },
    {
      "type": "visual-overlap",
      "seed": 11,
      "step": 9,
      "d": 0.9492158557247169,
      "a": 3000671,
      "b": 3,
      "state": "RESOLVING",
      "phase": "SETTLE"
    },
    {
      "type": "visual-overlap",
      "seed": 11,
      "step": 10,
      "d": 0.9346950843308789,
      "a": 1,
      "b": 3,
      "state": "RESOLVING",
      "phase": "SETTLE"
    },
    {
      "type": "visual-overlap",
      "seed": 11,
      "step": 10,
      "d": 0.9555538767321938,
      "a": 3000671,
      "b": 3,
      "state": "RESOLVING",
      "phase": "SETTLE"
    },
    {
      "type": "visual-overlap",
      "seed": 11,
      "step": 11,
      "d": 0.9454274382182658,
      "a": 1,
      "b": 3,
      "state": "RESOLVING",
      "phase": "SETTLE"
    },
    {
      "type": "visual-overlap",
      "seed": 11,
      "step": 11,
      "d": 0.9624684343119138,
      "a": 3000671,
      "b": 3,
      "state": "RESOLVING",
      "phase": "SETTLE"
    },
    {
      "type": "visual-overlap",
      "seed": 11,
      "step": 12,
      "d": 0.9564840442408319,
      "a": 1,
      "b": 3,
      "state": "RESOLVING",
      "phase": "SETTLE"
    },
    {
      "type": "visual-overlap",
      "seed": 11,
      "step": 12,
      "d": 0.9698085133869266,
      "a": 3000671,
      "b": 3,
      "state": "RESOLVING",
      "phase": "SETTLE"
    },
    {
      "type": "visual-overlap",
      "seed": 11,
      "step": 13,
      "d": 0.9676838803036985,
      "a": 1,
      "b": 3,
      "state": "RESOLVING",
      "phase": "SETTLE"
    },
    {
      "type": "visual-overlap",
      "seed": 11,
      "step": 13,
      "d": 0.9774706026294082,
      "a": 3000671,
      "b": 3,
      "state": "RESOLVING",
      "phase": "SETTLE"
    },
    {
      "type": "visual-overlap",
      "seed": 11,
      "step": 14,
      "d": 0.9788602325896365,
      "a": 1,
      "b": 3,
      "state": "RESOLVING",
      "phase": "SETTLE"
    },
    {
      "type": "visual-overlap",
      "seed": 11,
      "step": 14,
      "d": 0.9853538312238778,
      "a": 3000671,
      "b": 3,
      "state": "RESOLVING",
      "phase": "SETTLE"
    },
    {
      "type": "visual-overlap",
      "seed": 11,
      "step": 15,
      "d": 0.9896301357319657,
      "a": 1,
      "b": 3,
      "state": "RESOLVING",
      "phase": "SETTLE"
    },
    {
      "type": "visual-overlap",
      "seed": 11,
      "step": 15,
      "d": 0.9935839270723335,
      "a": 3000671,
      "b": 3,
      "state": "RESOLVING",
      "phase": "SETTLE"
    },
    {
      "type": "visual-overlap",
      "seed": 11,
      "step": 16,
      "d": 0.9994123533261491,
      "a": 1,
      "b": 3,
      "state": "RESOLVING",
      "phase": "SETTLE"
    },
    {
      "type": "visual-overlap",
      "seed": 17,
      "step": 11,
      "d": 0.8734369724265452,
      "a": 1,
      "b": 2,
      "state": "RESOLVING",
      "phase": "SETTLE"
    },
    {
      "type": "visual-overlap",
      "seed": 17,
      "step": 11,
      "d": 0.6135455810645785,
      "a": 3,
      "b": 2,
      "state": "RESOLVING",
      "phase": "SETTLE"
    },
    {
      "type": "visual-overlap",
      "seed": 17,
      "step": 12,
      "d": 0.8817925231185113,
      "a": 1,
      "b": 2,
      "state": "RESOLVING",
      "phase": "SETTLE"
    },
    {
      "type": "visual-overlap",
      "seed": 17,
      "step": 12,
      "d": 0.6660081861097789,
      "a": 3,
      "b": 2,
      "state": "RESOLVING",
      "phase": "SETTLE"
    },
    {
      "type": "visual-overlap",
      "seed": 17,
      "step": 13,
      "d": 0.8928437990551537,
      "a": 1,
      "b": 2,
      "state": "RESOLVING",
      "phase": "SETTLE"
    },
    {
      "type": "visual-overlap",
      "seed": 17,
      "step": 13,
      "d": 0.7171886697335186,
      "a": 3,
      "b": 2,
      "state": "RESOLVING",
      "phase": "SETTLE"
    },
    {
      "type": "visual-overlap",
      "seed": 17,
      "step": 14,
      "d": 0.9062075050203681,
      "a": 1,
      "b": 2,
      "state": "RESOLVING",
      "phase": "SETTLE"
    },
    {
      "type": "visual-overlap",
      "seed": 17,
      "step": 14,
      "d": 0.7668578452678885,
      "a": 3,
      "b": 2,
      "state": "RESOLVING",
      "phase": "SETTLE"
    },
    {
      "type": "visual-overlap",
      "seed": 17,
      "step": 15,
      "d": 0.9217945793371682,
      "a": 1,
      "b": 2,
      "state": "RESOLVING",
      "phase": "SETTLE"
    },
    {
      "type": "visual-overlap",
      "seed": 17,
      "step": 15,
      "d": 0.8156158807495518,
      "a": 3,
      "b": 2,
      "state": "RESOLVING",
      "phase": "SETTLE"
    },
    {
      "type": "visual-overlap",
      "seed": 17,
      "step": 16,
      "d": 0.9393236034858297,
      "a": 1,
      "b": 2,
      "state": "RESOLVING",
      "phase": "SETTLE"
    },
    {
      "type": "visual-overlap",
      "seed": 17,
      "step": 16,
      "d": 0.8632534716235845,
      "a": 3,
      "b": 2,
      "state": "RESOLVING",
      "phase": "SETTLE"
    },
    {
      "type": "visual-overlap",
      "seed": 17,
      "step": 17,
      "d": 0.9578700714486049,
      "a": 1,
      "b": 2,
      "state": "RESOLVING",
      "phase": "SETTLE"
    },
    {
      "type": "visual-overlap",
      "seed": 17,
      "step": 17,
      "d": 0.9084276983093016,
      "a": 3,
      "b": 2,
      "state": "RESOLVING",
      "phase": "SETTLE"
    },
    {
      "type": "visual-overlap",
      "seed": 17,
      "step": 18,
      "d": 0.9768557285775555,
      "a": 1,
      "b": 2,
      "state": "RESOLVING",
      "phase": "SETTLE"
    },
    {
      "type": "visual-overlap",
      "seed": 17,
      "step": 18,
      "d": 0.9509183984641354,
      "a": 3,
      "b": 2,
      "state": "RESOLVING",
      "phase": "SETTLE"
    },
    {
      "type": "visual-overlap",
      "seed": 17,
      "step": 19,
      "d": 0.9958218725347651,
      "a": 1,
      "b": 2,
      "state": "RESOLVING",
      "phase": "SETTLE"
    },
    {
      "type": "visual-overlap",
      "seed": 17,
      "step": 19,
      "d": 0.9905628591791049,
      "a": 3,
      "b": 2,
      "state": "RESOLVING",
      "phase": "SETTLE"
    }
  ]
}
