LANDING_ANCHOR_DIAG [
  {
    "seed": 1,
    "piece": {
      "x": 1,
      "y": -2,
      "rot": 1
    },
    "freeX": 0.7070967741935484,
    "pieceVX": 0.7070967741935484,
    "target": {
      "x": 1,
      "y": 8,
      "cells": [
        [
          2,
          7
        ],
        [
          3,
          8
        ],
        [
          1,
          8
        ]
      ]
    },
    "shadow": [
      [
        1.7070967741935483,
        8.9198731321539
      ],
      [
        2.7070967741935483,
        9.9198731321539
      ],
      [
        0.7070967741935484,
        9.9198731321539
      ]
    ],
    "contacts": [
      {
        "role": 0,
        "pose": [
          1.7070967741935483,
          8.9198731321539
        ],
        "floorGap": 2.0801268678461007,
        "near": []
      },
      {
        "role": 1,
        "pose": [
          2.7070967741935483,
          9.9198731321539
        ],
        "floorGap": 1.0801268678461007,
        "near": [
          {
            "id": 3000060,
            "x": 2,
            "y": 11,
            "vx": 2,
            "vy": 11,
            "d": 1.0000010000000006,
            "side": -1,
            "below": true
          }
        ]
      },
      {
        "role": 2,
        "pose": [
          0.7070967741935484,
          9.9198731321539
        ],
        "floorGap": 1.0801268678461007,
        "near": []
      }
    ],
    "candidates": [
      {
        "x": 7,
        "y": 10,
        "dx": 6,
        "dy": 2,
        "ox": -6.292903225806452,
        "oy": -0.08012686784610068,
        "phys": 3.1472167050513744,
        "noUp": true,
        "cells": [
          [
            8,
            9
          ],
          [
            9,
            10
          ],
          [
            7,
            10
          ]
        ]
      },
      {
        "x": 0,
        "y": 9,
        "dx": -1,
        "dy": 1,
        "ox": 0.7070967741935483,
        "oy": 0.9198731321538993,
        "phys": 0.8715626176372522,
        "noUp": false,
        "cells": [
          [
            1,
            8
          ],
          [
            2,
            9
          ],
          [
            0,
            9
          ]
        ]
      },
      {
        "x": 2,
        "y": 9,
        "dx": 1,
        "dy": 1,
        "ox": -1.2929032258064517,
        "oy": 0.9198731321538993,
        "phys": 1.0259262265236964,
        "noUp": false,
        "cells": [
          [
            3,
            8
          ],
          [
            4,
            9
          ],
          [
            2,
            9
          ]
        ]
      },
      {
        "x": 1,
        "y": 8,
        "dx": 0,
        "dy": 0,
        "ox": -0.2929032258064517,
        "oy": 1.9198731321538993,
        "phys": 1.6690963745682192,
        "noUp": false,
        "cells": [
          [
            2,
            7
          ],
          [
            3,
            8
          ],
          [
            1,
            8
          ]
        ]
      },
      {
        "x": 4,
        "y": 9,
        "dx": 3,
        "dy": 1,
        "ox": -3.2929032258064517,
        "oy": 0.9198731321538993,
        "phys": 1.8290510785857246,
        "noUp": false,
        "cells": [
          [
            5,
            8
          ],
          [
            6,
            9
          ],
          [
            4,
            9
          ]
        ]
      },
      {
        "x": 3,
        "y": 8,
        "dx": 2,
        "dy": 0,
        "ox": -2.2929032258064517,
        "oy": 1.9198731321538993,
        "phys": 2.019600439048087,
        "noUp": false,
        "cells": [
          [
            4,
            7
          ],
          [
            5,
            8
          ],
          [
            3,
            8
          ]
        ]
      },
      {
        "x": 5,
        "y": 8,
        "dx": 4,
        "dy": 0,
        "ox": -4.292903225806452,
        "oy": 1.9198731321538993,
        "phys": 2.715085479171821,
        "noUp": false,
        "cells": [
          [
            6,
            7
          ],
          [
            7,
            8
          ],
          [
            5,
            8
          ]
        ]
      },
      {
        "x": 6,
        "y": 9,
        "dx": 5,
        "dy": 1,
        "ox": -5.292903225806452,
        "oy": 0.9198731321538993,
        "phys": 2.7637530775888886,
        "noUp": false,
        "cells": [
          [
            7,
            8
          ],
          [
            8,
            9
          ],
          [
            6,
            9
          ]
        ]
      },
      {
        "x": 7,
        "y": 8,
        "dx": 6,
        "dy": 0,
        "ox": -6.292903225806452,
        "oy": 1.9198731321538993,
        "phys": 3.558734660664676,
        "noUp": false,
        "cells": [
          [
            8,
            7
          ],
          [
            9,
            8
          ],
          [
            7,
            8
          ]
        ]
      }
    ]
  },
  {
    "seed": 3,
    "piece": {
      "x": 1,
      "y": -2,
      "rot": 3
    },
    "freeX": 1.7393548387096776,
    "pieceVX": 1.7393548387096776,
    "target": {
      "x": 1,
      "y": 8,
      "cells": [
        [
          2,
          7
        ],
        [
          3,
          8
        ],
        [
          1,
          8
        ]
      ]
    },
    "shadow": [
      [
        2.7393548387096773,
        8.855145991854574
      ],
      [
        3.7393548387096773,
        9.855145991854574
      ],
      [
        1.7393548387096776,
        9.855145991854574
      ]
    ],
    "contacts": [
      {
        "role": 0,
        "pose": [
          2.7393548387096773,
          8.855145991854574
        ],
        "floorGap": 2.144854008145426,
        "near": []
      },
      {
        "role": 1,
        "pose": [
          3.7393548387096773,
          9.855145991854574
        ],
        "floorGap": 1.1448540081454261,
        "near": [
          {
            "id": 3000180,
            "x": 4,
            "y": 11,
            "vx": 4,
            "vy": 11,
            "d": 1.0000010000000001,
            "side": 1,
            "below": true
          }
        ]
      },
      {
        "role": 2,
        "pose": [
          1.7393548387096776,
          9.855145991854574
        ],
        "floorGap": 1.1448540081454261,
        "near": []
      }
    ],
    "candidates": [
      {
        "x": 2,
        "y": 9,
        "dx": 1,
        "dy": 1,
        "ox": -0.26064516129032267,
        "oy": 0.8551459918545739,
        "phys": 0.7519574293566902,
        "noUp": false,
        "cells": [
          [
            3,
            8
          ],
          [
            4,
            9
          ],
          [
            2,
            9
          ]
        ]
      },
      {
        "x": 0,
        "y": 9,
        "dx": -1,
        "dy": 1,
        "ox": 1.7393548387096773,
        "oy": 0.8551459918545739,
        "phys": 1.142276154996855,
        "noUp": false,
        "cells": [
          [
            1,
            8
          ],
          [
            2,
            9
          ],
          [
            0,
            9
          ]
        ]
      },
      {
        "x": 4,
        "y": 9,
        "dx": 3,
        "dy": 1,
        "ox": -2.2606451612903227,
        "oy": 0.8551459918545739,
        "phys": 1.351327176095798,
        "noUp": false,
        "cells": [
          [
            5,
            8
          ],
          [
            6,
            9
          ],
          [
            4,
            9
          ]
        ]
      },
      {
        "x": 1,
        "y": 8,
        "dx": 0,
        "dy": 0,
        "ox": 0.7393548387096773,
        "oy": 1.8551459918545739,
        "phys": 1.6485861769108163,
        "noUp": false,
        "cells": [
          [
            2,
            7
          ],
          [
            3,
            8
          ],
          [
            1,
            8
          ]
        ]
      },
      {
        "x": 3,
        "y": 8,
        "dx": 2,
        "dy": 0,
        "ox": -1.2606451612903227,
        "oy": 1.8551459918545739,
        "phys": 1.725827785148838,
        "noUp": false,
        "cells": [
          [
            4,
            7
          ],
          [
            5,
            8
          ],
          [
            3,
            8
          ]
        ]
      },
      {
        "x": 6,
        "y": 9,
        "dx": 5,
        "dy": 1,
        "ox": -4.260645161290323,
        "oy": 0.8551459918545739,
        "phys": 2.2553780831925647,
        "noUp": false,
        "cells": [
          [
            7,
            8
          ],
          [
            8,
            9
          ],
          [
            6,
            9
          ]
        ]
      },
      {
        "x": 5,
        "y": 8,
        "dx": 4,
        "dy": 0,
        "ox": -3.2606451612903227,
        "oy": 1.8551459918545739,
        "phys": 2.28891387021925,
        "noUp": false,
        "cells": [
          [
            6,
            7
          ],
          [
            7,
            8
          ],
          [
            5,
            8
          ]
        ]
      },
      {
        "x": 7,
        "y": 8,
        "dx": 6,
        "dy": 0,
        "ox": -5.260645161290323,
        "oy": 1.8551459918545739,
        "phys": 3.0821699931334723,
        "noUp": false,
        "cells": [
          [
            8,
            7
          ],
          [
            9,
            8
          ],
          [
            7,
            8
          ]
        ]
      }
    ]
  },
  {
    "seed": 5,
    "piece": {
      "x": 3,
      "y": -2,
      "rot": 5
    },
    "freeX": 2.7716129032258063,
    "pieceVX": 2.7716129032258063,
    "target": {
      "x": 3,
      "y": 8,
      "cells": [
        [
          4,
          7
        ],
        [
          5,
          8
        ],
        [
          3,
          8
        ]
      ]
    },
    "shadow": [
      [
        3.7716129032258063,
        8.9346954226483
      ],
      [
        4.771612903225806,
        9.9346954226483
      ],
      [
        2.7716129032258063,
        9.9346954226483
      ]
    ],
    "contacts": [
      {
        "role": 0,
        "pose": [
          3.7716129032258063,
          8.9346954226483
        ],
        "floorGap": 2.0653045773517,
        "near": []
      },
      {
        "role": 1,
        "pose": [
          4.771612903225806,
          9.9346954226483
        ],
        "floorGap": 1.0653045773517,
        "near": []
      },
      {
        "role": 2,
        "pose": [
          2.7716129032258063,
          9.9346954226483
        ],
        "floorGap": 1.0653045773517,
        "near": [
          {
            "id": 3000302,
            "x": 2,
            "y": 11,
            "vx": 2,
            "vy": 11,
            "d": 1.0000010000000013,
            "side": -1,
            "below": true
          }
        ]
      }
    ],
    "candidates": [
      {
        "x": 5,
        "y": 10,
        "dx": 2,
        "dy": 2,
        "ox": -2.2283870967741937,
        "oy": -0.06530457735170003,
        "phys": 1.1156279752384946,
        "noUp": true,
        "cells": [
          [
            6,
            9
          ],
          [
            7,
            10
          ],
          [
            5,
            10
          ]
        ]
      },
      {
        "x": 2,
        "y": 9,
        "dx": -1,
        "dy": 1,
        "ox": 0.7716129032258063,
        "oy": 0.9346954226483,
        "phys": 0.8967096898918303,
        "noUp": false,
        "cells": [
          [
            3,
            8
          ],
          [
            4,
            9
          ],
          [
            2,
            9
          ]
        ]
      },
      {
        "x": 4,
        "y": 9,
        "dx": 1,
        "dy": 1,
        "ox": -1.2283870967741937,
        "oy": 0.9346954226483,
        "phys": 1.0161079493440135,
        "noUp": false,
        "cells": [
          [
            5,
            8
          ],
          [
            6,
            9
          ],
          [
            4,
            9
          ]
        ]
      },
      {
        "x": 0,
        "y": 9,
        "dx": -3,
        "dy": 1,
        "ox": 2.7716129032258063,
        "oy": 0.9346954226483,
        "phys": 1.6048991155744676,
        "noUp": false,
        "cells": [
          [
            1,
            8
          ],
          [
            2,
            9
          ],
          [
            0,
            9
          ]
        ]
      },
      {
        "x": 3,
        "y": 8,
        "dx": 0,
        "dy": 0,
        "ox": -0.22838709677419367,
        "oy": 1.9346954226483,
        "phys": 1.6793823121330798,
        "noUp": false,
        "cells": [
          [
            4,
            7
          ],
          [
            5,
            8
          ],
          [
            3,
            8
          ]
        ]
      },
      {
        "x": 6,
        "y": 9,
        "dx": 3,
        "dy": 1,
        "ox": -3.2283870967741937,
        "oy": 0.9346954226483,
        "phys": 1.8057858293536058,
        "noUp": false,
        "cells": [
          [
            7,
            8
          ],
          [
            8,
            9
          ],
          [
            6,
            9
          ]
        ]
      },
      {
        "x": 1,
        "y": 8,
        "dx": -2,
        "dy": 0,
        "ox": 1.7716129032258063,
        "oy": 1.9346954226483,
        "phys": 1.8952408431466579,
        "noUp": false,
        "cells": [
          [
            2,
            7
          ],
          [
            3,
            8
          ],
          [
            1,
            8
          ]
        ]
      },
      {
        "x": 5,
        "y": 8,
        "dx": 2,
        "dy": 0,
        "ox": -2.2283870967741937,
        "oy": 1.9346954226483,
        "phys": 2.01214115982941,
        "noUp": false,
        "cells": [
          [
            6,
            7
          ],
          [
            7,
            8
          ],
          [
            5,
            8
          ]
        ]
      },
      {
        "x": 7,
        "y": 8,
        "dx": 4,
        "dy": 0,
        "ox": -4.228387096774194,
        "oy": 1.9346954226483,
        "phys": 2.697609894675996,
        "noUp": false,
        "cells": [
          [
            8,
            7
          ],
          [
            9,
            8
          ],
          [
            7,
            8
          ]
        ]
      },
      {
        "x": 8,
        "y": 9,
        "dx": 5,
        "dy": 1,
        "ox": -5.228387096774194,
        "oy": 0.9346954226483,
        "phys": 2.7366493305260144,
        "noUp": false,
        "cells": [
          [
            9,
            8
          ],
          [
            10,
            9
          ],
          [
            8,
            9
          ]
        ]
      },
      {
        "x": 9,
        "y": 8,
        "dx": 6,
        "dy": 0,
        "ox": -6.228387096774194,
        "oy": 1.9346954226483,
        "phys": 3.5363096924093105,
        "noUp": false,
        "cells": [
          [
            10,
            7
          ],
          [
            11,
            8
          ],
          [
            9,
            8
          ]
        ]
      }
    ]
  },
  {
    "seed": 6,
    "piece": {
      "x": 3,
      "y": -2,
      "rot": 0
    },
    "freeX": 3.287741935483871,
    "pieceVX": 3.287741935483871,
    "target": {
      "x": 3,
      "y": 8,
      "cells": [
        [
          3,
          8
        ],
        [
          5,
          8
        ],
        [
          4,
          9
        ]
      ]
    },
    "shadow": [
      [
        3.287741935483871,
        8.116497744277497
      ],
      [
        5.28774193548387,
        8.116497744277497
      ],
      [
        4.28774193548387,
        9.116497744277497
      ]
    ],
    "contacts": [
      {
        "role": 0,
        "pose": [
          3.287741935483871,
          8.116497744277497
        ],
        "floorGap": 2.8835022557225027,
        "near": []
      },
      {
        "role": 1,
        "pose": [
          5.28774193548387,
          8.116497744277497
        ],
        "floorGap": 2.8835022557225027,
        "near": []
      },
      {
        "role": 2,
        "pose": [
          4.28774193548387,
          9.116497744277497
        ],
        "floorGap": 1.8835022557225027,
        "near": [
          {
            "id": 3000366,
            "x": 3,
            "y": 10,
            "vx": 3,
            "vy": 10,
            "d": 1.0000009999999995,
            "side": -1,
            "below": true
          }
        ]
      }
    ],
    "candidates": [
      {
        "x": 6,
        "y": 9,
        "dx": 3,
        "dy": 1,
        "ox": -2.712258064516129,
        "oy": -0.8835022557225027,
        "phys": 1.5570864231099242,
        "noUp": true,
        "cells": [
          [
            6,
            9
          ],
          [
            8,
            9
          ],
          [
            7,
            10
          ]
        ]
      },
      {
        "x": 3,
        "y": 8,
        "dx": 0,
        "dy": 0,
        "ox": 0.28774193548387084,
        "oy": 0.11649774427749726,
        "phys": 0.17572037068965535,
        "noUp": false,
        "cells": [
          [
            3,
            8
          ],
          [
            5,
            8
          ],
          [
            4,
            9
          ]
        ]
      },
      {
        "x": 5,
        "y": 8,
        "dx": 2,
        "dy": 0,
        "ox": -1.7122580645161292,
        "oy": 0.11649774427749726,
        "phys": 0.8620531962654273,
        "noUp": false,
        "cells": [
          [
            5,
            8
          ],
          [
            7,
            8
          ],
          [
            6,
            9
          ]
        ]
      },
      {
        "x": 7,
        "y": 8,
        "dx": 4,
        "dy": 0,
        "ox": -3.712258064516129,
        "oy": 0.11649774427749726,
        "phys": 1.858868951192517,
        "noUp": false,
        "cells": [
          [
            7,
            8
          ],
          [
            9,
            8
          ],
          [
            8,
            9
          ]
        ]
      },
      {
        "x": 9,
        "y": 8,
        "dx": 6,
        "dy": 0,
        "ox": -5.71225806451613,
        "oy": 0.11649774427749726,
        "phys": 2.857910397864793,
        "noUp": false,
        "cells": [
          [
            9,
            8
          ],
          [
            11,
            8
          ],
          [
            10,
            9
          ]
        ]
      }
    ]
  },
  {
    "seed": 9,
    "piece": {
      "x": 5,
      "y": -2,
      "rot": 3
    },
    "freeX": 4.836129032258064,
    "pieceVX": 4.836129032258064,
    "target": {
      "x": 5,
      "y": 8,
      "cells": [
        [
          6,
          7
        ],
        [
          7,
          8
        ],
        [
          5,
          8
        ]
      ]
    },
    "shadow": [
      [
        5.836129032258064,
        7.849180827130036
      ],
      [
        6.836129032258064,
        8.849180827130036
      ],
      [
        4.836129032258064,
        8.849180827130036
      ]
    ],
    "contacts": [
      {
        "role": 0,
        "pose": [
          5.836129032258064,
          7.849180827130036
        ],
        "floorGap": 3.150819172869964,
        "near": []
      },
      {
        "role": 1,
        "pose": [
          6.836129032258064,
          8.849180827130036
        ],
        "floorGap": 2.150819172869964,
        "near": [
          {
            "id": 3000545,
            "x": 7,
            "y": 10,
            "vx": 7,
            "vy": 10,
            "d": 1.0000010000000004,
            "side": 1,
            "below": true
          }
        ]
      },
      {
        "role": 2,
        "pose": [
          4.836129032258064,
          8.849180827130036
        ],
        "floorGap": 2.150819172869964,
        "near": []
      }
    ],
    "candidates": [
      {
        "x": 4,
        "y": 9,
        "dx": -1,
        "dy": 1,
        "ox": 0.8361290322580643,
        "oy": -0.15081917286996394,
        "phys": 0.437992873030015,
        "noUp": true,
        "cells": [
          [
            5,
            8
          ],
          [
            6,
            9
          ],
          [
            4,
            9
          ]
        ]
      },
      {
        "x": 2,
        "y": 9,
        "dx": -3,
        "dy": 1,
        "ox": 2.8361290322580643,
        "oy": -0.15081917286996394,
        "phys": 1.424066988973184,
        "noUp": true,
        "cells": [
          [
            3,
            8
          ],
          [
            4,
            9
          ],
          [
            2,
            9
          ]
        ]
      },
      {
        "x": 1,
        "y": 10,
        "dx": -4,
        "dy": 2,
        "ox": 3.8361290322580643,
        "oy": -1.150819172869964,
        "phys": 2.1615411318124687,
        "noUp": true,
        "cells": [
          [
            2,
            9
          ],
          [
            3,
            10
          ],
          [
            1,
            10
          ]
        ]
      },
      {
        "x": 0,
        "y": 9,
        "dx": -5,
        "dy": 1,
        "ox": 4.836129032258064,
        "oy": -0.15081917286996394,
        "phys": 2.4215895237098333,
        "noUp": true,
        "cells": [
          [
            1,
            8
          ],
          [
            2,
            9
          ],
          [
            0,
            9
          ]
        ]
      },
      {
        "x": 0,
        "y": 11,
        "dx": -5,
        "dy": 3,
        "ox": 4.836129032258064,
        "oy": -2.150819172869964,
        "phys": 3.0523029567772437,
        "noUp": true,
        "cells": [
          [
            1,
            10
          ],
          [
            2,
            11
          ],
          [
            0,
            11
          ]
        ]
      },
      {
        "x": 5,
        "y": 8,
        "dx": 0,
        "dy": 0,
        "ox": -0.16387096774193566,
        "oy": 0.8491808271300361,
        "phys": 0.7399624864755704,
        "noUp": false,
        "cells": [
          [
            6,
            7
          ],
          [
            7,
            8
          ],
          [
            5,
            8
          ]
        ]
      },
      {
        "x": 3,
        "y": 8,
        "dx": -2,
        "dy": 0,
        "ox": 1.8361290322580643,
        "oy": 0.8491808271300361,
        "phys": 1.1762965245418235,
        "noUp": false,
        "cells": [
          [
            4,
            7
          ],
          [
            5,
            8
          ],
          [
            3,
            8
          ]
        ]
      },
      {
        "x": 7,
        "y": 8,
        "dx": 2,
        "dy": 0,
        "ox": -2.1638709677419357,
        "oy": 0.8491808271300361,
        "phys": 1.3082107816147384,
        "noUp": false,
        "cells": [
          [
            8,
            7
          ],
          [
            9,
            8
          ],
          [
            7,
            8
          ]
        ]
      },
      {
        "x": 1,
        "y": 8,
        "dx": -4,
        "dy": 0,
        "ox": 3.8361290322580643,
        "oy": 0.8491808271300361,
        "phys": 2.054215798280998,
        "noUp": false,
        "cells": [
          [
            2,
            7
          ],
          [
            3,
            8
          ],
          [
            1,
            8
          ]
        ]
      },
      {
        "x": 9,
        "y": 8,
        "dx": 4,
        "dy": 0,
        "ox": -4.163870967741936,
        "oy": 0.8491808271300361,
        "phys": 2.20800507627926,
        "noUp": false,
        "cells": [
          [
            10,
            7
          ],
          [
            11,
            8
          ],
          [
            9,
            8
          ]
        ]
      },
      {
        "x": 11,
        "y": 8,
        "dx": 6,
        "dy": 0,
        "ox": -6.163870967741936,
        "oy": 0.8491808271300361,
        "phys": 3.1684629372326443,
        "noUp": false,
        "cells": [
          [
            12,
            7
          ],
          [
            13,
            8
          ],
          [
            11,
            8
          ]
        ]
      }
    ]
  }
]
