LANDING_GUIDE_SMOKE {
  "failures": [
    {
      "type": "disagreement",
      "seed": 1,
      "role": 0,
      "d": 0.8783211684355309,
      "guide": [
        1.7070967741935483,
        10
      ],
      "actual": [
        2,
        9
      ],
      "logical": [
        2,
        9
      ]
    },
    {
      "type": "disagreement",
      "seed": 1,
      "role": 1,
      "d": 0.8783211684355309,
      "guide": [
        2.7070967741935483,
        11
      ],
      "actual": [
        3,
        10
      ],
      "logical": [
        3,
        10
      ]
    },
    {
      "type": "disagreement",
      "seed": 1,
      "role": 2,
      "d": 0.8783211684355309,
      "guide": [
        0.7070967741935484,
        11
      ],
      "actual": [
        1,
        10
      ],
      "logical": [
        1,
        10
      ]
    },
    {
      "type": "disagreement",
      "seed": 3,
      "role": 0,
      "d": 0.9416269932307874,
      "guide": [
        2.7393548387096773,
        10
      ],
      "actual": [
        2,
        9
      ],
      "logical": [
        2,
        9
      ]
    },
    {
      "type": "disagreement",
      "seed": 3,
      "role": 1,
      "d": 0.9416269932307874,
      "guide": [
        3.7393548387096773,
        11
      ],
      "actual": [
        3,
        10
      ],
      "logical": [
        3,
        10
      ]
    },
    {
      "type": "disagreement",
      "seed": 3,
      "role": 2,
      "d": 0.9416269932307874,
      "guide": [
        1.7393548387096776,
        11
      ],
      "actual": [
        1,
        10
      ],
      "logical": [
        1,
        10
      ]
    },
    {
      "type": "disagreement",
      "seed": 5,
      "role": 0,
      "d": 0.9513187216141877,
      "guide": [
        11.21258064516129,
        10
      ],
      "actual": [
        12,
        9
      ],
      "logical": [
        12,
        9
      ]
    },
    {
      "type": "disagreement",
      "seed": 5,
      "role": 1,
      "d": 0.9513187216141877,
      "guide": [
        12.21258064516129,
        11
      ],
      "actual": [
        13,
        10
      ],
      "logical": [
        13,
        10
      ]
    },
    {
      "type": "disagreement",
      "seed": 5,
      "role": 2,
      "d": 0.9513187216141877,
      "guide": [
        10.21258064516129,
        11
      ],
      "actual": [
        11,
        10
      ],
      "logical": [
        11,
        10
      ]
    },
    {
      "type": "disagreement",
      "seed": 6,
      "role": 0,
      "d": 1.0402683052717476,
      "guide": [
        5.671290322580646,
        9.136955274790436
      ],
      "actual": [
        5,
        8
      ],
      "logical": [
        5,
        8
      ]
    },
    {
      "type": "disagreement",
      "seed": 6,
      "role": 1,
      "d": 1.0402683052717476,
      "guide": [
        7.671290322580646,
        9.136955274790436
      ],
      "actual": [
        7,
        8
      ],
      "logical": [
        7,
        8
      ]
    },
    {
      "type": "disagreement",
      "seed": 6,
      "role": 2,
      "d": 1.0402683052717476,
      "guide": [
        6.671290322580646,
        10.136955274790436
      ],
      "actual": [
        6,
        9
      ],
      "logical": [
        6,
        9
      ]
    },
    {
      "type": "disagreement",
      "seed": 9,
      "role": 0,
      "d": 1.6916432280825309,
      "guide": [
        5.836129032258064,
        8.951048739387893
      ],
      "actual": [
        6,
        7
      ],
      "logical": [
        6,
        7
      ]
    },
    {
      "type": "disagreement",
      "seed": 9,
      "role": 1,
      "d": 1.6916432280825309,
      "guide": [
        6.836129032258064,
        9.951048739387893
      ],
      "actual": [
        7,
        8
      ],
      "logical": [
        7,
        8
      ]
    },
    {
      "type": "disagreement",
      "seed": 9,
      "role": 2,
      "d": 1.6916432280825309,
      "guide": [
        4.836129032258064,
        9.951048739387893
      ],
      "actual": [
        5,
        8
      ],
      "logical": [
        5,
        8
      ]
    }
  ]
}
