PERFORMANCE_AUDIT {
  "seconds": 16,
  "stats": {
    "final-contact-reentry": 3815
  },
  "bugs": [
    {
      "type": "final-contact-reentry",
      "seed": 1,
      "step": 1037,
      "resolve": 2,
      "relax": 1,
      "final": 6,
      "rests": 6,
      "rawRelax": 1,
      "rawFinal": 13,
      "state": "RESOLVING",
      "phase": "GARBAGE"
    },
    {
      "type": "final-contact-reentry",
      "seed": 1,
      "step": 1038,
      "resolve": 2,
      "relax": 1,
      "final": 6,
      "rests": 6,
      "rawRelax": 1,
      "rawFinal": 13,
      "state": "RESOLVING",
      "phase": "GARBAGE"
    },
    {
      "type": "final-contact-reentry",
      "seed": 1,
      "step": 1039,
      "resolve": 2,
      "relax": 1,
      "final": 6,
      "rests": 6,
      "rawRelax": 1,
      "rawFinal": 13,
      "state": "RESOLVING",
      "phase": "GARBAGE"
    },
    {
      "type": "final-contact-reentry",
      "seed": 1,
      "step": 1040,
      "resolve": 2,
      "relax": 1,
      "final": 6,
      "rests": 6,
      "rawRelax": 1,
      "rawFinal": 13,
      "state": "RESOLVING",
      "phase": "GARBAGE"
    },
    {
      "type": "final-contact-reentry",
      "seed": 1,
      "step": 1041,
      "resolve": 2,
      "relax": 1,
      "final": 6,
      "rests": 6,
      "rawRelax": 1,
      "rawFinal": 13,
      "state": "RESOLVING",
      "phase": "GARBAGE"
    },
    {
      "type": "final-contact-reentry",
      "seed": 1,
      "step": 1042,
      "resolve": 2,
      "relax": 1,
      "final": 6,
      "rests": 6,
      "rawRelax": 1,
      "rawFinal": 13,
      "state": "RESOLVING",
      "phase": "GARBAGE"
    },
    {
      "type": "final-contact-reentry",
      "seed": 1,
      "step": 1043,
      "resolve": 2,
      "relax": 1,
      "final": 6,
      "rests": 6,
      "rawRelax": 1,
      "rawFinal": 13,
      "state": "RESOLVING",
      "phase": "GARBAGE"
    },
    {
      "type": "final-contact-reentry",
      "seed": 1,
      "step": 1044,
      "resolve": 2,
      "relax": 1,
      "final": 6,
      "rests": 6,
      "rawRelax": 1,
      "rawFinal": 13,
      "state": "RESOLVING",
      "phase": "GARBAGE"
    },
    {
      "type": "final-contact-reentry",
      "seed": 1,
      "step": 1045,
      "resolve": 2,
      "relax": 1,
      "final": 6,
      "rests": 6,
      "rawRelax": 1,
      "rawFinal": 13,
      "state": "RESOLVING",
      "phase": "GARBAGE"
    },
    {
      "type": "final-contact-reentry",
      "seed": 1,
      "step": 1046,
      "resolve": 2,
      "relax": 1,
      "final": 6,
      "rests": 6,
      "rawRelax": 1,
      "rawFinal": 13,
      "state": "RESOLVING",
      "phase": "GARBAGE"
    },
    {
      "type": "final-contact-reentry",
      "seed": 1,
      "step": 1047,
      "resolve": 2,
      "relax": 1,
      "final": 6,
      "rests": 6,
      "rawRelax": 1,
      "rawFinal": 13,
      "state": "RESOLVING",
      "phase": "GARBAGE"
    },
    {
      "type": "final-contact-reentry",
      "seed": 1,
      "step": 1048,
      "resolve": 2,
      "relax": 1,
      "final": 6,
      "rests": 6,
      "rawRelax": 1,
      "rawFinal": 13,
      "state": "RESOLVING",
      "phase": "GARBAGE"
    },
    {
      "type": "final-contact-reentry",
      "seed": 1,
      "step": 1049,
      "resolve": 2,
      "relax": 1,
      "final": 6,
      "rests": 6,
      "rawRelax": 1,
      "rawFinal": 13,
      "state": "RESOLVING",
      "phase": "GARBAGE"
    },
    {
      "type": "final-contact-reentry",
      "seed": 1,
      "step": 1050,
      "resolve": 2,
      "relax": 1,
      "final": 6,
      "rests": 6,
      "rawRelax": 1,
      "rawFinal": 13,
      "state": "RESOLVING",
      "phase": "GARBAGE"
    },
    {
      "type": "final-contact-reentry",
      "seed": 1,
      "step": 1051,
      "resolve": 2,
      "relax": 1,
      "final": 6,
      "rests": 6,
      "rawRelax": 1,
      "rawFinal": 13,
      "state": "RESOLVING",
      "phase": "GARBAGE"
    },
    {
      "type": "final-contact-reentry",
      "seed": 1,
      "step": 1052,
      "resolve": 2,
      "relax": 1,
      "final": 6,
      "rests": 6,
      "rawRelax": 1,
      "rawFinal": 13,
      "state": "RESOLVING",
      "phase": "GARBAGE"
    },
    {
      "type": "final-contact-reentry",
      "seed": 1,
      "step": 1053,
      "resolve": 2,
      "relax": 1,
      "final": 6,
      "rests": 6,
      "rawRelax": 1,
      "rawFinal": 13,
      "state": "RESOLVING",
      "phase": "GARBAGE"
    },
    {
      "type": "final-contact-reentry",
      "seed": 1,
      "step": 1054,
      "resolve": 2,
      "relax": 1,
      "final": 6,
      "rests": 6,
      "rawRelax": 1,
      "rawFinal": 13,
      "state": "RESOLVING",
      "phase": "GARBAGE"
    },
    {
      "type": "final-contact-reentry",
      "seed": 1,
      "step": 1055,
      "resolve": 2,
      "relax": 1,
      "final": 6,
      "rests": 6,
      "rawRelax": 1,
      "rawFinal": 13,
      "state": "RESOLVING",
      "phase": "GARBAGE"
    },
    {
      "type": "final-contact-reentry",
      "seed": 1,
      "step": 1056,
      "resolve": 2,
      "relax": 1,
      "final": 6,
      "rests": 6,
      "rawRelax": 1,
      "rawFinal": 13,
      "state": "RESOLVING",
      "phase": "GARBAGE"
    },
    {
      "type": "final-contact-reentry",
      "seed": 1,
      "step": 1057,
      "resolve": 2,
      "relax": 1,
      "final": 6,
      "rests": 6,
      "rawRelax": 1,
      "rawFinal": 13,
      "state": "RESOLVING",
      "phase": "GARBAGE"
    },
    {
      "type": "final-contact-reentry",
      "seed": 1,
      "step": 1058,
      "resolve": 2,
      "relax": 1,
      "final": 6,
      "rests": 6,
      "rawRelax": 1,
      "rawFinal": 13,
      "state": "RESOLVING",
      "phase": "GARBAGE"
    },
    {
      "type": "final-contact-reentry",
      "seed": 1,
      "step": 1059,
      "resolve": 2,
      "relax": 1,
      "final": 6,
      "rests": 6,
      "rawRelax": 1,
      "rawFinal": 13,
      "state": "RESOLVING",
      "phase": "GARBAGE"
    },
    {
      "type": "final-contact-reentry",
      "seed": 1,
      "step": 1060,
      "resolve": 2,
      "relax": 1,
      "final": 6,
      "rests": 6,
      "rawRelax": 1,
      "rawFinal": 13,
      "state": "RESOLVING",
      "phase": "GARBAGE"
    },
    {
      "type": "final-contact-reentry",
      "seed": 1,
      "step": 1061,
      "resolve": 2,
      "relax": 1,
      "final": 6,
      "rests": 6,
      "rawRelax": 1,
      "rawFinal": 13,
      "state": "RESOLVING",
      "phase": "GARBAGE"
    },
    {
      "type": "final-contact-reentry",
      "seed": 1,
      "step": 1062,
      "resolve": 2,
      "relax": 1,
      "final": 6,
      "rests": 6,
      "rawRelax": 1,
      "rawFinal": 13,
      "state": "RESOLVING",
      "phase": "GARBAGE"
    },
    {
      "type": "final-contact-reentry",
      "seed": 1,
      "step": 1063,
      "resolve": 2,
      "relax": 1,
      "final": 6,
      "rests": 6,
      "rawRelax": 1,
      "rawFinal": 13,
      "state": "RESOLVING",
      "phase": "GARBAGE"
    },
    {
      "type": "final-contact-reentry",
      "seed": 1,
      "step": 1064,
      "resolve": 2,
      "relax": 1,
      "final": 6,
      "rests": 6,
      "rawRelax": 1,
      "rawFinal": 13,
      "state": "RESOLVING",
      "phase": "GARBAGE"
    },
    {
      "type": "final-contact-reentry",
      "seed": 1,
      "step": 1065,
      "resolve": 2,
      "relax": 1,
      "final": 6,
      "rests": 6,
      "rawRelax": 1,
      "rawFinal": 13,
      "state": "RESOLVING",
      "phase": "GARBAGE"
    },
    {
      "type": "final-contact-reentry",
      "seed": 1,
      "step": 1066,
      "resolve": 2,
      "relax": 1,
      "final": 6,
      "rests": 6,
      "rawRelax": 1,
      "rawFinal": 13,
      "state": "RESOLVING",
      "phase": "GARBAGE"
    },
    {
      "type": "final-contact-reentry",
      "seed": 1,
      "step": 1067,
      "resolve": 2,
      "relax": 1,
      "final": 6,
      "rests": 6,
      "rawRelax": 1,
      "rawFinal": 13,
      "state": "RESOLVING",
      "phase": "GARBAGE"
    },
    {
      "type": "final-contact-reentry",
      "seed": 1,
      "step": 1068,
      "resolve": 2,
      "relax": 1,
      "final": 6,
      "rests": 6,
      "rawRelax": 1,
      "rawFinal": 13,
      "state": "RESOLVING",
      "phase": "GARBAGE"
    },
    {
      "type": "final-contact-reentry",
      "seed": 1,
      "step": 1069,
      "resolve": 2,
      "relax": 1,
      "final": 6,
      "rests": 6,
      "rawRelax": 1,
      "rawFinal": 13,
      "state": "RESOLVING",
      "phase": "GARBAGE"
    },
    {
      "type": "final-contact-reentry",
      "seed": 1,
      "step": 1070,
      "resolve": 2,
      "relax": 1,
      "final": 6,
      "rests": 6,
      "rawRelax": 1,
      "rawFinal": 13,
      "state": "RESOLVING",
      "phase": "GARBAGE"
    },
    {
      "type": "final-contact-reentry",
      "seed": 1,
      "step": 1071,
      "resolve": 2,
      "relax": 1,
      "final": 6,
      "rests": 6,
      "rawRelax": 1,
      "rawFinal": 13,
      "state": "RESOLVING",
      "phase": "GARBAGE"
    },
    {
      "type": "final-contact-reentry",
      "seed": 1,
      "step": 1072,
      "resolve": 2,
      "relax": 1,
      "final": 6,
      "rests": 6,
      "rawRelax": 1,
      "rawFinal": 13,
      "state": "RESOLVING",
      "phase": "GARBAGE"
    },
    {
      "type": "final-contact-reentry",
      "seed": 1,
      "step": 1073,
      "resolve": 2,
      "relax": 1,
      "final": 6,
      "rests": 6,
      "rawRelax": 1,
      "rawFinal": 13,
      "state": "RESOLVING",
      "phase": "GARBAGE"
    },
    {
      "type": "final-contact-reentry",
      "seed": 1,
      "step": 1074,
      "resolve": 2,
      "relax": 1,
      "final": 6,
      "rests": 6,
      "rawRelax": 1,
      "rawFinal": 13,
      "state": "RESOLVING",
      "phase": "GARBAGE"
    },
    {
      "type": "final-contact-reentry",
      "seed": 1,
      "step": 1075,
      "resolve": 2,
      "relax": 1,
      "final": 6,
      "rests": 6,
      "rawRelax": 1,
      "rawFinal": 13,
      "state": "RESOLVING",
      "phase": "GARBAGE"
    },
    {
      "type": "final-contact-reentry",
      "seed": 1,
      "step": 1076,
      "resolve": 2,
      "relax": 1,
      "final": 6,
      "rests": 6,
      "rawRelax": 1,
      "rawFinal": 13,
      "state": "RESOLVING",
      "phase": "GARBAGE"
    },
    {
      "type": "final-contact-reentry",
      "seed": 1,
      "step": 1077,
      "resolve": 2,
      "relax": 1,
      "final": 6,
      "rests": 6,
      "rawRelax": 1,
      "rawFinal": 13,
      "state": "RESOLVING",
      "phase": "GARBAGE"
    },
    {
      "type": "final-contact-reentry",
      "seed": 1,
      "step": 1078,
      "resolve": 2,
      "relax": 1,
      "final": 6,
      "rests": 6,
      "rawRelax": 1,
      "rawFinal": 13,
      "state": "RESOLVING",
      "phase": "GARBAGE"
    },
    {
      "type": "final-contact-reentry",
      "seed": 1,
      "step": 1079,
      "resolve": 2,
      "relax": 1,
      "final": 6,
      "rests": 6,
      "rawRelax": 1,
      "rawFinal": 13,
      "state": "RESOLVING",
      "phase": "GARBAGE"
    },
    {
      "type": "final-contact-reentry",
      "seed": 1,
      "step": 1080,
      "resolve": 2,
      "relax": 1,
      "final": 6,
      "rests": 6,
      "rawRelax": 1,
      "rawFinal": 13,
      "state": "RESOLVING",
      "phase": "GARBAGE"
    },
    {
      "type": "final-contact-reentry",
      "seed": 1,
      "step": 1081,
      "resolve": 3,
      "relax": 1,
      "final": 6,
      "rests": 8,
      "rawRelax": 3,
      "rawFinal": 15,
      "state": "RESOLVING",
      "phase": "GARBAGE"
    },
    {
      "type": "final-contact-reentry",
      "seed": 1,
      "step": 1082,
      "resolve": 2,
      "relax": 1,
      "final": 6,
      "rests": 6,
      "rawRelax": 7,
      "rawFinal": 13,
      "state": "RESOLVING",
      "phase": "GARBAGE"
    },
    {
      "type": "final-contact-reentry",
      "seed": 1,
      "step": 1083,
      "resolve": 2,
      "relax": 1,
      "final": 6,
      "rests": 6,
      "rawRelax": 7,
      "rawFinal": 13,
      "state": "RESOLVING",
      "phase": "GARBAGE"
    },
    {
      "type": "final-contact-reentry",
      "seed": 1,
      "step": 1084,
      "resolve": 2,
      "relax": 1,
      "final": 6,
      "rests": 6,
      "rawRelax": 7,
      "rawFinal": 13,
      "state": "RESOLVING",
      "phase": "GARBAGE"
    },
    {
      "type": "final-contact-reentry",
      "seed": 1,
      "step": 1085,
      "resolve": 2,
      "relax": 1,
      "final": 6,
      "rests": 6,
      "rawRelax": 7,
      "rawFinal": 13,
      "state": "RESOLVING",
      "phase": "GARBAGE"
    },
    {
      "type": "final-contact-reentry",
      "seed": 1,
      "step": 1086,
      "resolve": 2,
      "relax": 1,
      "final": 6,
      "rests": 6,
      "rawRelax": 7,
      "rawFinal": 13,
      "state": "RESOLVING",
      "phase": "GARBAGE"
    },
    {
      "type": "final-contact-reentry",
      "seed": 1,
      "step": 1087,
      "resolve": 2,
      "relax": 1,
      "final": 6,
      "rests": 6,
      "rawRelax": 7,
      "rawFinal": 13,
      "state": "RESOLVING",
      "phase": "GARBAGE"
    },
    {
      "type": "final-contact-reentry",
      "seed": 1,
      "step": 1088,
      "resolve": 2,
      "relax": 1,
      "final": 6,
      "rests": 6,
      "rawRelax": 7,
      "rawFinal": 13,
      "state": "RESOLVING",
      "phase": "GARBAGE"
    },
    {
      "type": "final-contact-reentry",
      "seed": 1,
      "step": 1089,
      "resolve": 2,
      "relax": 1,
      "final": 6,
      "rests": 6,
      "rawRelax": 7,
      "rawFinal": 13,
      "state": "RESOLVING",
      "phase": "GARBAGE"
    },
    {
      "type": "final-contact-reentry",
      "seed": 1,
      "step": 1090,
      "resolve": 2,
      "relax": 1,
      "final": 6,
      "rests": 6,
      "rawRelax": 7,
      "rawFinal": 13,
      "state": "RESOLVING",
      "phase": "GARBAGE"
    },
    {
      "type": "final-contact-reentry",
      "seed": 1,
      "step": 1091,
      "resolve": 2,
      "relax": 1,
      "final": 6,
      "rests": 6,
      "rawRelax": 7,
      "rawFinal": 13,
      "state": "RESOLVING",
      "phase": "GARBAGE"
    },
    {
      "type": "final-contact-reentry",
      "seed": 1,
      "step": 1092,
      "resolve": 2,
      "relax": 1,
      "final": 6,
      "rests": 6,
      "rawRelax": 7,
      "rawFinal": 13,
      "state": "RESOLVING",
      "phase": "GARBAGE"
    },
    {
      "type": "final-contact-reentry",
      "seed": 1,
      "step": 1093,
      "resolve": 2,
      "relax": 1,
      "final": 6,
      "rests": 6,
      "rawRelax": 7,
      "rawFinal": 13,
      "state": "RESOLVING",
      "phase": "GARBAGE"
    },
    {
      "type": "final-contact-reentry",
      "seed": 1,
      "step": 1094,
      "resolve": 2,
      "relax": 1,
      "final": 6,
      "rests": 6,
      "rawRelax": 7,
      "rawFinal": 13,
      "state": "RESOLVING",
      "phase": "GARBAGE"
    },
    {
      "type": "final-contact-reentry",
      "seed": 1,
      "step": 1095,
      "resolve": 2,
      "relax": 1,
      "final": 6,
      "rests": 6,
      "rawRelax": 7,
      "rawFinal": 13,
      "state": "RESOLVING",
      "phase": "GARBAGE"
    },
    {
      "type": "final-contact-reentry",
      "seed": 1,
      "step": 1096,
      "resolve": 2,
      "relax": 1,
      "final": 6,
      "rests": 6,
      "rawRelax": 1,
      "rawFinal": 13,
      "state": "RESOLVING",
      "phase": "GARBAGE"
    },
    {
      "type": "final-contact-reentry",
      "seed": 1,
      "step": 1097,
      "resolve": 2,
      "relax": 1,
      "final": 6,
      "rests": 6,
      "rawRelax": 1,
      "rawFinal": 13,
      "state": "RESOLVING",
      "phase": "GARBAGE"
    },
    {
      "type": "final-contact-reentry",
      "seed": 1,
      "step": 1098,
      "resolve": 2,
      "relax": 1,
      "final": 6,
      "rests": 6,
      "rawRelax": 1,
      "rawFinal": 13,
      "state": "RESOLVING",
      "phase": "GARBAGE"
    },
    {
      "type": "final-contact-reentry",
      "seed": 1,
      "step": 1099,
      "resolve": 2,
      "relax": 1,
      "final": 6,
      "rests": 6,
      "rawRelax": 1,
      "rawFinal": 13,
      "state": "RESOLVING",
      "phase": "GARBAGE"
    },
    {
      "type": "final-contact-reentry",
      "seed": 1,
      "step": 1100,
      "resolve": 2,
      "relax": 1,
      "final": 6,
      "rests": 6,
      "rawRelax": 1,
      "rawFinal": 13,
      "state": "RESOLVING",
      "phase": "GARBAGE"
    },
    {
      "type": "final-contact-reentry",
      "seed": 1,
      "step": 1101,
      "resolve": 2,
      "relax": 1,
      "final": 6,
      "rests": 6,
      "rawRelax": 1,
      "rawFinal": 13,
      "state": "RESOLVING",
      "phase": "GARBAGE"
    },
    {
      "type": "final-contact-reentry",
      "seed": 1,
      "step": 1102,
      "resolve": 2,
      "relax": 1,
      "final": 6,
      "rests": 6,
      "rawRelax": 1,
      "rawFinal": 13,
      "state": "RESOLVING",
      "phase": "GARBAGE"
    },
    {
      "type": "final-contact-reentry",
      "seed": 1,
      "step": 1103,
      "resolve": 2,
      "relax": 1,
      "final": 6,
      "rests": 6,
      "rawRelax": 1,
      "rawFinal": 13,
      "state": "RESOLVING",
      "phase": "GARBAGE"
    },
    {
      "type": "final-contact-reentry",
      "seed": 1,
      "step": 1104,
      "resolve": 2,
      "relax": 1,
      "final": 6,
      "rests": 6,
      "rawRelax": 1,
      "rawFinal": 13,
      "state": "RESOLVING",
      "phase": "GARBAGE"
    },
    {
      "type": "final-contact-reentry",
      "seed": 1,
      "step": 1105,
      "resolve": 2,
      "relax": 1,
      "final": 6,
      "rests": 6,
      "rawRelax": 1,
      "rawFinal": 13,
      "state": "RESOLVING",
      "phase": "GARBAGE"
    },
    {
      "type": "final-contact-reentry",
      "seed": 1,
      "step": 1106,
      "resolve": 2,
      "relax": 1,
      "final": 6,
      "rests": 6,
      "rawRelax": 1,
      "rawFinal": 13,
      "state": "RESOLVING",
      "phase": "GARBAGE"
    },
    {
      "type": "final-contact-reentry",
      "seed": 1,
      "step": 1107,
      "resolve": 2,
      "relax": 1,
      "final": 6,
      "rests": 6,
      "rawRelax": 1,
      "rawFinal": 13,
      "state": "RESOLVING",
      "phase": "GARBAGE"
    },
    {
      "type": "final-contact-reentry",
      "seed": 1,
      "step": 1108,
      "resolve": 2,
      "relax": 1,
      "final": 6,
      "rests": 6,
      "rawRelax": 1,
      "rawFinal": 13,
      "state": "RESOLVING",
      "phase": "GARBAGE"
    },
    {
      "type": "final-contact-reentry",
      "seed": 1,
      "step": 1109,
      "resolve": 2,
      "relax": 1,
      "final": 6,
      "rests": 6,
      "rawRelax": 1,
      "rawFinal": 13,
      "state": "RESOLVING",
      "phase": "GARBAGE"
    },
    {
      "type": "final-contact-reentry",
      "seed": 1,
      "step": 1110,
      "resolve": 2,
      "relax": 1,
      "final": 6,
      "rests": 6,
      "rawRelax": 1,
      "rawFinal": 13,
      "state": "RESOLVING",
      "phase": "GARBAGE"
    },
    {
      "type": "final-contact-reentry",
      "seed": 1,
      "step": 1111,
      "resolve": 2,
      "relax": 1,
      "final": 6,
      "rests": 6,
      "rawRelax": 1,
      "rawFinal": 13,
      "state": "RESOLVING",
      "phase": "GARBAGE"
    },
    {
      "type": "final-contact-reentry",
      "seed": 1,
      "step": 1112,
      "resolve": 2,
      "relax": 1,
      "final": 6,
      "rests": 6,
      "rawRelax": 1,
      "rawFinal": 13,
      "state": "RESOLVING",
      "phase": "GARBAGE"
    },
    {
      "type": "final-contact-reentry",
      "seed": 1,
      "step": 1113,
      "resolve": 2,
      "relax": 1,
      "final": 6,
      "rests": 6,
      "rawRelax": 1,
      "rawFinal": 13,
      "state": "RESOLVING",
      "phase": "GARBAGE"
    },
    {
      "type": "final-contact-reentry",
      "seed": 1,
      "step": 1114,
      "resolve": 2,
      "relax": 1,
      "final": 6,
      "rests": 6,
      "rawRelax": 1,
      "rawFinal": 13,
      "state": "RESOLVING",
      "phase": "GARBAGE"
    },
    {
      "type": "final-contact-reentry",
      "seed": 1,
      "step": 1115,
      "resolve": 2,
      "relax": 1,
      "final": 6,
      "rests": 6,
      "rawRelax": 1,
      "rawFinal": 13,
      "state": "RESOLVING",
      "phase": "GARBAGE"
    },
    {
      "type": "final-contact-reentry",
      "seed": 1,
      "step": 1116,
      "resolve": 2,
      "relax": 1,
      "final": 6,
      "rests": 6,
      "rawRelax": 1,
      "rawFinal": 13,
      "state": "RESOLVING",
      "phase": "GARBAGE"
    }
  ],
  "profiles": [
    {
      "seed": 1,
      "frames": 1920,
      "maxMs": 33,
      "avgMs": 3.378,
      "maxCounts": {
        "step": 1081,
        "ms": 5,
        "resolve": 3,
        "relax": 1,
        "final": 6,
        "rests": 8,
        "rawRelax": 3,
        "rawFinal": 15,
        "state": "RESOLVING",
        "phase": "GARBAGE"
      },
      "slow": []
    },
    {
      "seed": 7,
      "frames": 1920,
      "maxMs": 29,
      "avgMs": 3.517,
      "maxCounts": {
        "step": 995,
        "ms": 5,
        "resolve": 3,
        "relax": 1,
        "final": 6,
        "rests": 8,
        "rawRelax": 3,
        "rawFinal": 15,
        "state": "RESOLVING",
        "phase": "GARBAGE"
      },
      "slow": []
    },
    {
      "seed": 19,
      "frames": 1920,
      "maxMs": 10,
      "avgMs": 3.439,
      "maxCounts": {
        "step": 980,
        "ms": 5,
        "resolve": 3,
        "relax": 1,
        "final": 6,
        "rests": 8,
        "rawRelax": 3,
        "rawFinal": 15,
        "state": "RESOLVING",
        "phase": "GARBAGE"
      },
      "slow": []
    },
    {
      "seed": 37,
      "frames": 1920,
      "maxMs": 12,
      "avgMs": 3.359,
      "maxCounts": {
        "step": 985,
        "ms": 5,
        "resolve": 3,
        "relax": 1,
        "final": 6,
        "rests": 8,
        "rawRelax": 3,
        "rawFinal": 15,
        "state": "RESOLVING",
        "phase": "GARBAGE"
      },
      "slow": []
    }
  ]
}
