evalmachine.<anonymous>:3313
function expect(v,m){if(!v)throw new Error(m);}
                           ^

Error: cached rigid shadow placement changed pixel geometry
    at expect (evalmachine.<anonymous>:3313:34)
    at evalmachine.<anonymous>:3571:1
    at Script.runInContext (node:vm:149:12)
    at Script.runInNewContext (node:vm:154:17)
    at Object.runInNewContext (node:vm:310:38)
    at Object.<anonymous> (/home/runner/work/6ballpuzzle/6ballpuzzle/tests/runtime-performance-guards.js:146:4)
    at Module._compile (node:internal/modules/cjs/loader:1781:14)
    at Object..js (node:internal/modules/cjs/loader:1913:10)
    at Module.load (node:internal/modules/cjs/loader:1505:32)
    at Function._load (node:internal/modules/cjs/loader:1309:12)

Node.js v22.23.2
===== LOAD V1303 PHYSICS RUNTIME =====
OK  app-01.js
OK  app-02.js
OK  app-03.js
OK  app-04.js
OK  app-05.js
OK  app-06.js
OK  app-07.js
OK  app-pile-arc.js
OK  app-clear-gap-collapse.js
OK  app-floor-gap-invariant.js
OK  app-clear-vacancy-priority.js
OK  app-release-parity-settle.js
OK  app-08.js
OK  app-09.js
OK  app-10.js
OK  app-14.js
OK  app-17.js
OK  app-garbage-normal-physics.js
OK  app-garbage-presentation.js
OK  app-garbage-zero-rigidity.js
OK  app-garbage-deep-settle.js
OK  app-garbage-simultaneous-motion.js
OK  app-garbage-render-overlap-guard.js
OK  app-runtime-performance.js
OK  app-physics-safety-invariants.js
OK  app-mass-motion-safety.js
OK  app-gravity-priority-v1.js
OK  app-garbage-performance-v1.js
OK  app-post-clear-two-stage-v1.js
OK  app-simultaneous-collapse-v1.js
OK  app-garbage-continuous-v1.js
OK  app-contact-separation-v1.js
OK  app-floor-bridge-collapse-v1.js
OK  app-lattice-finalize-v2.js
OK  app-coherent-collapse-v1.js
OK  app-wall-boundary-authoritative-v1.js
OK  app-slope-upconvex-authoritative-v3.js
OK  app-intentional-hexagon-stability-v1.js
OK  app-rigidity-resolver-authoritative-v3.js

===== FINAL FUNCTION CHECK =====
hexPhysPlanGroup function
hexPhysNaturalMotion function
hexPhysResolveEvent function
hexPhysApplyEvent function
settlePass function

===== VERSION MARKERS =====
rigidityResolver: true
gravityPriority: gravity-priority-v6-ai-fastpath

===== CANONICAL SMOKE CASES =====
{
  "freeFall": [
    {
      "id": 100,
      "dx": 0,
      "dy": 2,
      "kind": "GROUP_TRANSLATE",
      "bundleId": 500,
      "groupSize": 3
    },
    {
      "id": 101,
      "dx": 0,
      "dy": 2,
      "kind": "GROUP_TRANSLATE",
      "bundleId": 500,
      "groupSize": 3
    },
    {
      "id": 102,
      "dx": 0,
      "dy": 2,
      "kind": "GROUP_TRANSLATE",
      "bundleId": 500,
      "groupSize": 3
    }
  ],
  "slope": [
    {
      "id": 110,
      "dx": -1,
      "dy": 1,
      "kind": "GROUP_SLOPE_TRANSLATE",
      "bundleId": 501,
      "groupSize": 3
    },
    {
      "id": 111,
      "dx": -1,
      "dy": 1,
      "kind": "GROUP_SLOPE_TRANSLATE",
      "bundleId": 501,
      "groupSize": 3
    },
    {
      "id": 112,
      "dx": -1,
      "dy": 1,
      "kind": "GROUP_SLOPE_TRANSLATE",
      "bundleId": 501,
      "groupSize": 3
    }
  ],
  "upConvex": [
    {
      "id": 120,
      "dx": 1,
      "dy": 1,
      "kind": "RIGID_SMOOTH_SLOPE",
      "bundleId": 502,
      "groupSize": 2
    },
    {
      "id": 121,
      "dx": 1,
      "dy": 1,
      "kind": "RIGID_SMOOTH_SLOPE",
      "bundleId": 502,
      "groupSize": 2
    },
    {
      "id": 122,
      "dx": -1,
      "dy": 1,
      "kind": "ROLL_LEFT",
      "bundleId": 0,
      "groupSize": 0
    }
  ]
}

=======================================
 SUCCESS: V1303 FINAL PLANNER LOADED 
=======================================
runtime performance v4 parity PASS {"contactCases":320,"staticCases":120,"fastFrames":7,"fallbacks":313,"workspaceCache":true,"numericBuckets":true,"pairArrays":false,"columnIndex":true}
