FAST_KNOWN_REGRESSION {
  "failures": []
}
HARD_DROP_CONVERGENCE {
  "failures": [
    {
      "type": "tracked-upward-motion",
      "seed": 17,
      "step": 1,
      "id": 1,
      "from": 8.988652436322894,
      "to": 8.921781975015278,
      "visual": [
        9.024270537674795,
        8.921781975015278
      ],
      "motion": {
        "from": [
          9.96516129032258,
          8.988652436322894
        ],
        "to": [
          10,
          9
        ],
        "kind": "GROUP_SLOPE_TRANSLATE",
        "pivot": null,
        "topPivot": [
          9,
          10
        ],
        "virtualPivot": false,
        "arc": null,
        "pathN": 1,
        "protect": 12,
        "gid": 12,
        "role": 0,
        "orientation": "up",
        "rigid": true
      },
      "arcDebug": {
        "arm": {
          "shadow": [
            [
              9.96516129032258,
              8.988652436322894
            ],
            [
              10.96516129032258,
              9.988652436322894
            ],
            [
              8.96516129032258,
              9.988652436322894
            ]
          ],
          "target": {
            "x": 9,
            "y": 8,
            "rot": 5,
            "cells": [
              [
                10,
                7
              ],
              [
                11,
                8
              ],
              [
                9,
                8
              ]
            ]
          },
          "anchor": {
            "x": 8,
            "y": 9,
            "rot": 5,
            "ox": 0.9651612903225804,
            "oy": 0.9886524363228943,
            "noUp": false,
            "localX": true,
            "dist": 0.9828322893401921,
            "dy": 1,
            "dx": -1,
            "cells": [
              [
                9,
                8
              ],
              [
                10,
                9
              ],
              [
                8,
                9
              ]
            ]
          },
          "alternatives": {
            "count": 12,
            "current": [
              {
                "x": 7,
                "y": 10,
                "rot": 5,
                "ox": 1.9651612903225804,
                "oy": -0.011347563677105654,
                "noUp": true,
                "localX": false,
                "dist": 0.9826297876853886,
                "dy": 2,
                "dx": -2,
                "cells": [
                  [
                    8,
                    9
                  ],
                  [
                    9,
                    10
                  ],
                  [
                    7,
                    10
                  ]
                ]
              },
              {
                "x": 6,
                "y": 11,
                "rot": 5,
                "ox": 2.9651612903225804,
                "oy": -1.0113475636771057,
                "noUp": true,
                "localX": false,
                "dist": 1.7219649503760466,
                "dy": 3,
                "dx": -3,
                "cells": [
                  [
                    7,
                    10
                  ],
                  [
                    8,
                    11
                  ],
                  [
                    6,
                    11
                  ]
                ]
              },
              {
                "x": 5,
                "y": 10,
                "rot": 5,
                "ox": 3.9651612903225804,
                "oy": -0.011347563677105654,
                "noUp": true,
                "localX": false,
                "dist": 1.9826050009947045,
                "dy": 2,
                "dx": -4,
                "cells": [
                  [
                    6,
                    9
                  ],
                  [
                    7,
                    10
                  ],
                  [
                    5,
                    10
                  ]
                ]
              },
              {
                "x": 8,
                "y": 9,
                "rot": 5,
                "ox": 0.9651612903225804,
                "oy": 0.9886524363228943,
                "noUp": false,
                "localX": true,
                "dist": 0.9828322893401921,
                "dy": 1,
                "dx": -1,
                "cells": [
                  [
                    9,
                    8
                  ],
                  [
                    10,
                    9
                  ],
                  [
                    8,
                    9
                  ]
                ]
              },
              {
                "x": 10,
                "y": 9,
                "rot": 5,
                "ox": -1.0348387096774196,
                "oy": 0.9886524363228943,
                "noUp": false,
                "localX": false,
                "dist": 1.000398929751078,
                "dy": 1,
                "dx": 1,
                "cells": [
                  [
                    11,
                    8
                  ],
                  [
                    12,
                    9
                  ],
                  [
                    10,
                    9
                  ]
                ]
              },
              {
                "x": 6,
                "y": 9,
                "rot": 5,
                "ox": 2.9651612903225804,
                "oy": 0.9886524363228943,
                "noUp": false,
                "localX": false,
                "dist": 1.7120515761192079,
                "dy": 1,
                "dx": -3,
                "cells": [
                  [
                    7,
                    8
                  ],
                  [
                    8,
                    9
                  ],
                  [
                    6,
                    9
                  ]
                ]
              },
              {
                "x": 9,
                "y": 8,
                "rot": 5,
                "ox": -0.034838709677419644,
                "oy": 1.9886524363228943,
                "noUp": false,
                "localX": true,
                "dist": 1.7223116205532418,
                "dy": 0,
                "dx": 0,
                "cells": [
                  [
                    10,
                    7
                  ],
                  [
                    11,
                    8
                  ],
                  [
                    9,
                    8
                  ]
                ]
              },
              {
                "x": 12,
                "y": 9,
                "rot": 5,
                "ox": -3.0348387096774196,
                "oy": 0.9886524363228943,
                "noUp": false,
                "localX": false,
                "dist": 1.7423078741498363,
                "dy": 1,
                "dx": 3,
                "cells": [
                  [
                    13,
                    8
                  ],
                  [
                    14,
                    9
                  ],
                  [
                    12,
                    9
                  ]
                ]
              },
              {
                "x": 7,
                "y": 8,
                "rot": 5,
                "ox": 1.9651612903225804,
                "oy": 1.9886524363228943,
                "noUp": false,
                "localX": false,
                "dist": 1.9828057415226825,
                "dy": 0,
                "dx": -2,
                "cells": [
                  [
                    8,
                    7
                  ],
                  [
                    9,
                    8
                  ],
                  [
                    7,
                    8
                  ]
                ]
              },
              {
                "x": 11,
                "y": 8,
                "rot": 5,
                "ox": -2.0348387096774196,
                "oy": 1.9886524363228943,
                "noUp": false,
                "localX": false,
                "dist": 2.000298984644584,
                "dy": 0,
                "dx": 2,
                "cells": [
                  [
                    12,
                    7
                  ],
                  [
                    13,
                    8
                  ],
                  [
                    11,
                    8
                  ]
                ]
              }
            ],
            "localFirst": {
              "x": 7,
              "y": 10,
              "rot": 5,
              "ox": 1.9651612903225804,
              "oy": -0.011347563677105654,
              "noUp": true,
              "localX": false,
              "dist": 0.9826297876853886,
              "dy": 2,
              "dx": -2,
              "cells": [
                [
                  8,
                  9
                ],
                [
                  9,
                  10
                ],
                [
                  7,
                  10
                ]
              ]
            },
            "topologyFirst": {
              "x": 7,
              "y": 10,
              "rot": 5,
              "ox": 1.9651612903225804,
              "oy": -0.011347563677105654,
              "noUp": true,
              "localX": false,
              "dist": 0.9826297876853886,
              "dy": 2,
              "dx": -2,
              "cells": [
                [
                  8,
                  9
                ],
                [
                  9,
                  10
                ],
                [
                  7,
                  10
                ]
              ]
            }
          }
        },
        "installAttempt": {
          "before": 1,
          "ids": [
            1,
            2,
            3
          ],
          "installed": false,
          "diag": {
            "ids": [
              1,
              2,
              3
            ],
            "reason": "linear-safe",
            "memberCount": 3,
            "gid": 12,
            "kinds": [
              "GROUP_SLOPE_TRANSLATE",
              "GROUP_SLOPE_TRANSLATE",
              "GROUP_SLOPE_TRANSLATE"
            ],
            "sameDisp": true,
            "linearSafe": true,
            "candidates": [],
            "movingSupports": []
          },
          "paths": [
            {
              "id": 1,
              "found": true,
              "kind": "GROUP_SLOPE_TRANSLATE",
              "arc": false
            },
            {
              "id": 2,
              "found": true,
              "kind": "GROUP_SLOPE_TRANSLATE",
              "arc": false
            },
            {
              "id": 3,
              "found": true,
              "kind": "GROUP_SLOPE_TRANSLATE",
              "arc": false
            }
          ]
        },
        "gid": 12,
        "kinds": [
          "GROUP_SLOPE_TRANSLATE",
          "GROUP_SLOPE_TRANSLATE",
          "GROUP_SLOPE_TRANSLATE"
        ],
        "sameDisp": true,
        "linearSafe": true,
        "candidates": [
          {
            "leader": 2,
            "support": 3001024,
            "ds": 1.000001,
            "de": 1,
            "midD": 0.9999504976095003,
            "da": 0.020000556434305983,
            "safe": true
          },
          {
            "leader": 2,
            "support": 3001020,
            "ds": 1.0172712075343622,
            "de": 1,
            "midD": 1.008622998205076,
            "da": 0.009999431852842022,
            "safe": true
          },
          {
            "leader": 3,
            "support": 3001024,
            "ds": 1.0172712075343622,
            "de": 1,
            "midD": 1.008622998205076,
            "da": 0.009999431852842022,
            "safe": true
          }
        ],
        "release": {
          "members": [
            {
              "id": 1,
              "logical": [
                10,
                9
              ],
              "role": 0,
              "orientation": "up",
              "bias": 1,
              "raw": null,
              "independent": {
                "from": [
                  10,
                  9
                ],
                "to": [
                  11,
                  10
                ],
                "kind": "ROLL_RIGHT",
                "pivot": null,
                "topPivot": [
                  10,
                  11
                ],
                "virtualPivot": false,
                "bundleId": 0,
                "groupSize": 0
              }
            },
            {
              "id": 2,
              "logical": [
                11,
                10
              ],
              "role": 1,
              "orientation": "up",
              "bias": 1,
              "raw": null,
              "independent": null
            },
            {
              "id": 3,
              "logical": [
                9,
                10
              ],
              "role": 2,
              "orientation": "up",
              "bias": 1,
              "raw": {
                "from": [
                  9,
                  10
                ],
                "to": [
                  8,
                  11
                ],
                "kind": "ROLL_LEFT",
                "pivot": [
                  10,
                  11
                ],
                "topPivot": null,
                "virtualPivot": false,
                "bundleId": 0,
                "groupSize": 0
              },
              "independent": {
                "from": [
                  9,
                  10
                ],
                "to": [
                  8,
                  11
                ],
                "kind": "ROLL_LEFT",
                "pivot": [
                  10,
                  11
                ],
                "topPivot": null,
                "virtualPivot": false,
                "bundleId": 0,
                "groupSize": 0
              }
            }
          ],
          "contacts": [
            {
              "kind": "ball",
              "memberId": 2,
              "supportId": 3001024,
              "x": 10,
              "y": 11,
              "side": -1
            },
            {
              "kind": "ball",
              "memberId": 2,
              "supportId": 3001020,
              "x": 12,
              "y": 11,
              "side": 1
            },
            {
              "kind": "ball",
              "memberId": 3,
              "supportId": 3001024,
              "x": 10,
              "y": 11,
              "side": 1
            }
          ],
          "rigidPlan": [
            {
              "from": [
                10,
                9
              ],
              "to": [
                11,
                10
              ],
              "kind": "PAIR_PIVOT",
              "pivot": [
                11,
                10
              ],
              "topPivot": null,
              "virtualPivot": false,
              "bundleId": 12,
              "groupSize": 0
            }
          ],
          "separator": {
            "dir": 1,
            "top": 1,
            "pairLower": 2,
            "solo": 3,
            "support": 3001024,
            "px": 10,
            "py": 11,
            "hitFraction": 0.5,
            "contactSide": "CENTER"
          },
          "visuals": [
            {
              "id": 1,
              "visual": [
                9.024270537674795,
                8.921781975015278
              ]
            },
            {
              "id": 2,
              "visual": [
                10.209963597029574,
                9.851680171772662
              ]
            },
            {
              "id": 3,
              "visual": [
                8.104671912485887,
                9.988652436322894
              ]
            }
          ],
          "preMove": {
            "reason": "ok",
            "dir": 1,
            "analysis": {
              "members": [
                {
                  "id": 1,
                  "logical": [
                    9,
                    8
                  ],
                  "role": 0,
                  "orientation": "up",
                  "bias": 1,
                  "raw": null,
                  "independent": {
                    "from": [
                      9,
                      8
                    ],
                    "to": [
                      9,
                      10
                    ],
                    "kind": "FREE_FALL",
                    "pivot": null,
                    "topPivot": null,
                    "virtualPivot": false,
                    "bundleId": 0,
                    "groupSize": 0
                  }
                },
                {
                  "id": 2,
                  "logical": [
                    10,
                    9
                  ],
                  "role": 1,
                  "orientation": "up",
                  "bias": 1,
                  "raw": {
                    "from": [
                      10,
                      9
                    ],
                    "to": [
                      11,
                      10
                    ],
                    "kind": "ROLL_RIGHT",
                    "pivot": null,
                    "topPivot": [
                      10,
                      11
                    ],
                    "virtualPivot": false,
                    "bundleId": 0,
                    "groupSize": 0
                  },
                  "independent": {
                    "from": [
                      10,
                      9
                    ],
                    "to": [
                      11,
                      10
                    ],
                    "kind": "ROLL_RIGHT",
                    "pivot": null,
                    "topPivot": [
                      10,
                      11
                    ],
                    "virtualPivot": false,
                    "bundleId": 0,
                    "groupSize": 0
                  }
                },
                {
                  "id": 3,
                  "logical": [
                    8,
                    9
                  ],
                  "role": 2,
                  "orientation": "up",
                  "bias": 1,
                  "raw": {
                    "from": [
                      8,
                      9
                    ],
                    "to": [
                      8,
                      11
                    ],
                    "kind": "FREE_FALL",
                    "pivot": null,
                    "topPivot": null,
                    "virtualPivot": false,
                    "bundleId": 0,
                    "groupSize": 0
                  },
                  "independent": {
                    "from": [
                      8,
                      9
                    ],
                    "to": [
                      8,
                      11
                    ],
                    "kind": "FREE_FALL",
                    "pivot": null,
                    "topPivot": null,
                    "virtualPivot": false,
                    "bundleId": 0,
                    "groupSize": 0
                  }
                }
              ],
              "contacts": [],
              "rigidPlan": [
                {
                  "from": [
                    9,
                    8
                  ],
                  "to": [
                    10,
                    9
                  ],
                  "kind": "GROUP_SLOPE_TRANSLATE",
                  "pivot": null,
                  "topPivot": [
                    9,
                    10
                  ],
                  "virtualPivot": true,
                  "bundleId": 12,
                  "groupSize": 3
                },
                {
                  "from": [
                    10,
                    9
                  ],
                  "to": [
                    11,
                    10
                  ],
                  "kind": "GROUP_SLOPE_TRANSLATE",
                  "pivot": null,
                  "topPivot": [
                    10,
                    11
                  ],
                  "virtualPivot": false,
                  "bundleId": 12,
                  "groupSize": 3
                },
                {
                  "from": [
                    8,
                    9
                  ],
                  "to": [
                    9,
                    10
                  ],
                  "kind": "GROUP_SLOPE_TRANSLATE",
                  "pivot": null,
                  "topPivot": [
                    8,
                    11
                  ],
                  "virtualPivot": true,
                  "bundleId": 12,
                  "groupSize": 3
                }
              ],
              "separator": null
            }
          }
        }
      }
    },
    {
      "type": "tracked-upward-motion",
      "seed": 17,
      "step": 1,
      "id": 2,
      "from": 9.988652436322894,
      "to": 9.851680171772662,
      "visual": [
        10.209963597029574,
        9.851680171772662
      ],
      "motion": {
        "from": [
          10.96516129032258,
          9.988652436322894
        ],
        "to": [
          11,
          10
        ],
        "kind": "GROUP_SLOPE_TRANSLATE",
        "pivot": null,
        "topPivot": [
          10,
          11
        ],
        "virtualPivot": false,
        "arc": null,
        "pathN": 1,
        "protect": 12,
        "gid": 12,
        "role": 1,
        "orientation": "up",
        "rigid": true
      },
      "arcDebug": null
    },
    {
      "type": "tracked-upward-motion",
      "seed": 17,
      "step": 2,
      "id": 1,
      "from": 8.921781975015278,
      "to": 8.885286925932359,
      "visual": [
        9.169431586507612,
        8.885286925932359
      ],
      "motion": {
        "from": [
          9.96516129032258,
          8.988652436322894
        ],
        "to": [
          10,
          9
        ],
        "kind": "GROUP_SLOPE_TRANSLATE",
        "pivot": null,
        "topPivot": [
          9,
          10
        ],
        "virtualPivot": false,
        "arc": null,
        "pathN": 1,
        "protect": 12,
        "gid": 12,
        "role": 0,
        "orientation": "up",
        "rigid": true
      },
      "arcDebug": null
    },
    {
      "type": "tracked-upward-motion",
      "seed": 17,
      "step": 3,
      "id": 1,
      "from": 8.885286925932359,
      "to": 8.87177581261478,
      "visual": [
        9.298952046318952,
        8.87177581261478
      ],
      "motion": {
        "from": [
          9.96516129032258,
          8.988652436322894
        ],
        "to": [
          10,
          9
        ],
        "kind": "GROUP_SLOPE_TRANSLATE",
        "pivot": null,
        "topPivot": [
          9,
          10
        ],
        "virtualPivot": false,
        "arc": null,
        "pathN": 1,
        "protect": 12,
        "gid": 12,
        "role": 0,
        "orientation": "up",
        "rigid": true
      },
      "arcDebug": null
    },
    {
      "type": "tracked-upward-motion",
      "seed": 17,
      "step": 4,
      "id": 1,
      "from": 8.87177581261478,
      "to": 8.87113242049933,
      "visual": [
        9.415179085661512,
        8.87113242049933
      ],
      "motion": {
        "from": [
          9.96516129032258,
          8.988652436322894
        ],
        "to": [
          10,
          9
        ],
        "kind": "GROUP_SLOPE_TRANSLATE",
        "pivot": null,
        "topPivot": [
          9,
          10
        ],
        "virtualPivot": false,
        "arc": null,
        "pathN": 1,
        "protect": 12,
        "gid": 12,
        "role": 0,
        "orientation": "up",
        "rigid": true
      },
      "arcDebug": null
    }
  ]
}
GARBAGE_BALL_INTERVAL_REGRESSION PASS {"expanded":19,"starts":[0.008333333333333333,1.2083333333333333,1.7266666666666666,2.4466666666666663,2.9549999999999996],"minGap":0.5083333333333333}
TOUCH_CONTROL_REGRESSION PASS
ATTACK_CONSERVATION_AUDIT {
  "stats": {},
  "bugs": []
}
BALL_CONSERVATION_FAST {
  "failures": []
}
LANDING_GUIDE_SMOKE {
  "failures": []
}
