SEED7_CONTACT_PASS_TRACE {
  "stages": [
    {
      "name": "after-updateVisuals",
      "pileClock": 28.458333333334927,
      "pair": 7.54983443527075,
      "analytic": {
        "a": [
          15,
          4.000000000000001
        ],
        "b": [
          0,
          5.000000000000001
        ],
        "d": 7.54983443527075
      },
      "a": {
        "v": [
          15,
          4.000000000000001
        ],
        "supports": []
      },
      "b": {
        "v": [
          0,
          5.000000000000001
        ],
        "supports": []
      },
      "nearby": [
        {
          "from": 60,
          "to": 61,
          "d": 1,
          "x": 13,
          "y": 4.000000000000001,
          "path": "",
          "coupled": false
        },
        {
          "from": 60,
          "to": 59,
          "d": 1,
          "x": 17,
          "y": 4.000000000000001,
          "path": "",
          "coupled": false
        },
        {
          "from": 60,
          "to": 51,
          "d": 1,
          "x": 14,
          "y": 5.000000000000001,
          "path": "",
          "coupled": false
        },
        {
          "from": 60,
          "to": 50,
          "d": 1,
          "x": 16,
          "y": 5.000000000000001,
          "path": "",
          "coupled": false
        },
        {
          "from": 58,
          "to": 31,
          "d": 1,
          "x": 2,
          "y": 5.000000000000001,
          "path": "",
          "coupled": false
        },
        {
          "from": 60,
          "to": 69,
          "d": 1.0000000000000007,
          "x": 14,
          "y": 3,
          "path": "",
          "coupled": false
        },
        {
          "from": 60,
          "to": 73,
          "d": 1.0000000000000007,
          "x": 16,
          "y": 3,
          "path": "",
          "coupled": false
        },
        {
          "from": 58,
          "to": 57,
          "d": 1.0000000000000007,
          "x": 1,
          "y": 4,
          "path": "",
          "coupled": false
        },
        {
          "from": 58,
          "to": 16,
          "d": 1.0000000014747983,
          "x": 1,
          "y": 6.000000001966399,
          "path": "",
          "coupled": false
        }
      ],
      "changed": []
    },
    {
      "name": "after-analytic-restore",
      "pileClock": 28.458333333334927,
      "pair": 7.54983443527075,
      "analytic": {
        "a": [
          15,
          4.000000000000001
        ],
        "b": [
          0,
          5.000000000000001
        ],
        "d": 7.54983443527075
      },
      "a": {
        "v": [
          15,
          4.000000000000001
        ],
        "supports": []
      },
      "b": {
        "v": [
          0,
          5.000000000000001
        ],
        "supports": []
      },
      "nearby": [
        {
          "from": 60,
          "to": 61,
          "d": 1,
          "x": 13,
          "y": 4.000000000000001,
          "path": "",
          "coupled": false
        },
        {
          "from": 60,
          "to": 59,
          "d": 1,
          "x": 17,
          "y": 4.000000000000001,
          "path": "",
          "coupled": false
        },
        {
          "from": 60,
          "to": 51,
          "d": 1,
          "x": 14,
          "y": 5.000000000000001,
          "path": "",
          "coupled": false
        },
        {
          "from": 60,
          "to": 50,
          "d": 1,
          "x": 16,
          "y": 5.000000000000001,
          "path": "",
          "coupled": false
        },
        {
          "from": 58,
          "to": 31,
          "d": 1,
          "x": 2,
          "y": 5.000000000000001,
          "path": "",
          "coupled": false
        },
        {
          "from": 60,
          "to": 69,
          "d": 1.0000000000000007,
          "x": 14,
          "y": 3,
          "path": "",
          "coupled": false
        },
        {
          "from": 60,
          "to": 73,
          "d": 1.0000000000000007,
          "x": 16,
          "y": 3,
          "path": "",
          "coupled": false
        },
        {
          "from": 58,
          "to": 57,
          "d": 1.0000000000000007,
          "x": 1,
          "y": 4,
          "path": "",
          "coupled": false
        },
        {
          "from": 58,
          "to": 16,
          "d": 1.0000000014747983,
          "x": 1,
          "y": 6.000000001966399,
          "path": "",
          "coupled": false
        }
      ],
      "changed": []
    },
    {
      "name": "after-baseSolve-1",
      "pileClock": 28.458333333334927,
      "pair": 7.54983443527075,
      "analytic": {
        "a": [
          15,
          4.000000000000001
        ],
        "b": [
          0,
          5.000000000000001
        ],
        "d": 7.54983443527075
      },
      "a": {
        "v": [
          15,
          4.000000000000001
        ],
        "supports": []
      },
      "b": {
        "v": [
          0,
          5.000000000000001
        ],
        "supports": []
      },
      "nearby": [
        {
          "from": 60,
          "to": 61,
          "d": 1,
          "x": 13,
          "y": 4.000000000000001,
          "path": "",
          "coupled": false
        },
        {
          "from": 60,
          "to": 59,
          "d": 1,
          "x": 17,
          "y": 4.000000000000001,
          "path": "",
          "coupled": false
        },
        {
          "from": 60,
          "to": 51,
          "d": 1,
          "x": 14,
          "y": 5.000000000000001,
          "path": "",
          "coupled": false
        },
        {
          "from": 60,
          "to": 50,
          "d": 1,
          "x": 16,
          "y": 5.000000000000001,
          "path": "",
          "coupled": false
        },
        {
          "from": 58,
          "to": 31,
          "d": 1,
          "x": 2,
          "y": 5.000000000000001,
          "path": "",
          "coupled": false
        },
        {
          "from": 60,
          "to": 69,
          "d": 1.0000000000000007,
          "x": 14,
          "y": 3,
          "path": "",
          "coupled": false
        },
        {
          "from": 60,
          "to": 73,
          "d": 1.0000000000000007,
          "x": 16,
          "y": 3,
          "path": "",
          "coupled": false
        },
        {
          "from": 58,
          "to": 57,
          "d": 1.0000000000000007,
          "x": 1,
          "y": 4,
          "path": "",
          "coupled": false
        },
        {
          "from": 58,
          "to": 16,
          "d": 1.0000000014747983,
          "x": 1,
          "y": 6.000000001966399,
          "path": "",
          "coupled": false
        }
      ],
      "changed": []
    },
    {
      "name": "after-baseSolve-2",
      "pileClock": 28.458333333334927,
      "pair": 7.54983443527075,
      "analytic": {
        "a": [
          15,
          4.000000000000001
        ],
        "b": [
          0,
          5.000000000000001
        ],
        "d": 7.54983443527075
      },
      "a": {
        "v": [
          15,
          4.000000000000001
        ],
        "supports": []
      },
      "b": {
        "v": [
          0,
          5.000000000000001
        ],
        "supports": []
      },
      "nearby": [
        {
          "from": 60,
          "to": 61,
          "d": 1,
          "x": 13,
          "y": 4.000000000000001,
          "path": "",
          "coupled": false
        },
        {
          "from": 60,
          "to": 59,
          "d": 1,
          "x": 17,
          "y": 4.000000000000001,
          "path": "",
          "coupled": false
        },
        {
          "from": 60,
          "to": 51,
          "d": 1,
          "x": 14,
          "y": 5.000000000000001,
          "path": "",
          "coupled": false
        },
        {
          "from": 60,
          "to": 50,
          "d": 1,
          "x": 16,
          "y": 5.000000000000001,
          "path": "",
          "coupled": false
        },
        {
          "from": 58,
          "to": 31,
          "d": 1,
          "x": 2,
          "y": 5.000000000000001,
          "path": "",
          "coupled": false
        },
        {
          "from": 60,
          "to": 69,
          "d": 1.0000000000000007,
          "x": 14,
          "y": 3,
          "path": "",
          "coupled": false
        },
        {
          "from": 60,
          "to": 73,
          "d": 1.0000000000000007,
          "x": 16,
          "y": 3,
          "path": "",
          "coupled": false
        },
        {
          "from": 58,
          "to": 57,
          "d": 1.0000000000000007,
          "x": 1,
          "y": 4,
          "path": "",
          "coupled": false
        },
        {
          "from": 58,
          "to": 16,
          "d": 1.0000000014747983,
          "x": 1,
          "y": 6.000000001966399,
          "path": "",
          "coupled": false
        }
      ],
      "changed": []
    },
    {
      "name": "after-baseSolve-3",
      "pileClock": 28.458333333334927,
      "pair": 7.54983443527075,
      "analytic": {
        "a": [
          15,
          4.000000000000001
        ],
        "b": [
          0,
          5.000000000000001
        ],
        "d": 7.54983443527075
      },
      "a": {
        "v": [
          15,
          4.000000000000001
        ],
        "supports": []
      },
      "b": {
        "v": [
          0,
          5.000000000000001
        ],
        "supports": []
      },
      "nearby": [
        {
          "from": 60,
          "to": 61,
          "d": 1,
          "x": 13,
          "y": 4.000000000000001,
          "path": "",
          "coupled": false
        },
        {
          "from": 60,
          "to": 59,
          "d": 1,
          "x": 17,
          "y": 4.000000000000001,
          "path": "",
          "coupled": false
        },
        {
          "from": 60,
          "to": 51,
          "d": 1,
          "x": 14,
          "y": 5.000000000000001,
          "path": "",
          "coupled": false
        },
        {
          "from": 60,
          "to": 50,
          "d": 1,
          "x": 16,
          "y": 5.000000000000001,
          "path": "",
          "coupled": false
        },
        {
          "from": 58,
          "to": 31,
          "d": 1,
          "x": 2,
          "y": 5.000000000000001,
          "path": "",
          "coupled": false
        },
        {
          "from": 60,
          "to": 69,
          "d": 1.0000000000000007,
          "x": 14,
          "y": 3,
          "path": "",
          "coupled": false
        },
        {
          "from": 60,
          "to": 73,
          "d": 1.0000000000000007,
          "x": 16,
          "y": 3,
          "path": "",
          "coupled": false
        },
        {
          "from": 58,
          "to": 57,
          "d": 1.0000000000000007,
          "x": 1,
          "y": 4,
          "path": "",
          "coupled": false
        },
        {
          "from": 58,
          "to": 16,
          "d": 1.0000000014747983,
          "x": 1,
          "y": 6.000000001966399,
          "path": "",
          "coupled": false
        }
      ],
      "changed": []
    },
    {
      "name": "after-waiter-restore",
      "pileClock": 28.458333333334927,
      "pair": 7.54983443527075,
      "analytic": {
        "a": [
          15,
          4.000000000000001
        ],
        "b": [
          0,
          5.000000000000001
        ],
        "d": 7.54983443527075
      },
      "a": {
        "v": [
          15,
          4.000000000000001
        ],
        "supports": []
      },
      "b": {
        "v": [
          0,
          5.000000000000001
        ],
        "supports": []
      },
      "nearby": [
        {
          "from": 60,
          "to": 61,
          "d": 1,
          "x": 13,
          "y": 4.000000000000001,
          "path": "",
          "coupled": false
        },
        {
          "from": 60,
          "to": 59,
          "d": 1,
          "x": 17,
          "y": 4.000000000000001,
          "path": "",
          "coupled": false
        },
        {
          "from": 60,
          "to": 51,
          "d": 1,
          "x": 14,
          "y": 5.000000000000001,
          "path": "",
          "coupled": false
        },
        {
          "from": 60,
          "to": 50,
          "d": 1,
          "x": 16,
          "y": 5.000000000000001,
          "path": "",
          "coupled": false
        },
        {
          "from": 58,
          "to": 31,
          "d": 1,
          "x": 2,
          "y": 5.000000000000001,
          "path": "",
          "coupled": false
        },
        {
          "from": 60,
          "to": 69,
          "d": 1.0000000000000007,
          "x": 14,
          "y": 3,
          "path": "",
          "coupled": false
        },
        {
          "from": 60,
          "to": 73,
          "d": 1.0000000000000007,
          "x": 16,
          "y": 3,
          "path": "",
          "coupled": false
        },
        {
          "from": 58,
          "to": 57,
          "d": 1.0000000000000007,
          "x": 1,
          "y": 4,
          "path": "",
          "coupled": false
        },
        {
          "from": 58,
          "to": 16,
          "d": 1.0000000014747983,
          "x": 1,
          "y": 6.000000001966399,
          "path": "",
          "coupled": false
        }
      ],
      "changed": []
    },
    {
      "name": "after-canonicalize",
      "pileClock": 28.458333333334927,
      "pair": 7.54983443527075,
      "analytic": {
        "a": [
          15,
          4.000000000000001
        ],
        "b": [
          0,
          5.000000000000001
        ],
        "d": 7.54983443527075
      },
      "a": {
        "v": [
          15,
          4.000000000000001
        ],
        "supports": []
      },
      "b": {
        "v": [
          0,
          5.000000000000001
        ],
        "supports": []
      },
      "nearby": [
        {
          "from": 60,
          "to": 61,
          "d": 1,
          "x": 13,
          "y": 4.000000000000001,
          "path": "",
          "coupled": false
        },
        {
          "from": 60,
          "to": 59,
          "d": 1,
          "x": 17,
          "y": 4.000000000000001,
          "path": "",
          "coupled": false
        },
        {
          "from": 60,
          "to": 51,
          "d": 1,
          "x": 14,
          "y": 5.000000000000001,
          "path": "",
          "coupled": false
        },
        {
          "from": 60,
          "to": 50,
          "d": 1,
          "x": 16,
          "y": 5.000000000000001,
          "path": "",
          "coupled": false
        },
        {
          "from": 58,
          "to": 31,
          "d": 1,
          "x": 2,
          "y": 5.000000000000001,
          "path": "",
          "coupled": false
        },
        {
          "from": 60,
          "to": 69,
          "d": 1.0000000000000007,
          "x": 14,
          "y": 3,
          "path": "",
          "coupled": false
        },
        {
          "from": 60,
          "to": 73,
          "d": 1.0000000000000007,
          "x": 16,
          "y": 3,
          "path": "",
          "coupled": false
        },
        {
          "from": 58,
          "to": 57,
          "d": 1.0000000000000007,
          "x": 1,
          "y": 4,
          "path": "",
          "coupled": false
        },
        {
          "from": 58,
          "to": 16,
          "d": 1.0000000014747983,
          "x": 1,
          "y": 6.000000001966399,
          "path": "",
          "coupled": false
        }
      ],
      "changed": []
    }
  ]
}
